******************************************************************************
                  TI ARM Linker PC v5.2.5                      
******************************************************************************
>> Linked Tue May 03 11:59:08 2016

OUTPUT FILE NAME:   <FreeRTOS823_3_TM4C1294_Base_Test.out>
ENTRY POINT SYMBOL: "_c_int00"  address: 00006af9


MEMORY CONFIGURATION

         name            origin    length      used     unused   attr    fill
----------------------  --------  ---------  --------  --------  ----  --------
  FLASH                 00000000   00100000  000077c4  000f883c  R  X
  SRAM                  20000000   00040000  0000db1c  000324e4  RW X


SEGMENT ALLOCATION MAP

run origin  load origin   length   init length attrs members
----------  ----------- ---------- ----------- ----- -------
00000000    00000000    000077c8   000077c8    r-x
  00000000    00000000    00000200   00000200    r-- .intvecs
  00000200    00000200    00007158   00007158    r-x .text
  00007358    00007358    0000038c   0000038c    r-- .const
  000076e8    000076e8    000000e0   000000e0    r-- .cinit
20000000    20000000    0000db1c   00000000    rw-
  20000000    20000000    0000c770   00000000    rw- .bss
  2000c770    2000c770    00000800   00000000    rw- .stack
  2000cf70    2000cf70    00000800   00000000    rw- .sysmem
  2000d770    2000d770    000003ac   00000000    rw- .data


SECTION ALLOCATION MAP

 output                                  attributes/
section   page    origin      length       input sections
--------  ----  ----------  ----------   ----------------
.intvecs   0    00000000    00000200     
                  00000000    00000200     TM4C_FreeRTOS_Base_Startup.obj (.intvecs)

.text      0    00000200    00007158     
                  00000200    000017d0     tasks.obj (.text)
                  000019d0    000010ba     rtsv7M4_T_le_v4SPD16_eabi.lib : _printfi.obj (.text)
                  00002a8a    00000002                                   : i_div0.obj (.text)
                  00002a8c    00000a08     queue.obj (.text)
                  00003494    00000538     timers.obj (.text)
                  000039cc    0000049c     uartstdio.obj (.text)
                  00003e68    000003dc     rtsv7M4_T_le_v4SPD16_eabi.lib : memory.obj (.text)
                  00004244    0000030c                                   : lowlev.obj (.text)
                  00004550    000002d4                                   : trgdrv.obj (.text)
                  00004824    00000204     driverlib.lib : sysctl.obj (.text:SysCtlClockFreqSet)
                  00004a28    000001f4     rtsv7M4_T_le_v4SPD16_eabi.lib : ull_div_t2.obj (.text)
                  00004c1c    000001c4                                   : fopen.obj (.text)
                  00004de0    000001b8     heap_2.obj (.text)
                  00004f98    000001b6     rtsv7M4_T_le_v4SPD16_eabi.lib : fd_add_t2.obj (.text)
                  0000514e    00000002     --HOLE-- [fill = 0]
                  00005150    00000184     Task_HeaterOn.obj (.text)
                  000052d4    00000136     rtsv7M4_T_le_v4SPD16_eabi.lib : fd_div_t2.obj (.text)
                  0000540a    00000002     --HOLE-- [fill = 0]
                  0000540c    00000134     port.obj (.text)
                  00005540    00000134     rtsv7M4_T_le_v4SPD16_eabi.lib : fputs.obj (.text)
                  00005674    00000132     driverlib.lib : gpio.obj (.text:GPIOPadConfigSet)
                  000057a6    0000012a     list.obj (.text)
                  000058d0    00000124     Main_Base_Test.obj (.text)
                  000059f4    0000011c     Processor_Initialization_TM4C1294.obj (.text)
                  00005b10    00000110     rtsv7M4_T_le_v4SPD16_eabi.lib : xdscale.obj (.text)
                  00005c20    00000104     Task_Uart.obj (.text)
                  00005d24    000000fc     Task_Simple_ADC.obj (.text)
                  00005e20    000000fc     rtsv7M4_T_le_v4SPD16_eabi.lib : fd_mul_t2.obj (.text)
                  00005f1c    000000dc                                   : setvbuf.obj (.text)
                  00005ff8    000000d2     portasm.obj (.text)
                  000060ca    00000002     --HOLE-- [fill = 0]
                  000060cc    000000c8     rtsv7M4_T_le_v4SPD16_eabi.lib : fflush.obj (.text)
                  00006194    000000be                                   : xdnorm.obj (.text)
                  00006252    000000ac                                   : _io_perm.obj (.text)
                  000062fe    0000009c                                   : memcpy_t2.obj (.text)
                  0000639a    00000002     --HOLE-- [fill = 0]
                  0000639c    00000098     Task_Report.obj (.text)
                  00006434    00000098     rtsv7M4_T_le_v4SPD16_eabi.lib : fclose.obj (.text)
                  000064cc    00000098                                   : fputc.obj (.text)
                  00006564    00000086                                   : fd_cmp_t2.obj (.text:__aeabi_cdcmple)
                  000065ea    00000086                                   : fd_cmp_t2.obj (.text:__aeabi_cdrcmple)
                  00006670    0000007a     driverlib.lib : adc.obj (.text:ADCSequenceStepConfigure)
                  000066ea    0000007a     rtsv7M4_T_le_v4SPD16_eabi.lib : memset_t2.obj (.text)
                  00006764    00000070     Task_Temp.obj (.text)
                  000067d4    00000070     rtsv7M4_T_le_v4SPD16_eabi.lib : printf.obj (.text)
                  00006844    0000006c                                   : autoinit.obj (.text)
                  000068b0    0000006a                                   : copy_decompress_rle.obj (.text)
                  0000691a    00000002     --HOLE-- [fill = 0]
                  0000691c    00000068                                   : trgmsg.obj (.text)
                  00006984    00000066                                   : xdunscal.obj (.text)
                  000069ea    00000002     --HOLE-- [fill = 0]
                  000069ec    00000064                                   : fseek.obj (.text)
                  00006a50    00000056                                   : ltoa.obj (.text)
                  00006aa6    00000052                                   : ldexp.obj (.text)
                  00006af8    00000050                                   : boot.obj (.text)
                  00006b48    0000004c     Task_Blinky.obj (.text)
                  00006b94    0000004c     rtsv7M4_T_le_v4SPD16_eabi.lib : atoi.obj (.text)
                  00006be0    0000004c                                   : cpy_tbl.obj (.text)
                  00006c2c    00000048     driverlib.lib : gpio.obj (.text:GPIOPinConfigure)
                  00006c74    00000048                   : sysctl.obj (.text:_SysCtlFrequencyGet)
                  00006cbc    00000048     rtsv7M4_T_le_v4SPD16_eabi.lib : fd_toi_t2.obj (.text)
                  00006d04    00000046     driverlib.lib : uart.obj (.text:UARTConfigSetExpClk)
                  00006d4a    00000002     --HOLE-- [fill = 0]
                  00006d4c    00000044     rtsv7M4_T_le_v4SPD16_eabi.lib : exit.obj (.text)
                  00006d90    00000044                                   : fd_tou_t2.obj (.text)
                  00006dd4    00000040                                   : signal.obj (.text)
                  00006e14    00000040                                   : u_divt2.obj (.text)
                  00006e54    0000003e     driverlib.lib : adc.obj (.text:ADCSequenceConfigure)
                  00006e92    00000002     --HOLE-- [fill = 0]
                  00006e94    00000038                   : sysctl.obj (.text:SysCtlPeripheralPresent)
                  00006ecc    00000034                   : sysctl.obj (.text:SysCtlPeripheralEnable)
                  00006f00    00000034     rtsv7M4_T_le_v4SPD16_eabi.lib : feraiseexcept.obj (.text)
                  00006f34    00000030                                   : strncpy.obj (.text)
                  00006f64    00000030                                   : xdclass.obj (.text)
                  00006f94    00000030                                   : xferaise.obj (.text)
                  00006fc4    0000002e     driverlib.lib : adc.obj (.text:ADCIntStatus)
                  00006ff2    0000002e     rtsv7M4_T_le_v4SPD16_eabi.lib : i_tofd_t2.obj (.text)
                  00007020    0000002e                                   : raise.obj (.text)
                  0000704e    0000002a     driverlib.lib : gpio.obj (.text:GPIODirModeSet)
                  00007078    0000002a     rtsv7M4_T_le_v4SPD16_eabi.lib : frexp.obj (.text)
                  000070a2    00000022     driverlib.lib : pwm.obj (.text:PWMGenConfigure)
                  000070c4    00000020                   : uart.obj (.text:UARTDisable)
                  000070e4    00000020                   : sysctl.obj (.text:_SysCtlMemTimingGet)
                  00007104    00000020     rtsv7M4_T_le_v4SPD16_eabi.lib : memchr.obj (.text)
                  00007124    00000020                                   : u_tofd_t2.obj (.text)
                  00007144    0000001e     driverlib.lib : adc.obj (.text:ADCSequenceDataGet)
                  00007162    0000001e                   : pwm.obj (.text:PWMPulseWidthSet)
                  00007180    0000001c     rtsv7M4_T_le_v4SPD16_eabi.lib : memccpy.obj (.text)
                  0000719c    00000018     driverlib.lib : adc.obj (.text:ADCProcessorTrigger)
                  000071b4    00000018                   : gpio.obj (.text:GPIOPinTypeGPIOOutput)
                  000071cc    00000018     rtsv7M4_T_le_v4SPD16_eabi.lib : args_main.obj (.text)
                  000071e4    00000018                                   : strcmp.obj (.text)
                  000071fc    00000016                                   : strchr.obj (.text)
                  00007212    00000002     --HOLE-- [fill = 0]
                  00007214    00000014     driverlib.lib : sysctl.obj (.text:SysCtlPWMClockSet)
                  00007228    00000014                   : uart.obj (.text:UARTEnable)
                  0000723c    00000014     rtsv7M4_T_le_v4SPD16_eabi.lib : _lock.obj (.text)
                  00007250    00000014                                   : strcpy.obj (.text)
                  00007264    00000014                                   : strlen.obj (.text)
                  00007278    00000012     driverlib.lib : gpio.obj (.text:GPIOPinTypePWM)
                  0000728a    00000012                   : gpio.obj (.text:GPIOPinTypeUART)
                  0000729c    00000012                   : pwm.obj (.text:PWMGenPeriodGet)
                  000072ae    00000012                   : pwm.obj (.text:PWMOutputState)
                  000072c0    00000010                   : pwm.obj (.text:PWMGenPeriodSet)
                  000072d0    0000000e                   : adc.obj (.text:ADCSequenceEnable)
                  000072de    0000000e                   : uart.obj (.text:UARTCharsAvail)
                  000072ec    0000000e     rtsv7M4_T_le_v4SPD16_eabi.lib : copy_decompress_none.obj (.text:decompress:none)
                  000072fa    0000000c     driverlib.lib : pwm.obj (.text:PWMGenEnable)
                  00007306    0000000c     TM4C_FreeRTOS_Base_Startup.obj (.text)
                  00007312    0000000c     rtsv7M4_T_le_v4SPD16_eabi.lib : copy_zero_init.obj (.text:decompress:ZI)
                  0000731e    0000000a     driverlib.lib : adc.obj (.text:ADCIntClear)
                  00007328    0000000a                   : uart.obj (.text:UARTCharGet)
                  00007332    0000000a                   : uart.obj (.text:UARTCharPut)
                  0000733c    00000006                   : gpio.obj (.text:GPIOPinRead)
                  00007342    00000006                   : gpio.obj (.text:GPIOPinWrite)
                  00007348    00000006                   : uart.obj (.text:UARTClockSourceSet)
                  0000734e    00000006     rtsv7M4_T_le_v4SPD16_eabi.lib : copy_decompress_rle.obj (.text:decompress:rle24)
                  00007354    00000004                                   : pre_init.obj (.text)

.const     0    00007358    0000038c     
                  00007358    00000120     driverlib.lib : sysctl.obj (.const:g_pppui32XTALtoVCO)
                  00007478    00000101     rtsv7M4_T_le_v4SPD16_eabi.lib : ctype.obj (.const:.string:_ctypes_)
                  00007579    00000001     --HOLE-- [fill = 0]
                  0000757a    00000002     heap_2.obj (.const)
                  0000757c    00000090     driverlib.lib : gpio.obj (.const:g_pui32GPIOBaseAddrs)
                  0000760c    0000006c                   : sysctl.obj (.const:g_pui32Xtals)
                  00007678    00000030                   : sysctl.obj (.const:g_sXTALtoMEMTIM)
                  000076a8    0000001c     uartstdio.obj (.const)
                  000076c4    00000012     uartstdio.obj (.const:.string)
                  000076d6    00000002     --HOLE-- [fill = 0]
                  000076d8    00000008     driverlib.lib : sysctl.obj (.const)
                  000076e0    00000004     port.obj (.const)

.cinit     0    000076e8    000000e0     
                  000076e8    000000b8     (.cinit..data.load) [load image, compression = rle]
                  000077a0    0000000c     (__TI_handler_table)
                  000077ac    00000004     --HOLE-- [fill = 0]
                  000077b0    00000008     (.cinit..bss.load) [load image, compression = zero_init]
                  000077b8    00000010     (__TI_cinit_table)

.init_array 
*          0    00000000    00000000     UNINITIALIZED

.bss       0    20000000    0000c770     UNINITIALIZED
                  20000000    0000c350     heap_2.obj (.bss:xHeap)
                  2000c350    00000120     rtsv7M4_T_le_v4SPD16_eabi.lib : trgmsg.obj (.bss:__CIOBUF_)
                  2000c470    00000100     TM4C_FreeRTOS_Base_Startup.obj (.bss:pulStack)
                  2000c570    000000a0     rtsv7M4_T_le_v4SPD16_eabi.lib : defs.obj (.bss:__TI_tmpnams)
                  2000c610    00000064     tasks.obj (.bss:pxReadyTasksLists)
                  2000c674    00000040     queue.obj (.bss:xQueueRegistry)
                  2000c6b4    00000014     (.common:xActiveTimerList1)
                  2000c6c8    00000014     (.common:xActiveTimerList2)
                  2000c6dc    00000014     (.common:xDelayedTaskList1)
                  2000c6f0    00000014     (.common:xDelayedTaskList2)
                  2000c704    00000014     (.common:xPendingReadyList)
                  2000c718    00000014     (.common:xSuspendedTaskList)
                  2000c72c    00000014     (.common:xTasksWaitingTermination)
                  2000c740    00000008     (.common:parmbuf)
                  2000c748    00000008     (.common:xEnd)
                  2000c750    00000008     (.common:xStart)
                  2000c758    00000004     (.common:iqueue_count)
                  2000c75c    00000004     (.common:pxCurrentTimerList)
                  2000c760    00000004     (.common:pxDelayedTaskList)
                  2000c764    00000004     (.common:pxOverflowDelayedTaskList)
                  2000c768    00000004     (.common:pxOverflowTimerList)
                  2000c76c    00000004     (.common:rqueue_count)

.TI.noinit 
*          0    20000000    00000000     UNINITIALIZED

.stack     0    2000c770    00000800     UNINITIALIZED
                  2000c770    00000800     --HOLE--

.sysmem    0    2000cf70    00000800     UNINITIALIZED
                  2000cf70    00000008     rtsv7M4_T_le_v4SPD16_eabi.lib : memory.obj (.sysmem)
                  2000cf78    000007f8     --HOLE--

.data      0    2000d770    000003ac     UNINITIALIZED
                  2000d770    000000f0     rtsv7M4_T_le_v4SPD16_eabi.lib : defs.obj (.data:_ftable)
                  2000d860    000000d0                                   : lowlev.obj (.data)
                  2000d930    000000b0                                   : signal.obj (.data:sigtable)
                  2000d9e0    00000080                                   : xvalues.obj (.data)
                  2000da60    00000030     tasks.obj (.data)
                  2000da90    00000024     Processor_Initialization_TM4C1294.obj (.data)
                  2000dab4    00000010     rtsv7M4_T_le_v4SPD16_eabi.lib : defs.obj (.data)
                  2000dac4    0000000c                                   : memory.obj (.data)
                  2000dad0    00000008     Task_HeaterOn.obj (.data)
                  2000dad8    00000008     heap_2.obj (.data)
                  2000dae0    00000008     port.obj (.data)
                  2000dae8    00000008     rtsv7M4_T_le_v4SPD16_eabi.lib : _lock.obj (.data)
                  2000daf0    00000008                                   : exit.obj (.data)
                  2000daf8    00000008                                   : feraiseexcept.obj (.data)
                  2000db00    00000008     timers.obj (.data)
                  2000db08    00000005     uartstdio.obj (.data)
                  2000db0d    00000003     --HOLE--
                  2000db10    00000004     rtsv7M4_T_le_v4SPD16_eabi.lib : errno.obj (.data)
                  2000db14    00000004                                   : fopen.obj (.data)
                  2000db18    00000004                                   : stkdepth_vars.obj (.data)

.TI.persistent 
*          0    2000d770    00000000     UNINITIALIZED


LINKER GENERATED COPY TABLES

__TI_cinit_table @ 000077b8 records: 2, size/record: 8, table size: 16
	.data: load addr=000076e8, load size=000000b8 bytes, run addr=2000d770, run size=000003ac bytes, compression=rle
	.bss: load addr=000077b0, load size=00000008 bytes, run addr=20000000, run size=0000c770 bytes, compression=zero_init


LINKER GENERATED HANDLER TABLE

__TI_handler_table @ 000077a0 records: 3, size/record: 4, table size: 12
	index: 0, handler: __TI_decompress_rle24
	index: 1, handler: __TI_decompress_none
	index: 2, handler: __TI_zero_init


GLOBAL SYMBOLS: SORTED ALPHABETICALLY BY Name 

address   name                             
-------   ----                             
0000731f  ADCIntClear                      
00006fc5  ADCIntStatus                     
0000719d  ADCProcessorTrigger              
00006e55  ADCSequenceConfigure             
00007145  ADCSequenceDataGet               
000072d1  ADCSequenceEnable                
00006671  ADCSequenceStepConfigure         
2000da94  ADC_Queue                        
00006d4d  C$$EXIT                          
0000694b  C$$IO$$                          
2000dab0  FPUInitFlag                      
0000704f  GPIODirModeSet                   
00005675  GPIOPadConfigSet                 
00006c2d  GPIOPinConfigure                 
0000733d  GPIOPinRead                      
000071b5  GPIOPinTypeGPIOOutput            
00007279  GPIOPinTypePWM                   
0000728b  GPIOPinTypeUART                  
00007343  GPIOPinWrite                     
000047dd  HOSTclock                        
000047a5  HOSTclose                        
00004767  HOSTgetenv                       
0000470b  HOSTlseek                        
000046b9  HOSTopen                         
0000466d  HOSTread                         
0000460f  HOSTrename                       
000045d5  HOSTtime                         
0000459d  HOSTunlink                       
00004551  HOSTwrite                        
2000da98  Heater_Queue                     
2000daa0  Inp_Queue                        
000070a3  PWMGenConfigure                  
000072fb  PWMGenEnable                     
0000729d  PWMGenPeriodGet                  
000072c1  PWMGenPeriodSet                  
000072af  PWMOutputState                   
00007163  PWMPulseWidthSet                 
2000daa8  ProcessorInitFlag                
000059f5  Processor_Initialization         
00005a8b  Queue_Initialization             
2000da90  ReportData_Queue                 
00007307  ResetISR                         
UNDEFED   SHT$$INIT_ARRAY$$Base            
UNDEFED   SHT$$INIT_ARRAY$$Limit           
00004825  SysCtlClockFreqSet               
00007215  SysCtlPWMClockSet                
00006ecd  SysCtlPeripheralEnable           
00006e95  SysCtlPeripheralPresent          
00006b49  Task_Blink_LED_D1                
00005151  Task_HeaterOn                    
0000639d  Task_Report                      
00005d25  Task_Simple_ADC0_Ch0             
00006765  Task_Temp                        
00005c21  Task_UART_0                      
2000da9c  Temp_Queue                       
00007329  UARTCharGet                      
00007333  UARTCharPut                      
000072df  UARTCharsAvail                   
00007349  UARTClockSourceSet               
00006d05  UARTConfigSetExpClk              
000070c5  UARTDisable                      
00007229  UARTEnable                       
000039cd  UARTStdioConfig                  
2000daac  UARTStdioInitFlag                
00005a19  UART_Initialization              
00003b13  UARTgetc                         
00003a59  UARTgets                         
00003e33  UARTprintf                       
00003b39  UARTvprintf                      
00003a13  UARTwrite                        
00006f65  _Dclass                          
2000d9e0  _Denorm                          
00006195  _Dnorm                           
00005b11  _Dscale                          
00006985  _Dunscale                        
2000d9f0  _Eps                             
2000db10  _Errno                           
2000daf8  _Fenv                            
00006f95  _Feraise                         
2000da00  _Hugeval                         
2000da10  _Inf                             
2000da20  _Nan                             
2000da40  _Rteps                           
2000da30  _Snan                            
2000dafc  _Tls_setup__Fenv                 
2000da50  _Xbig                            
2000da58  _Zero                            
2000c350  __CIOBUF_                        
2000cf70  __STACK_END                      
00000800  __STACK_SIZE                     
2000c970  __STACK_TOP                      
00000800  __SYSMEM_SIZE                    
000077b8  __TI_CINIT_Base                  
000077c8  __TI_CINIT_Limit                 
000077a0  __TI_Handler_Table_Base          
000077ac  __TI_Handler_Table_Limit         
00006845  __TI_auto_init                   
00004ce5  __TI_cleanup                     
2000daf0  __TI_cleanup_ptr                 
00006435  __TI_closefile                   
000072ed  __TI_decompress_none             
0000734f  __TI_decompress_rle24            
000060cd  __TI_doflush                     
2000daf4  __TI_dtors_ptr                   
2000dab4  __TI_ft_end                      
00002785  __TI_printfi                     
000062b5  __TI_rd_ok                       
0000694f  __TI_readmsg                     
00000000  __TI_static_base__               
2000c570  __TI_tmpnams                     
0000691d  __TI_writemsg                    
00006253  __TI_wrt_ok                      
00007313  __TI_zero_init                   
00006565  __aeabi_cdcmpeq                  
00006565  __aeabi_cdcmple                  
000065eb  __aeabi_cdrcmple                 
00006cbd  __aeabi_d2iz                     
00006d91  __aeabi_d2uiz                    
00004fa3  __aeabi_dadd                     
000052d5  __aeabi_ddiv                     
00005e21  __aeabi_dmul                     
00004f99  __aeabi_dsub                     
00006ff3  __aeabi_i2d                      
00002a8b  __aeabi_idiv0                    
000066eb  __aeabi_memclr                   
000066eb  __aeabi_memclr4                  
000066eb  __aeabi_memclr8                  
000062ff  __aeabi_memcpy                   
000062ff  __aeabi_memcpy4                  
000062ff  __aeabi_memcpy8                  
000066ed  __aeabi_memset                   
000066ed  __aeabi_memset4                  
000066ed  __aeabi_memset8                  
2000dac0  __aeabi_stderr                   
2000dab8  __aeabi_stdin                    
2000dabc  __aeabi_stdout                   
00007125  __aeabi_ui2d                     
00006e15  __aeabi_uidiv                    
00006e15  __aeabi_uidivmod                 
00004a29  __aeabi_uldivmod                 
ffffffff  __binit__                        
ffffffff  __c_args__                       
2000c770  __stack                          
000071cd  _args_main                       
00006af9  _c_int00                         
00007478  _ctypes_                         
2000d770  _ftable                          
2000dae8  _lock                            
0000724b  _nop                             
00007243  _register_lock                   
0000723d  _register_unlock                 
2000cf70  _sys_memory                      
00007355  _system_pre_init                 
2000daec  _unlock                          
00006d51  abort                            
000044a5  add_device                       
00006b95  atoi                             
ffffffff  binit                            
00004211  calloc                           
00004455  close                            
00006be1  copy_in                          
00006d59  exit                             
0000649b  fclose                           
00006f01  feraiseexcept                    
00006119  fflush                           
00004d3b  fopen                            
000064cd  fputc                            
00005541  fputs                            
00003f5f  free                             
00004d11  freopen                          
00007079  frexp                            
000069ed  fseek                            
00000000  g_pfnVectors                     
2000daa4  g_ulSystemClock                  
2000dad0  hqueue_count                     
2000c758  iqueue_count                     
00006aa7  ldexp                            
00004431  lseek                            
00006a51  ltoa                             
000058d1  main                             
2000db18  main_func_sp                     
00003ef7  malloc                           
0000412d  memalign                         
00007181  memccpy                          
00007105  memchr                           
000062ff  memcpy                           
000066f3  memset                           
00003e69  minit                            
00004383  open                             
00003591  pcTimerGetTimerName              
000067dd  printf                           
000064cd  putc                             
00006551  putchar                          
0000564d  puts                             
00004de1  pvPortMalloc                     
0000150f  pvTaskIncrementMutexHeldCount    
0000397d  pvTimerGetTimerID                
2000da60  pxCurrentTCB                     
0000540d  pxPortInitialiseStack            
00007021  raise                            
0000435f  read                             
00004021  realloc                          
000042d5  remove                           
00004337  remove_device                    
000042f9  rename                           
2000c76c  rqueue_count                     
00005f1d  setvbuf                          
00006dd5  signal                           
000071fd  strchr                           
000071e5  strcmp                           
00007251  strcpy                           
00007265  strlen                           
00006f35  strncpy                          
2000dad4  target_temp                      
000031ad  ucQueueGetQueueType              
000076e0  ulMaxSyscallInterruptPriority    
00006009  ulPortGetIPSR                    
00001527  ulTaskNotifyTake                 
000042d5  unlink                           
00005889  uxListRemove                     
0000318d  uxQueueGetQueueNumber            
0000312f  uxQueueMessagesWaiting           
00003165  uxQueueMessagesWaitingFromISR    
00003145  uxQueueSpacesAvailable           
000009f5  uxTaskGetNumberOfTasks           
00000a05  uxTaskGetSystemState             
00000f37  uxTaskGetTaskNumber              
000004bb  uxTaskPriorityGet                
000004ed  uxTaskPriorityGetFromISR         
000014ed  uxTaskResetEventItemValue        
000057a7  vListInitialise                  
000057d7  vListInitialiseItem              
00005823  vListInsert                      
000057e7  vListInsertEnd                   
000060bd  vPortEnableVFP                   
000054a9  vPortEndScheduler                
000054ab  vPortEnterCritical               
000054cb  vPortExitCritical                
00004f0d  vPortFree                        
00004f75  vPortInitialiseBlocks            
00006081  vPortSVCHandler                  
0000550f  vPortSetupTimerInterrupt         
000060a1  vPortStartFirstTask              
000033bb  vQueueAddToRegistry              
00003177  vQueueDelete                     
0000319b  vQueueSetQueueNumber             
000033fd  vQueueUnregisterQueue            
00003437  vQueueWaitForMessageRestricted   
0000045f  vTaskDelay                       
000003b7  vTaskDelayUntil                  
0000031b  vTaskDelete                      
000008c1  vTaskEndScheduler                
00000f2f  vTaskMissedYield                 
000018d9  vTaskNotifyGiveFromISR           
00000c65  vTaskPlaceOnEventList            
00000d3d  vTaskPlaceOnEventListRestricted  
00000cc5  vTaskPlaceOnUnorderedEventList   
00001395  vTaskPriorityInherit             
00000541  vTaskPrioritySet                 
00000749  vTaskResume                      
00000f5d  vTaskSetTaskNumber               
00000e8f  vTaskSetTimeOutState             
0000085d  vTaskStartScheduler              
00000655  vTaskSuspend                     
000008e1  vTaskSuspendAll                  
00000bf9  vTaskSwitchContext               
00003997  vTimerSetTimerID                 
00004245  write                            
00004f6f  xPortGetFreeHeapSize             
00006021  xPortPendSVHandler               
00005473  xPortStartScheduler              
2000dae4  xPortSysTickCount                
000054e1  xPortSysTickHandler              
00002c95  xQueueCreateCountingSemaphore    
00002b99  xQueueCreateMutex                
00002b29  xQueueGenericCreate              
00002ee9  xQueueGenericReceive             
00002a8d  xQueueGenericReset               
00002cb5  xQueueGenericSend                
00002ddd  xQueueGenericSendFromISR         
00002e69  xQueueGiveFromISR                
00002c0f  xQueueGiveMutexRecursive         
00003357  xQueueIsQueueEmptyFromISR        
00003399  xQueueIsQueueFullFromISR         
000030dd  xQueuePeekFromISR                
00003057  xQueueReceiveFromISR             
2000c674  xQueueRegistry                   
00002c4b  xQueueTakeMutexRecursive         
00000eb5  xTaskCheckForTimeOut             
00000201  xTaskGenericCreate               
000016df  xTaskGenericNotify               
000017d1  xTaskGenericNotifyFromISR        
00001349  xTaskGetCurrentTaskHandle        
00001361  xTaskGetSchedulerState           
000009d1  xTaskGetTickCount                
000009e1  xTaskGetTickCountFromISR         
00000ad5  xTaskIncrementTick               
0000197f  xTaskNotifyStateClear            
000015f5  xTaskNotifyWait                  
0000144f  xTaskPriorityDisinherit          
00000da1  xTaskRemoveFromEventList         
00000e21  xTaskRemoveFromUnorderedEventList
000008f5  xTaskResumeAll                   
000007cb  xTaskResumeFromISR               
000034cf  xTimerCreate                     
00003495  xTimerCreateTimerTask            
00003523  xTimerGenericCommand             
00003951  xTimerIsTimerActive              


GLOBAL SYMBOLS: SORTED BY Symbol Address 

address   name                             
-------   ----                             
00000000  __TI_static_base__               
00000000  g_pfnVectors                     
00000201  xTaskGenericCreate               
0000031b  vTaskDelete                      
000003b7  vTaskDelayUntil                  
0000045f  vTaskDelay                       
000004bb  uxTaskPriorityGet                
000004ed  uxTaskPriorityGetFromISR         
00000541  vTaskPrioritySet                 
00000655  vTaskSuspend                     
00000749  vTaskResume                      
000007cb  xTaskResumeFromISR               
00000800  __STACK_SIZE                     
00000800  __SYSMEM_SIZE                    
0000085d  vTaskStartScheduler              
000008c1  vTaskEndScheduler                
000008e1  vTaskSuspendAll                  
000008f5  xTaskResumeAll                   
000009d1  xTaskGetTickCount                
000009e1  xTaskGetTickCountFromISR         
000009f5  uxTaskGetNumberOfTasks           
00000a05  uxTaskGetSystemState             
00000ad5  xTaskIncrementTick               
00000bf9  vTaskSwitchContext               
00000c65  vTaskPlaceOnEventList            
00000cc5  vTaskPlaceOnUnorderedEventList   
00000d3d  vTaskPlaceOnEventListRestricted  
00000da1  xTaskRemoveFromEventList         
00000e21  xTaskRemoveFromUnorderedEventList
00000e8f  vTaskSetTimeOutState             
00000eb5  xTaskCheckForTimeOut             
00000f2f  vTaskMissedYield                 
00000f37  uxTaskGetTaskNumber              
00000f5d  vTaskSetTaskNumber               
00001349  xTaskGetCurrentTaskHandle        
00001361  xTaskGetSchedulerState           
00001395  vTaskPriorityInherit             
0000144f  xTaskPriorityDisinherit          
000014ed  uxTaskResetEventItemValue        
0000150f  pvTaskIncrementMutexHeldCount    
00001527  ulTaskNotifyTake                 
000015f5  xTaskNotifyWait                  
000016df  xTaskGenericNotify               
000017d1  xTaskGenericNotifyFromISR        
000018d9  vTaskNotifyGiveFromISR           
0000197f  xTaskNotifyStateClear            
00002785  __TI_printfi                     
00002a8b  __aeabi_idiv0                    
00002a8d  xQueueGenericReset               
00002b29  xQueueGenericCreate              
00002b99  xQueueCreateMutex                
00002c0f  xQueueGiveMutexRecursive         
00002c4b  xQueueTakeMutexRecursive         
00002c95  xQueueCreateCountingSemaphore    
00002cb5  xQueueGenericSend                
00002ddd  xQueueGenericSendFromISR         
00002e69  xQueueGiveFromISR                
00002ee9  xQueueGenericReceive             
00003057  xQueueReceiveFromISR             
000030dd  xQueuePeekFromISR                
0000312f  uxQueueMessagesWaiting           
00003145  uxQueueSpacesAvailable           
00003165  uxQueueMessagesWaitingFromISR    
00003177  vQueueDelete                     
0000318d  uxQueueGetQueueNumber            
0000319b  vQueueSetQueueNumber             
000031ad  ucQueueGetQueueType              
00003357  xQueueIsQueueEmptyFromISR        
00003399  xQueueIsQueueFullFromISR         
000033bb  vQueueAddToRegistry              
000033fd  vQueueUnregisterQueue            
00003437  vQueueWaitForMessageRestricted   
00003495  xTimerCreateTimerTask            
000034cf  xTimerCreate                     
00003523  xTimerGenericCommand             
00003591  pcTimerGetTimerName              
00003951  xTimerIsTimerActive              
0000397d  pvTimerGetTimerID                
00003997  vTimerSetTimerID                 
000039cd  UARTStdioConfig                  
00003a13  UARTwrite                        
00003a59  UARTgets                         
00003b13  UARTgetc                         
00003b39  UARTvprintf                      
00003e33  UARTprintf                       
00003e69  minit                            
00003ef7  malloc                           
00003f5f  free                             
00004021  realloc                          
0000412d  memalign                         
00004211  calloc                           
00004245  write                            
000042d5  remove                           
000042d5  unlink                           
000042f9  rename                           
00004337  remove_device                    
0000435f  read                             
00004383  open                             
00004431  lseek                            
00004455  close                            
000044a5  add_device                       
00004551  HOSTwrite                        
0000459d  HOSTunlink                       
000045d5  HOSTtime                         
0000460f  HOSTrename                       
0000466d  HOSTread                         
000046b9  HOSTopen                         
0000470b  HOSTlseek                        
00004767  HOSTgetenv                       
000047a5  HOSTclose                        
000047dd  HOSTclock                        
00004825  SysCtlClockFreqSet               
00004a29  __aeabi_uldivmod                 
00004ce5  __TI_cleanup                     
00004d11  freopen                          
00004d3b  fopen                            
00004de1  pvPortMalloc                     
00004f0d  vPortFree                        
00004f6f  xPortGetFreeHeapSize             
00004f75  vPortInitialiseBlocks            
00004f99  __aeabi_dsub                     
00004fa3  __aeabi_dadd                     
00005151  Task_HeaterOn                    
000052d5  __aeabi_ddiv                     
0000540d  pxPortInitialiseStack            
00005473  xPortStartScheduler              
000054a9  vPortEndScheduler                
000054ab  vPortEnterCritical               
000054cb  vPortExitCritical                
000054e1  xPortSysTickHandler              
0000550f  vPortSetupTimerInterrupt         
00005541  fputs                            
0000564d  puts                             
00005675  GPIOPadConfigSet                 
000057a7  vListInitialise                  
000057d7  vListInitialiseItem              
000057e7  vListInsertEnd                   
00005823  vListInsert                      
00005889  uxListRemove                     
000058d1  main                             
000059f5  Processor_Initialization         
00005a19  UART_Initialization              
00005a8b  Queue_Initialization             
00005b11  _Dscale                          
00005c21  Task_UART_0                      
00005d25  Task_Simple_ADC0_Ch0             
00005e21  __aeabi_dmul                     
00005f1d  setvbuf                          
00006009  ulPortGetIPSR                    
00006021  xPortPendSVHandler               
00006081  vPortSVCHandler                  
000060a1  vPortStartFirstTask              
000060bd  vPortEnableVFP                   
000060cd  __TI_doflush                     
00006119  fflush                           
00006195  _Dnorm                           
00006253  __TI_wrt_ok                      
000062b5  __TI_rd_ok                       
000062ff  __aeabi_memcpy                   
000062ff  __aeabi_memcpy4                  
000062ff  __aeabi_memcpy8                  
000062ff  memcpy                           
0000639d  Task_Report                      
00006435  __TI_closefile                   
0000649b  fclose                           
000064cd  fputc                            
000064cd  putc                             
00006551  putchar                          
00006565  __aeabi_cdcmpeq                  
00006565  __aeabi_cdcmple                  
000065eb  __aeabi_cdrcmple                 
00006671  ADCSequenceStepConfigure         
000066eb  __aeabi_memclr                   
000066eb  __aeabi_memclr4                  
000066eb  __aeabi_memclr8                  
000066ed  __aeabi_memset                   
000066ed  __aeabi_memset4                  
000066ed  __aeabi_memset8                  
000066f3  memset                           
00006765  Task_Temp                        
000067dd  printf                           
00006845  __TI_auto_init                   
0000691d  __TI_writemsg                    
0000694b  C$$IO$$                          
0000694f  __TI_readmsg                     
00006985  _Dunscale                        
000069ed  fseek                            
00006a51  ltoa                             
00006aa7  ldexp                            
00006af9  _c_int00                         
00006b49  Task_Blink_LED_D1                
00006b95  atoi                             
00006be1  copy_in                          
00006c2d  GPIOPinConfigure                 
00006cbd  __aeabi_d2iz                     
00006d05  UARTConfigSetExpClk              
00006d4d  C$$EXIT                          
00006d51  abort                            
00006d59  exit                             
00006d91  __aeabi_d2uiz                    
00006dd5  signal                           
00006e15  __aeabi_uidiv                    
00006e15  __aeabi_uidivmod                 
00006e55  ADCSequenceConfigure             
00006e95  SysCtlPeripheralPresent          
00006ecd  SysCtlPeripheralEnable           
00006f01  feraiseexcept                    
00006f35  strncpy                          
00006f65  _Dclass                          
00006f95  _Feraise                         
00006fc5  ADCIntStatus                     
00006ff3  __aeabi_i2d                      
00007021  raise                            
0000704f  GPIODirModeSet                   
00007079  frexp                            
000070a3  PWMGenConfigure                  
000070c5  UARTDisable                      
00007105  memchr                           
00007125  __aeabi_ui2d                     
00007145  ADCSequenceDataGet               
00007163  PWMPulseWidthSet                 
00007181  memccpy                          
0000719d  ADCProcessorTrigger              
000071b5  GPIOPinTypeGPIOOutput            
000071cd  _args_main                       
000071e5  strcmp                           
000071fd  strchr                           
00007215  SysCtlPWMClockSet                
00007229  UARTEnable                       
0000723d  _register_unlock                 
00007243  _register_lock                   
0000724b  _nop                             
00007251  strcpy                           
00007265  strlen                           
00007279  GPIOPinTypePWM                   
0000728b  GPIOPinTypeUART                  
0000729d  PWMGenPeriodGet                  
000072af  PWMOutputState                   
000072c1  PWMGenPeriodSet                  
000072d1  ADCSequenceEnable                
000072df  UARTCharsAvail                   
000072ed  __TI_decompress_none             
000072fb  PWMGenEnable                     
00007307  ResetISR                         
00007313  __TI_zero_init                   
0000731f  ADCIntClear                      
00007329  UARTCharGet                      
00007333  UARTCharPut                      
0000733d  GPIOPinRead                      
00007343  GPIOPinWrite                     
00007349  UARTClockSourceSet               
0000734f  __TI_decompress_rle24            
00007355  _system_pre_init                 
00007478  _ctypes_                         
000076e0  ulMaxSyscallInterruptPriority    
000077a0  __TI_Handler_Table_Base          
000077ac  __TI_Handler_Table_Limit         
000077b8  __TI_CINIT_Base                  
000077c8  __TI_CINIT_Limit                 
2000c350  __CIOBUF_                        
2000c570  __TI_tmpnams                     
2000c674  xQueueRegistry                   
2000c758  iqueue_count                     
2000c76c  rqueue_count                     
2000c770  __stack                          
2000c970  __STACK_TOP                      
2000cf70  __STACK_END                      
2000cf70  _sys_memory                      
2000d770  _ftable                          
2000d9e0  _Denorm                          
2000d9f0  _Eps                             
2000da00  _Hugeval                         
2000da10  _Inf                             
2000da20  _Nan                             
2000da30  _Snan                            
2000da40  _Rteps                           
2000da50  _Xbig                            
2000da58  _Zero                            
2000da60  pxCurrentTCB                     
2000da90  ReportData_Queue                 
2000da94  ADC_Queue                        
2000da98  Heater_Queue                     
2000da9c  Temp_Queue                       
2000daa0  Inp_Queue                        
2000daa4  g_ulSystemClock                  
2000daa8  ProcessorInitFlag                
2000daac  UARTStdioInitFlag                
2000dab0  FPUInitFlag                      
2000dab4  __TI_ft_end                      
2000dab8  __aeabi_stdin                    
2000dabc  __aeabi_stdout                   
2000dac0  __aeabi_stderr                   
2000dad0  hqueue_count                     
2000dad4  target_temp                      
2000dae4  xPortSysTickCount                
2000dae8  _lock                            
2000daec  _unlock                          
2000daf0  __TI_cleanup_ptr                 
2000daf4  __TI_dtors_ptr                   
2000daf8  _Fenv                            
2000dafc  _Tls_setup__Fenv                 
2000db10  _Errno                           
2000db18  main_func_sp                     
ffffffff  __binit__                        
ffffffff  __c_args__                       
ffffffff  binit                            
UNDEFED   SHT$$INIT_ARRAY$$Base            
UNDEFED   SHT$$INIT_ARRAY$$Limit           

[308 symbols]
