******************************************************************************
                  TI ARM Linker PC v5.2.5                      
******************************************************************************
>> Linked Tue Apr 12 16:14:23 2016

OUTPUT FILE NAME:   <FreeRTOS823_3_TM4C1294_Base_Test.out>
ENTRY POINT SYMBOL: "_c_int00"  address: 00006a61


MEMORY CONFIGURATION

         name            origin    length      used     unused   attr    fill
----------------------  --------  ---------  --------  --------  ----  --------
  FLASH                 00000000   00100000  00007754  000f88ac  R  X
  SRAM                  20000000   00040000  0000db14  000324ec  RW X


SEGMENT ALLOCATION MAP

run origin  load origin   length   init length attrs members
----------  ----------- ---------- ----------- ----- -------
00000000    00000000    00007758   00007758    r-x
  00000000    00000000    00000200   00000200    r-- .intvecs
  00000200    00000200    000070f0   000070f0    r-x .text
  000072f0    000072f0    0000038c   0000038c    r-- .const
  00007680    00007680    000000d8   000000d8    r-- .cinit
20000000    20000000    0000db14   00000000    rw-
  20000000    20000000    0000c770   00000000    rw- .bss
  2000c770    2000c770    00000800   00000000    rw- .stack
  2000cf70    2000cf70    00000800   00000000    rw- .sysmem
  2000d770    2000d770    000003a4   00000000    rw- .data


SECTION ALLOCATION MAP

 output                                  attributes/
section   page    origin      length       input sections
--------  ----  ----------  ----------   ----------------
.intvecs   0    00000000    00000200     
                  00000000    00000200     TM4C_FreeRTOS_Base_Startup.obj (.intvecs)

.text      0    00000200    000070f0     
                  00000200    000017d0     tasks.obj (.text)
                  000019d0    000010ba     rtsv7M4_T_le_v4SPD16_eabi.lib : _printfi.obj (.text)
                  00002a8a    00000002                                   : i_div0.obj (.text)
                  00002a8c    00000a08     queue.obj (.text)
                  00003494    00000538     timers.obj (.text)
                  000039cc    0000049c     uartstdio.obj (.text)
                  00003e68    000003dc     rtsv7M4_T_le_v4SPD16_eabi.lib : memory.obj (.text)
                  00004244    0000030c                                   : lowlev.obj (.text)
                  00004550    000002d4                                   : trgdrv.obj (.text)
                  00004824    00000204     driverlib.lib : sysctl.obj (.text:SysCtlClockFreqSet)
                  00004a28    000001f4     rtsv7M4_T_le_v4SPD16_eabi.lib : ull_div_t2.obj (.text)
                  00004c1c    000001c4                                   : fopen.obj (.text)
                  00004de0    000001b8     heap_2.obj (.text)
                  00004f98    000001b6     rtsv7M4_T_le_v4SPD16_eabi.lib : fd_add_t2.obj (.text)
                  0000514e    00000002     --HOLE-- [fill = 0]
                  00005150    0000014c     Task_Uart.obj (.text)
                  0000529c    00000144     Main_Base_Test.obj (.text)
                  000053e0    00000136     rtsv7M4_T_le_v4SPD16_eabi.lib : fd_div_t2.obj (.text)
                  00005516    00000002     --HOLE-- [fill = 0]
                  00005518    00000134     port.obj (.text)
                  0000564c    00000134     rtsv7M4_T_le_v4SPD16_eabi.lib : fputs.obj (.text)
                  00005780    00000132     driverlib.lib : gpio.obj (.text:GPIOPadConfigSet)
                  000058b2    0000012a     list.obj (.text)
                  000059dc    00000110     rtsv7M4_T_le_v4SPD16_eabi.lib : xdscale.obj (.text)
                  00005aec    000000fc                                   : fd_mul_t2.obj (.text)
                  00005be8    000000f0     Task_Simple_ADC.obj (.text)
                  00005cd8    000000ec     Task_HeaterOn.obj (.text)
                  00005dc4    000000dc     rtsv7M4_T_le_v4SPD16_eabi.lib : setvbuf.obj (.text)
                  00005ea0    000000d2     portasm.obj (.text)
                  00005f72    00000002     --HOLE-- [fill = 0]
                  00005f74    000000c8     rtsv7M4_T_le_v4SPD16_eabi.lib : fflush.obj (.text)
                  0000603c    000000be                                   : xdnorm.obj (.text)
                  000060fa    00000002     --HOLE-- [fill = 0]
                  000060fc    000000bc     Processor_Initialization_TM4C1294.obj (.text)
                  000061b8    000000ac     rtsv7M4_T_le_v4SPD16_eabi.lib : _io_perm.obj (.text)
                  00006264    0000009c                                   : memcpy_t2.obj (.text)
                  00006300    00000098     Task_Temp.obj (.text)
                  00006398    00000098     rtsv7M4_T_le_v4SPD16_eabi.lib : fclose.obj (.text)
                  00006430    00000098                                   : fputc.obj (.text)
                  000064c8    00000086                                   : fd_cmp_t2.obj (.text:__aeabi_cdcmple)
                  0000654e    00000086                                   : fd_cmp_t2.obj (.text:__aeabi_cdrcmple)
                  000065d4    0000007a     driverlib.lib : adc.obj (.text:ADCSequenceStepConfigure)
                  0000664e    0000007a     rtsv7M4_T_le_v4SPD16_eabi.lib : memset_t2.obj (.text)
                  000066c8    00000074     Task_Report.obj (.text)
                  0000673c    00000070     rtsv7M4_T_le_v4SPD16_eabi.lib : printf.obj (.text)
                  000067ac    0000006c                                   : autoinit.obj (.text)
                  00006818    0000006a                                   : copy_decompress_rle.obj (.text)
                  00006882    00000002     --HOLE-- [fill = 0]
                  00006884    00000068                                   : trgmsg.obj (.text)
                  000068ec    00000066                                   : xdunscal.obj (.text)
                  00006952    00000002     --HOLE-- [fill = 0]
                  00006954    00000064                                   : fseek.obj (.text)
                  000069b8    00000056                                   : ltoa.obj (.text)
                  00006a0e    00000052                                   : ldexp.obj (.text)
                  00006a60    00000050                                   : boot.obj (.text)
                  00006ab0    0000004c     Task_Blinky.obj (.text)
                  00006afc    0000004c     rtsv7M4_T_le_v4SPD16_eabi.lib : atoi.obj (.text)
                  00006b48    0000004c                                   : cpy_tbl.obj (.text)
                  00006b94    00000048     driverlib.lib : gpio.obj (.text:GPIOPinConfigure)
                  00006bdc    00000048                   : sysctl.obj (.text:_SysCtlFrequencyGet)
                  00006c24    00000048     rtsv7M4_T_le_v4SPD16_eabi.lib : fd_toi_t2.obj (.text)
                  00006c6c    00000046     driverlib.lib : uart.obj (.text:UARTConfigSetExpClk)
                  00006cb2    00000002     --HOLE-- [fill = 0]
                  00006cb4    00000044     rtsv7M4_T_le_v4SPD16_eabi.lib : exit.obj (.text)
                  00006cf8    00000044                                   : fd_tou_t2.obj (.text)
                  00006d3c    00000040                                   : signal.obj (.text)
                  00006d7c    00000040                                   : u_divt2.obj (.text)
                  00006dbc    0000003e     driverlib.lib : adc.obj (.text:ADCSequenceConfigure)
                  00006dfa    00000002     --HOLE-- [fill = 0]
                  00006dfc    00000038                   : sysctl.obj (.text:SysCtlPeripheralPresent)
                  00006e34    00000034                   : sysctl.obj (.text:SysCtlPeripheralEnable)
                  00006e68    00000034     rtsv7M4_T_le_v4SPD16_eabi.lib : feraiseexcept.obj (.text)
                  00006e9c    00000030                                   : strncpy.obj (.text)
                  00006ecc    00000030                                   : xdclass.obj (.text)
                  00006efc    00000030                                   : xferaise.obj (.text)
                  00006f2c    0000002e     driverlib.lib : adc.obj (.text:ADCIntStatus)
                  00006f5a    0000002e     rtsv7M4_T_le_v4SPD16_eabi.lib : i_tofd_t2.obj (.text)
                  00006f88    0000002e                                   : raise.obj (.text)
                  00006fb6    00000002     --HOLE-- [fill = 0]
                  00006fb8    0000002c     Task_PID.obj (.text)
                  00006fe4    0000002a     driverlib.lib : gpio.obj (.text:GPIODirModeSet)
                  0000700e    0000002a     rtsv7M4_T_le_v4SPD16_eabi.lib : frexp.obj (.text)
                  00007038    00000022     driverlib.lib : pwm.obj (.text:PWMGenConfigure)
                  0000705a    00000002     --HOLE-- [fill = 0]
                  0000705c    00000020                   : uart.obj (.text:UARTDisable)
                  0000707c    00000020                   : sysctl.obj (.text:_SysCtlMemTimingGet)
                  0000709c    00000020     rtsv7M4_T_le_v4SPD16_eabi.lib : memchr.obj (.text)
                  000070bc    00000020                                   : u_tofd_t2.obj (.text)
                  000070dc    0000001e     driverlib.lib : adc.obj (.text:ADCSequenceDataGet)
                  000070fa    0000001e                   : pwm.obj (.text:PWMPulseWidthSet)
                  00007118    0000001c     rtsv7M4_T_le_v4SPD16_eabi.lib : memccpy.obj (.text)
                  00007134    00000018     driverlib.lib : adc.obj (.text:ADCProcessorTrigger)
                  0000714c    00000018                   : gpio.obj (.text:GPIOPinTypeGPIOOutput)
                  00007164    00000018     rtsv7M4_T_le_v4SPD16_eabi.lib : args_main.obj (.text)
                  0000717c    00000018                                   : strcmp.obj (.text)
                  00007194    00000016                                   : strchr.obj (.text)
                  000071aa    00000002     --HOLE-- [fill = 0]
                  000071ac    00000014     driverlib.lib : sysctl.obj (.text:SysCtlPWMClockSet)
                  000071c0    00000014                   : uart.obj (.text:UARTEnable)
                  000071d4    00000014     rtsv7M4_T_le_v4SPD16_eabi.lib : _lock.obj (.text)
                  000071e8    00000014                                   : strcpy.obj (.text)
                  000071fc    00000014                                   : strlen.obj (.text)
                  00007210    00000012     driverlib.lib : gpio.obj (.text:GPIOPinTypePWM)
                  00007222    00000012                   : gpio.obj (.text:GPIOPinTypeUART)
                  00007234    00000012                   : pwm.obj (.text:PWMGenPeriodGet)
                  00007246    00000012                   : pwm.obj (.text:PWMOutputState)
                  00007258    00000010                   : pwm.obj (.text:PWMGenPeriodSet)
                  00007268    0000000e                   : adc.obj (.text:ADCSequenceEnable)
                  00007276    0000000e                   : uart.obj (.text:UARTCharsAvail)
                  00007284    0000000e     rtsv7M4_T_le_v4SPD16_eabi.lib : copy_decompress_none.obj (.text:decompress:none)
                  00007292    0000000c     driverlib.lib : pwm.obj (.text:PWMGenEnable)
                  0000729e    0000000c     TM4C_FreeRTOS_Base_Startup.obj (.text)
                  000072aa    0000000c     rtsv7M4_T_le_v4SPD16_eabi.lib : copy_zero_init.obj (.text:decompress:ZI)
                  000072b6    0000000a     driverlib.lib : adc.obj (.text:ADCIntClear)
                  000072c0    0000000a                   : uart.obj (.text:UARTCharGet)
                  000072ca    0000000a                   : uart.obj (.text:UARTCharPut)
                  000072d4    00000006                   : gpio.obj (.text:GPIOPinRead)
                  000072da    00000006                   : gpio.obj (.text:GPIOPinWrite)
                  000072e0    00000006                   : uart.obj (.text:UARTClockSourceSet)
                  000072e6    00000006     rtsv7M4_T_le_v4SPD16_eabi.lib : copy_decompress_rle.obj (.text:decompress:rle24)
                  000072ec    00000004                                   : pre_init.obj (.text)

.const     0    000072f0    0000038c     
                  000072f0    00000120     driverlib.lib : sysctl.obj (.const:g_pppui32XTALtoVCO)
                  00007410    00000101     rtsv7M4_T_le_v4SPD16_eabi.lib : ctype.obj (.const:.string:_ctypes_)
                  00007511    00000001     --HOLE-- [fill = 0]
                  00007512    00000002     heap_2.obj (.const)
                  00007514    00000090     driverlib.lib : gpio.obj (.const:g_pui32GPIOBaseAddrs)
                  000075a4    0000006c                   : sysctl.obj (.const:g_pui32Xtals)
                  00007610    00000030                   : sysctl.obj (.const:g_sXTALtoMEMTIM)
                  00007640    0000001c     uartstdio.obj (.const)
                  0000765c    00000012     uartstdio.obj (.const:.string)
                  0000766e    00000002     --HOLE-- [fill = 0]
                  00007670    00000008     driverlib.lib : sysctl.obj (.const)
                  00007678    00000004     port.obj (.const)

.cinit     0    00007680    000000d8     
                  00007680    000000b4     (.cinit..data.load) [load image, compression = rle]
                  00007734    0000000c     (__TI_handler_table)
                  00007740    00000008     (.cinit..bss.load) [load image, compression = zero_init]
                  00007748    00000010     (__TI_cinit_table)

.init_array 
*          0    00000000    00000000     UNINITIALIZED

.bss       0    20000000    0000c770     UNINITIALIZED
                  20000000    0000c350     heap_2.obj (.bss:xHeap)
                  2000c350    00000120     rtsv7M4_T_le_v4SPD16_eabi.lib : trgmsg.obj (.bss:__CIOBUF_)
                  2000c470    00000100     TM4C_FreeRTOS_Base_Startup.obj (.bss:pulStack)
                  2000c570    000000a0     rtsv7M4_T_le_v4SPD16_eabi.lib : defs.obj (.bss:__TI_tmpnams)
                  2000c610    00000064     tasks.obj (.bss:pxReadyTasksLists)
                  2000c674    00000040     queue.obj (.bss:xQueueRegistry)
                  2000c6b4    00000014     (.common:xActiveTimerList1)
                  2000c6c8    00000014     (.common:xActiveTimerList2)
                  2000c6dc    00000014     (.common:xDelayedTaskList1)
                  2000c6f0    00000014     (.common:xDelayedTaskList2)
                  2000c704    00000014     (.common:xPendingReadyList)
                  2000c718    00000014     (.common:xSuspendedTaskList)
                  2000c72c    00000014     (.common:xTasksWaitingTermination)
                  2000c740    00000008     (.common:parmbuf)
                  2000c748    00000008     (.common:xEnd)
                  2000c750    00000008     (.common:xStart)
                  2000c758    00000004     (.common:iqueue_count)
                  2000c75c    00000004     (.common:pxCurrentTimerList)
                  2000c760    00000004     (.common:pxDelayedTaskList)
                  2000c764    00000004     (.common:pxOverflowDelayedTaskList)
                  2000c768    00000004     (.common:pxOverflowTimerList)
                  2000c76c    00000004     (.common:rqueue_count)

.TI.noinit 
*          0    20000000    00000000     UNINITIALIZED

.stack     0    2000c770    00000800     UNINITIALIZED
                  2000c770    00000800     --HOLE--

.sysmem    0    2000cf70    00000800     UNINITIALIZED
                  2000cf70    00000008     rtsv7M4_T_le_v4SPD16_eabi.lib : memory.obj (.sysmem)
                  2000cf78    000007f8     --HOLE--

.data      0    2000d770    000003a4     UNINITIALIZED
                  2000d770    000000f0     rtsv7M4_T_le_v4SPD16_eabi.lib : defs.obj (.data:_ftable)
                  2000d860    000000d0                                   : lowlev.obj (.data)
                  2000d930    000000b0                                   : signal.obj (.data:sigtable)
                  2000d9e0    00000080                                   : xvalues.obj (.data)
                  2000da60    00000030     tasks.obj (.data)
                  2000da90    00000010     Processor_Initialization_TM4C1294.obj (.data)
                  2000daa0    00000010     rtsv7M4_T_le_v4SPD16_eabi.lib : defs.obj (.data)
                  2000dab0    0000000c                                   : memory.obj (.data)
                  2000dabc    00000008     Task_Report.obj (.data)
                  2000dac4    00000008     heap_2.obj (.data)
                  2000dacc    00000008     port.obj (.data)
                  2000dad4    00000008     rtsv7M4_T_le_v4SPD16_eabi.lib : _lock.obj (.data)
                  2000dadc    00000008                                   : exit.obj (.data)
                  2000dae4    00000008                                   : feraiseexcept.obj (.data)
                  2000daec    00000008     timers.obj (.data)
                  2000daf4    00000005     uartstdio.obj (.data)
                  2000daf9    00000003     --HOLE--
                  2000dafc    00000004     Task_HeaterOn.obj (.data)
                  2000db00    00000004     Task_Temp.obj (.data)
                  2000db04    00000004     Task_Uart.obj (.data)
                  2000db08    00000004     rtsv7M4_T_le_v4SPD16_eabi.lib : errno.obj (.data)
                  2000db0c    00000004                                   : fopen.obj (.data)
                  2000db10    00000004                                   : stkdepth_vars.obj (.data)

.TI.persistent 
*          0    2000d770    00000000     UNINITIALIZED


LINKER GENERATED COPY TABLES

__TI_cinit_table @ 00007748 records: 2, size/record: 8, table size: 16
	.data: load addr=00007680, load size=000000b4 bytes, run addr=2000d770, run size=000003a4 bytes, compression=rle
	.bss: load addr=00007740, load size=00000008 bytes, run addr=20000000, run size=0000c770 bytes, compression=zero_init


LINKER GENERATED HANDLER TABLE

__TI_handler_table @ 00007734 records: 3, size/record: 4, table size: 12
	index: 0, handler: __TI_decompress_rle24
	index: 1, handler: __TI_decompress_none
	index: 2, handler: __TI_zero_init


GLOBAL SYMBOLS: SORTED ALPHABETICALLY BY Name 

address   name                             
-------   ----                             
000072b7  ADCIntClear                      
00006f2d  ADCIntStatus                     
00007135  ADCProcessorTrigger              
00006dbd  ADCSequenceConfigure             
000070dd  ADCSequenceDataGet               
00007269  ADCSequenceEnable                
000065d5  ADCSequenceStepConfigure         
00006cb5  C$$EXIT                          
000068b3  C$$IO$$                          
2000da9c  FPUInitFlag                      
00006fe5  GPIODirModeSet                   
00005781  GPIOPadConfigSet                 
00006b95  GPIOPinConfigure                 
000072d5  GPIOPinRead                      
0000714d  GPIOPinTypeGPIOOutput            
00007211  GPIOPinTypePWM                   
00007223  GPIOPinTypeUART                  
000072db  GPIOPinWrite                     
000047dd  HOSTclock                        
000047a5  HOSTclose                        
00004767  HOSTgetenv                       
0000470b  HOSTlseek                        
000046b9  HOSTopen                         
0000466d  HOSTread                         
0000460f  HOSTrename                       
000045d5  HOSTtime                         
0000459d  HOSTunlink                       
00004551  HOSTwrite                        
2000dac0  Heater_Queue                     
2000db04  Inp_Queue                        
00007039  PWMGenConfigure                  
00007293  PWMGenEnable                     
00007235  PWMGenPeriodGet                  
00007259  PWMGenPeriodSet                  
00007247  PWMOutputState                   
000070fb  PWMPulseWidthSet                 
2000da94  ProcessorInitFlag                
000060fd  Processor_Initialization         
2000dabc  ReportData_Queue                 
0000729f  ResetISR                         
UNDEFED   SHT$$INIT_ARRAY$$Base            
UNDEFED   SHT$$INIT_ARRAY$$Limit           
00004825  SysCtlClockFreqSet               
000071ad  SysCtlPWMClockSet                
00006e35  SysCtlPeripheralEnable           
00006dfd  SysCtlPeripheralPresent          
00006ab1  Task_Blink_LED_D1                
00005cd9  Task_HeaterOn                    
00006fb9  Task_PID                         
000066c9  Task_Report                      
00005be9  Task_Simple_ADC0_Ch0             
00006301  Task_Temp                        
00005151  Task_UART_0                      
2000db00  Temp_Queue                       
000072c1  UARTCharGet                      
000072cb  UARTCharPut                      
00007277  UARTCharsAvail                   
000072e1  UARTClockSourceSet               
00006c6d  UARTConfigSetExpClk              
0000705d  UARTDisable                      
000071c1  UARTEnable                       
000051e5  UARTMessagePut                   
000039cd  UARTStdioConfig                  
2000da98  UARTStdioInitFlag                
00006121  UART_Initialization              
00003b13  UARTgetc                         
00003a59  UARTgets                         
00003e33  UARTprintf                       
00003b39  UARTvprintf                      
00003a13  UARTwrite                        
00006ecd  _Dclass                          
2000d9e0  _Denorm                          
0000603d  _Dnorm                           
000059dd  _Dscale                          
000068ed  _Dunscale                        
2000d9f0  _Eps                             
2000db08  _Errno                           
2000dae4  _Fenv                            
00006efd  _Feraise                         
2000da00  _Hugeval                         
2000da10  _Inf                             
2000da20  _Nan                             
2000da40  _Rteps                           
2000da30  _Snan                            
2000dae8  _Tls_setup__Fenv                 
2000da50  _Xbig                            
2000da58  _Zero                            
2000c350  __CIOBUF_                        
2000cf70  __STACK_END                      
00000800  __STACK_SIZE                     
2000c970  __STACK_TOP                      
00000800  __SYSMEM_SIZE                    
00007748  __TI_CINIT_Base                  
00007758  __TI_CINIT_Limit                 
00007734  __TI_Handler_Table_Base          
00007740  __TI_Handler_Table_Limit         
000067ad  __TI_auto_init                   
00004ce5  __TI_cleanup                     
2000dadc  __TI_cleanup_ptr                 
00006399  __TI_closefile                   
00007285  __TI_decompress_none             
000072e7  __TI_decompress_rle24            
00005f75  __TI_doflush                     
2000dae0  __TI_dtors_ptr                   
2000daa0  __TI_ft_end                      
00002785  __TI_printfi                     
0000621b  __TI_rd_ok                       
000068b7  __TI_readmsg                     
00000000  __TI_static_base__               
2000c570  __TI_tmpnams                     
00006885  __TI_writemsg                    
000061b9  __TI_wrt_ok                      
000072ab  __TI_zero_init                   
000064c9  __aeabi_cdcmpeq                  
000064c9  __aeabi_cdcmple                  
0000654f  __aeabi_cdrcmple                 
00006c25  __aeabi_d2iz                     
00006cf9  __aeabi_d2uiz                    
00004fa3  __aeabi_dadd                     
000053e1  __aeabi_ddiv                     
00005aed  __aeabi_dmul                     
00004f99  __aeabi_dsub                     
00006f5b  __aeabi_i2d                      
00002a8b  __aeabi_idiv0                    
0000664f  __aeabi_memclr                   
0000664f  __aeabi_memclr4                  
0000664f  __aeabi_memclr8                  
00006265  __aeabi_memcpy                   
00006265  __aeabi_memcpy4                  
00006265  __aeabi_memcpy8                  
00006651  __aeabi_memset                   
00006651  __aeabi_memset4                  
00006651  __aeabi_memset8                  
2000daac  __aeabi_stderr                   
2000daa4  __aeabi_stdin                    
2000daa8  __aeabi_stdout                   
000070bd  __aeabi_ui2d                     
00006d7d  __aeabi_uidiv                    
00006d7d  __aeabi_uidivmod                 
00004a29  __aeabi_uldivmod                 
ffffffff  __binit__                        
ffffffff  __c_args__                       
2000c770  __stack                          
00007165  _args_main                       
00006a61  _c_int00                         
00007410  _ctypes_                         
2000d770  _ftable                          
2000dad4  _lock                            
000071e3  _nop                             
000071db  _register_lock                   
000071d5  _register_unlock                 
2000cf70  _sys_memory                      
000072ed  _system_pre_init                 
2000dad8  _unlock                          
00006cb9  abort                            
000044a5  add_device                       
00006afd  atoi                             
ffffffff  binit                            
00004211  calloc                           
00004455  close                            
00006b49  copy_in                          
00006cc1  exit                             
000063ff  fclose                           
00006e69  feraiseexcept                    
00005fc1  fflush                           
00004d3b  fopen                            
00006431  fputc                            
0000564d  fputs                            
00003f5f  free                             
00004d11  freopen                          
0000700f  frexp                            
00006955  fseek                            
00000000  g_pfnVectors                     
2000da90  g_ulSystemClock                  
2000dafc  hqueue_count                     
2000c758  iqueue_count                     
00006a0f  ldexp                            
00004431  lseek                            
000069b9  ltoa                             
0000529d  main                             
2000db10  main_func_sp                     
00003ef7  malloc                           
0000412d  memalign                         
00007119  memccpy                          
0000709d  memchr                           
00006265  memcpy                           
00006657  memset                           
00003e69  minit                            
00004383  open                             
00003591  pcTimerGetTimerName              
00006745  printf                           
00006431  putc                             
000064b5  putchar                          
00005759  puts                             
00004de1  pvPortMalloc                     
0000150f  pvTaskIncrementMutexHeldCount    
0000397d  pvTimerGetTimerID                
2000da60  pxCurrentTCB                     
00005519  pxPortInitialiseStack            
00006f89  raise                            
0000435f  read                             
00004021  realloc                          
000042d5  remove                           
00004337  remove_device                    
000042f9  rename                           
2000c76c  rqueue_count                     
00005dc5  setvbuf                          
00006d3d  signal                           
00007195  strchr                           
0000717d  strcmp                           
000071e9  strcpy                           
000071fd  strlen                           
00006e9d  strncpy                          
000031ad  ucQueueGetQueueType              
00007678  ulMaxSyscallInterruptPriority    
00005eb1  ulPortGetIPSR                    
00001527  ulTaskNotifyTake                 
000042d5  unlink                           
00005995  uxListRemove                     
0000318d  uxQueueGetQueueNumber            
0000312f  uxQueueMessagesWaiting           
00003165  uxQueueMessagesWaitingFromISR    
00003145  uxQueueSpacesAvailable           
000009f5  uxTaskGetNumberOfTasks           
00000a05  uxTaskGetSystemState             
00000f37  uxTaskGetTaskNumber              
000004bb  uxTaskPriorityGet                
000004ed  uxTaskPriorityGetFromISR         
000014ed  uxTaskResetEventItemValue        
000058b3  vListInitialise                  
000058e3  vListInitialiseItem              
0000592f  vListInsert                      
000058f3  vListInsertEnd                   
00005f65  vPortEnableVFP                   
000055b5  vPortEndScheduler                
000055b7  vPortEnterCritical               
000055d7  vPortExitCritical                
00004f0d  vPortFree                        
00004f75  vPortInitialiseBlocks            
00005f29  vPortSVCHandler                  
0000561b  vPortSetupTimerInterrupt         
00005f49  vPortStartFirstTask              
000033bb  vQueueAddToRegistry              
00003177  vQueueDelete                     
0000319b  vQueueSetQueueNumber             
000033fd  vQueueUnregisterQueue            
00003437  vQueueWaitForMessageRestricted   
0000045f  vTaskDelay                       
000003b7  vTaskDelayUntil                  
0000031b  vTaskDelete                      
000008c1  vTaskEndScheduler                
00000f2f  vTaskMissedYield                 
000018d9  vTaskNotifyGiveFromISR           
00000c65  vTaskPlaceOnEventList            
00000d3d  vTaskPlaceOnEventListRestricted  
00000cc5  vTaskPlaceOnUnorderedEventList   
00001395  vTaskPriorityInherit             
00000541  vTaskPrioritySet                 
00000749  vTaskResume                      
00000f5d  vTaskSetTaskNumber               
00000e8f  vTaskSetTimeOutState             
0000085d  vTaskStartScheduler              
00000655  vTaskSuspend                     
000008e1  vTaskSuspendAll                  
00000bf9  vTaskSwitchContext               
00003997  vTimerSetTimerID                 
00004245  write                            
00004f6f  xPortGetFreeHeapSize             
00005ec9  xPortPendSVHandler               
0000557f  xPortStartScheduler              
2000dad0  xPortSysTickCount                
000055ed  xPortSysTickHandler              
00002c95  xQueueCreateCountingSemaphore    
00002b99  xQueueCreateMutex                
00002b29  xQueueGenericCreate              
00002ee9  xQueueGenericReceive             
00002a8d  xQueueGenericReset               
00002cb5  xQueueGenericSend                
00002ddd  xQueueGenericSendFromISR         
00002e69  xQueueGiveFromISR                
00002c0f  xQueueGiveMutexRecursive         
00003357  xQueueIsQueueEmptyFromISR        
00003399  xQueueIsQueueFullFromISR         
000030dd  xQueuePeekFromISR                
00003057  xQueueReceiveFromISR             
2000c674  xQueueRegistry                   
00002c4b  xQueueTakeMutexRecursive         
00000eb5  xTaskCheckForTimeOut             
00000201  xTaskGenericCreate               
000016df  xTaskGenericNotify               
000017d1  xTaskGenericNotifyFromISR        
00001349  xTaskGetCurrentTaskHandle        
00001361  xTaskGetSchedulerState           
000009d1  xTaskGetTickCount                
000009e1  xTaskGetTickCountFromISR         
00000ad5  xTaskIncrementTick               
0000197f  xTaskNotifyStateClear            
000015f5  xTaskNotifyWait                  
0000144f  xTaskPriorityDisinherit          
00000da1  xTaskRemoveFromEventList         
00000e21  xTaskRemoveFromUnorderedEventList
000008f5  xTaskResumeAll                   
000007cb  xTaskResumeFromISR               
000034cf  xTimerCreate                     
00003495  xTimerCreateTimerTask            
00003523  xTimerGenericCommand             
00003951  xTimerIsTimerActive              


GLOBAL SYMBOLS: SORTED BY Symbol Address 

address   name                             
-------   ----                             
00000000  __TI_static_base__               
00000000  g_pfnVectors                     
00000201  xTaskGenericCreate               
0000031b  vTaskDelete                      
000003b7  vTaskDelayUntil                  
0000045f  vTaskDelay                       
000004bb  uxTaskPriorityGet                
000004ed  uxTaskPriorityGetFromISR         
00000541  vTaskPrioritySet                 
00000655  vTaskSuspend                     
00000749  vTaskResume                      
000007cb  xTaskResumeFromISR               
00000800  __STACK_SIZE                     
00000800  __SYSMEM_SIZE                    
0000085d  vTaskStartScheduler              
000008c1  vTaskEndScheduler                
000008e1  vTaskSuspendAll                  
000008f5  xTaskResumeAll                   
000009d1  xTaskGetTickCount                
000009e1  xTaskGetTickCountFromISR         
000009f5  uxTaskGetNumberOfTasks           
00000a05  uxTaskGetSystemState             
00000ad5  xTaskIncrementTick               
00000bf9  vTaskSwitchContext               
00000c65  vTaskPlaceOnEventList            
00000cc5  vTaskPlaceOnUnorderedEventList   
00000d3d  vTaskPlaceOnEventListRestricted  
00000da1  xTaskRemoveFromEventList         
00000e21  xTaskRemoveFromUnorderedEventList
00000e8f  vTaskSetTimeOutState             
00000eb5  xTaskCheckForTimeOut             
00000f2f  vTaskMissedYield                 
00000f37  uxTaskGetTaskNumber              
00000f5d  vTaskSetTaskNumber               
00001349  xTaskGetCurrentTaskHandle        
00001361  xTaskGetSchedulerState           
00001395  vTaskPriorityInherit             
0000144f  xTaskPriorityDisinherit          
000014ed  uxTaskResetEventItemValue        
0000150f  pvTaskIncrementMutexHeldCount    
00001527  ulTaskNotifyTake                 
000015f5  xTaskNotifyWait                  
000016df  xTaskGenericNotify               
000017d1  xTaskGenericNotifyFromISR        
000018d9  vTaskNotifyGiveFromISR           
0000197f  xTaskNotifyStateClear            
00002785  __TI_printfi                     
00002a8b  __aeabi_idiv0                    
00002a8d  xQueueGenericReset               
00002b29  xQueueGenericCreate              
00002b99  xQueueCreateMutex                
00002c0f  xQueueGiveMutexRecursive         
00002c4b  xQueueTakeMutexRecursive         
00002c95  xQueueCreateCountingSemaphore    
00002cb5  xQueueGenericSend                
00002ddd  xQueueGenericSendFromISR         
00002e69  xQueueGiveFromISR                
00002ee9  xQueueGenericReceive             
00003057  xQueueReceiveFromISR             
000030dd  xQueuePeekFromISR                
0000312f  uxQueueMessagesWaiting           
00003145  uxQueueSpacesAvailable           
00003165  uxQueueMessagesWaitingFromISR    
00003177  vQueueDelete                     
0000318d  uxQueueGetQueueNumber            
0000319b  vQueueSetQueueNumber             
000031ad  ucQueueGetQueueType              
00003357  xQueueIsQueueEmptyFromISR        
00003399  xQueueIsQueueFullFromISR         
000033bb  vQueueAddToRegistry              
000033fd  vQueueUnregisterQueue            
00003437  vQueueWaitForMessageRestricted   
00003495  xTimerCreateTimerTask            
000034cf  xTimerCreate                     
00003523  xTimerGenericCommand             
00003591  pcTimerGetTimerName              
00003951  xTimerIsTimerActive              
0000397d  pvTimerGetTimerID                
00003997  vTimerSetTimerID                 
000039cd  UARTStdioConfig                  
00003a13  UARTwrite                        
00003a59  UARTgets                         
00003b13  UARTgetc                         
00003b39  UARTvprintf                      
00003e33  UARTprintf                       
00003e69  minit                            
00003ef7  malloc                           
00003f5f  free                             
00004021  realloc                          
0000412d  memalign                         
00004211  calloc                           
00004245  write                            
000042d5  remove                           
000042d5  unlink                           
000042f9  rename                           
00004337  remove_device                    
0000435f  read                             
00004383  open                             
00004431  lseek                            
00004455  close                            
000044a5  add_device                       
00004551  HOSTwrite                        
0000459d  HOSTunlink                       
000045d5  HOSTtime                         
0000460f  HOSTrename                       
0000466d  HOSTread                         
000046b9  HOSTopen                         
0000470b  HOSTlseek                        
00004767  HOSTgetenv                       
000047a5  HOSTclose                        
000047dd  HOSTclock                        
00004825  SysCtlClockFreqSet               
00004a29  __aeabi_uldivmod                 
00004ce5  __TI_cleanup                     
00004d11  freopen                          
00004d3b  fopen                            
00004de1  pvPortMalloc                     
00004f0d  vPortFree                        
00004f6f  xPortGetFreeHeapSize             
00004f75  vPortInitialiseBlocks            
00004f99  __aeabi_dsub                     
00004fa3  __aeabi_dadd                     
00005151  Task_UART_0                      
000051e5  UARTMessagePut                   
0000529d  main                             
000053e1  __aeabi_ddiv                     
00005519  pxPortInitialiseStack            
0000557f  xPortStartScheduler              
000055b5  vPortEndScheduler                
000055b7  vPortEnterCritical               
000055d7  vPortExitCritical                
000055ed  xPortSysTickHandler              
0000561b  vPortSetupTimerInterrupt         
0000564d  fputs                            
00005759  puts                             
00005781  GPIOPadConfigSet                 
000058b3  vListInitialise                  
000058e3  vListInitialiseItem              
000058f3  vListInsertEnd                   
0000592f  vListInsert                      
00005995  uxListRemove                     
000059dd  _Dscale                          
00005aed  __aeabi_dmul                     
00005be9  Task_Simple_ADC0_Ch0             
00005cd9  Task_HeaterOn                    
00005dc5  setvbuf                          
00005eb1  ulPortGetIPSR                    
00005ec9  xPortPendSVHandler               
00005f29  vPortSVCHandler                  
00005f49  vPortStartFirstTask              
00005f65  vPortEnableVFP                   
00005f75  __TI_doflush                     
00005fc1  fflush                           
0000603d  _Dnorm                           
000060fd  Processor_Initialization         
00006121  UART_Initialization              
000061b9  __TI_wrt_ok                      
0000621b  __TI_rd_ok                       
00006265  __aeabi_memcpy                   
00006265  __aeabi_memcpy4                  
00006265  __aeabi_memcpy8                  
00006265  memcpy                           
00006301  Task_Temp                        
00006399  __TI_closefile                   
000063ff  fclose                           
00006431  fputc                            
00006431  putc                             
000064b5  putchar                          
000064c9  __aeabi_cdcmpeq                  
000064c9  __aeabi_cdcmple                  
0000654f  __aeabi_cdrcmple                 
000065d5  ADCSequenceStepConfigure         
0000664f  __aeabi_memclr                   
0000664f  __aeabi_memclr4                  
0000664f  __aeabi_memclr8                  
00006651  __aeabi_memset                   
00006651  __aeabi_memset4                  
00006651  __aeabi_memset8                  
00006657  memset                           
000066c9  Task_Report                      
00006745  printf                           
000067ad  __TI_auto_init                   
00006885  __TI_writemsg                    
000068b3  C$$IO$$                          
000068b7  __TI_readmsg                     
000068ed  _Dunscale                        
00006955  fseek                            
000069b9  ltoa                             
00006a0f  ldexp                            
00006a61  _c_int00                         
00006ab1  Task_Blink_LED_D1                
00006afd  atoi                             
00006b49  copy_in                          
00006b95  GPIOPinConfigure                 
00006c25  __aeabi_d2iz                     
00006c6d  UARTConfigSetExpClk              
00006cb5  C$$EXIT                          
00006cb9  abort                            
00006cc1  exit                             
00006cf9  __aeabi_d2uiz                    
00006d3d  signal                           
00006d7d  __aeabi_uidiv                    
00006d7d  __aeabi_uidivmod                 
00006dbd  ADCSequenceConfigure             
00006dfd  SysCtlPeripheralPresent          
00006e35  SysCtlPeripheralEnable           
00006e69  feraiseexcept                    
00006e9d  strncpy                          
00006ecd  _Dclass                          
00006efd  _Feraise                         
00006f2d  ADCIntStatus                     
00006f5b  __aeabi_i2d                      
00006f89  raise                            
00006fb9  Task_PID                         
00006fe5  GPIODirModeSet                   
0000700f  frexp                            
00007039  PWMGenConfigure                  
0000705d  UARTDisable                      
0000709d  memchr                           
000070bd  __aeabi_ui2d                     
000070dd  ADCSequenceDataGet               
000070fb  PWMPulseWidthSet                 
00007119  memccpy                          
00007135  ADCProcessorTrigger              
0000714d  GPIOPinTypeGPIOOutput            
00007165  _args_main                       
0000717d  strcmp                           
00007195  strchr                           
000071ad  SysCtlPWMClockSet                
000071c1  UARTEnable                       
000071d5  _register_unlock                 
000071db  _register_lock                   
000071e3  _nop                             
000071e9  strcpy                           
000071fd  strlen                           
00007211  GPIOPinTypePWM                   
00007223  GPIOPinTypeUART                  
00007235  PWMGenPeriodGet                  
00007247  PWMOutputState                   
00007259  PWMGenPeriodSet                  
00007269  ADCSequenceEnable                
00007277  UARTCharsAvail                   
00007285  __TI_decompress_none             
00007293  PWMGenEnable                     
0000729f  ResetISR                         
000072ab  __TI_zero_init                   
000072b7  ADCIntClear                      
000072c1  UARTCharGet                      
000072cb  UARTCharPut                      
000072d5  GPIOPinRead                      
000072db  GPIOPinWrite                     
000072e1  UARTClockSourceSet               
000072e7  __TI_decompress_rle24            
000072ed  _system_pre_init                 
00007410  _ctypes_                         
00007678  ulMaxSyscallInterruptPriority    
00007734  __TI_Handler_Table_Base          
00007740  __TI_Handler_Table_Limit         
00007748  __TI_CINIT_Base                  
00007758  __TI_CINIT_Limit                 
2000c350  __CIOBUF_                        
2000c570  __TI_tmpnams                     
2000c674  xQueueRegistry                   
2000c758  iqueue_count                     
2000c76c  rqueue_count                     
2000c770  __stack                          
2000c970  __STACK_TOP                      
2000cf70  __STACK_END                      
2000cf70  _sys_memory                      
2000d770  _ftable                          
2000d9e0  _Denorm                          
2000d9f0  _Eps                             
2000da00  _Hugeval                         
2000da10  _Inf                             
2000da20  _Nan                             
2000da30  _Snan                            
2000da40  _Rteps                           
2000da50  _Xbig                            
2000da58  _Zero                            
2000da60  pxCurrentTCB                     
2000da90  g_ulSystemClock                  
2000da94  ProcessorInitFlag                
2000da98  UARTStdioInitFlag                
2000da9c  FPUInitFlag                      
2000daa0  __TI_ft_end                      
2000daa4  __aeabi_stdin                    
2000daa8  __aeabi_stdout                   
2000daac  __aeabi_stderr                   
2000dabc  ReportData_Queue                 
2000dac0  Heater_Queue                     
2000dad0  xPortSysTickCount                
2000dad4  _lock                            
2000dad8  _unlock                          
2000dadc  __TI_cleanup_ptr                 
2000dae0  __TI_dtors_ptr                   
2000dae4  _Fenv                            
2000dae8  _Tls_setup__Fenv                 
2000dafc  hqueue_count                     
2000db00  Temp_Queue                       
2000db04  Inp_Queue                        
2000db08  _Errno                           
2000db10  main_func_sp                     
ffffffff  __binit__                        
ffffffff  __c_args__                       
ffffffff  binit                            
UNDEFED   SHT$$INIT_ARRAY$$Base            
UNDEFED   SHT$$INIT_ARRAY$$Limit           

[307 symbols]
