******************************************************************************
                  TI ARM Linker PC v5.2.5                      
******************************************************************************
>> Linked Tue May 03 06:24:59 2016

OUTPUT FILE NAME:   <FreeRTOS823_3_TM4C1294_Base_Test.out>
ENTRY POINT SYMBOL: "_c_int00"  address: 00006a69


MEMORY CONFIGURATION

         name            origin    length      used     unused   attr    fill
----------------------  --------  ---------  --------  --------  ----  --------
  FLASH                 00000000   00100000  0000775c  000f88a4  R  X
  SRAM                  20000000   00040000  0000db14  000324ec  RW X


SEGMENT ALLOCATION MAP

run origin  load origin   length   init length attrs members
----------  ----------- ---------- ----------- ----- -------
00000000    00000000    00007760   00007760    r-x
  00000000    00000000    00000200   00000200    r-- .intvecs
  00000200    00000200    000070f8   000070f8    r-x .text
  000072f8    000072f8    0000038c   0000038c    r-- .const
  00007688    00007688    000000d8   000000d8    r-- .cinit
20000000    20000000    0000db14   00000000    rw-
  20000000    20000000    0000c770   00000000    rw- .bss
  2000c770    2000c770    00000800   00000000    rw- .stack
  2000cf70    2000cf70    00000800   00000000    rw- .sysmem
  2000d770    2000d770    000003a4   00000000    rw- .data


SECTION ALLOCATION MAP

 output                                  attributes/
section   page    origin      length       input sections
--------  ----  ----------  ----------   ----------------
.intvecs   0    00000000    00000200     
                  00000000    00000200     TM4C_FreeRTOS_Base_Startup.obj (.intvecs)

.text      0    00000200    000070f8     
                  00000200    000017d0     tasks.obj (.text)
                  000019d0    000010ba     rtsv7M4_T_le_v4SPD16_eabi.lib : _printfi.obj (.text)
                  00002a8a    00000002                                   : i_div0.obj (.text)
                  00002a8c    00000a08     queue.obj (.text)
                  00003494    00000538     timers.obj (.text)
                  000039cc    0000049c     uartstdio.obj (.text)
                  00003e68    000003dc     rtsv7M4_T_le_v4SPD16_eabi.lib : memory.obj (.text)
                  00004244    0000030c                                   : lowlev.obj (.text)
                  00004550    000002d4                                   : trgdrv.obj (.text)
                  00004824    00000204     driverlib.lib : sysctl.obj (.text:SysCtlClockFreqSet)
                  00004a28    000001f4     rtsv7M4_T_le_v4SPD16_eabi.lib : ull_div_t2.obj (.text)
                  00004c1c    000001c4                                   : fopen.obj (.text)
                  00004de0    000001b8     heap_2.obj (.text)
                  00004f98    000001b6     rtsv7M4_T_le_v4SPD16_eabi.lib : fd_add_t2.obj (.text)
                  0000514e    00000002     --HOLE-- [fill = 0]
                  00005150    00000144     Main_Base_Test.obj (.text)
                  00005294    00000136     rtsv7M4_T_le_v4SPD16_eabi.lib : fd_div_t2.obj (.text)
                  000053ca    00000002     --HOLE-- [fill = 0]
                  000053cc    00000134     port.obj (.text)
                  00005500    00000134     rtsv7M4_T_le_v4SPD16_eabi.lib : fputs.obj (.text)
                  00005634    00000132     driverlib.lib : gpio.obj (.text:GPIOPadConfigSet)
                  00005766    0000012a     list.obj (.text)
                  00005890    00000124     Task_HeaterOn.obj (.text)
                  000059b4    00000110     rtsv7M4_T_le_v4SPD16_eabi.lib : xdscale.obj (.text)
                  00005ac4    00000108     Processor_Initialization_TM4C1294.obj (.text)
                  00005bcc    000000fc     rtsv7M4_T_le_v4SPD16_eabi.lib : fd_mul_t2.obj (.text)
                  00005cc8    000000f8     Task_Uart.obj (.text)
                  00005dc0    000000f0     Task_Simple_ADC.obj (.text)
                  00005eb0    000000dc     rtsv7M4_T_le_v4SPD16_eabi.lib : setvbuf.obj (.text)
                  00005f8c    000000d2     portasm.obj (.text)
                  0000605e    00000002     --HOLE-- [fill = 0]
                  00006060    000000c8     rtsv7M4_T_le_v4SPD16_eabi.lib : fflush.obj (.text)
                  00006128    000000be                                   : xdnorm.obj (.text)
                  000061e6    000000ac                                   : _io_perm.obj (.text)
                  00006292    0000009c                                   : memcpy_t2.obj (.text)
                  0000632e    00000002     --HOLE-- [fill = 0]
                  00006330    00000098                                   : fclose.obj (.text)
                  000063c8    00000098                                   : fputc.obj (.text)
                  00006460    00000086                                   : fd_cmp_t2.obj (.text:__aeabi_cdcmple)
                  000064e6    00000086                                   : fd_cmp_t2.obj (.text:__aeabi_cdrcmple)
                  0000656c    00000080     Task_Temp.obj (.text)
                  000065ec    0000007a     driverlib.lib : adc.obj (.text:ADCSequenceStepConfigure)
                  00006666    0000007a     rtsv7M4_T_le_v4SPD16_eabi.lib : memset_t2.obj (.text)
                  000066e0    00000070                                   : printf.obj (.text)
                  00006750    0000006c                                   : autoinit.obj (.text)
                  000067bc    0000006a                                   : copy_decompress_rle.obj (.text)
                  00006826    00000002     --HOLE-- [fill = 0]
                  00006828    00000068                                   : trgmsg.obj (.text)
                  00006890    00000066                                   : xdunscal.obj (.text)
                  000068f6    00000002     --HOLE-- [fill = 0]
                  000068f8    00000064     Task_Report.obj (.text)
                  0000695c    00000064     rtsv7M4_T_le_v4SPD16_eabi.lib : fseek.obj (.text)
                  000069c0    00000056                                   : ltoa.obj (.text)
                  00006a16    00000052                                   : ldexp.obj (.text)
                  00006a68    00000050                                   : boot.obj (.text)
                  00006ab8    0000004c     Task_Blinky.obj (.text)
                  00006b04    0000004c     rtsv7M4_T_le_v4SPD16_eabi.lib : atoi.obj (.text)
                  00006b50    0000004c                                   : cpy_tbl.obj (.text)
                  00006b9c    00000048     driverlib.lib : gpio.obj (.text:GPIOPinConfigure)
                  00006be4    00000048                   : sysctl.obj (.text:_SysCtlFrequencyGet)
                  00006c2c    00000048     rtsv7M4_T_le_v4SPD16_eabi.lib : fd_toi_t2.obj (.text)
                  00006c74    00000046     driverlib.lib : uart.obj (.text:UARTConfigSetExpClk)
                  00006cba    00000002     --HOLE-- [fill = 0]
                  00006cbc    00000044     rtsv7M4_T_le_v4SPD16_eabi.lib : exit.obj (.text)
                  00006d00    00000044                                   : fd_tou_t2.obj (.text)
                  00006d44    00000040                                   : signal.obj (.text)
                  00006d84    00000040                                   : u_divt2.obj (.text)
                  00006dc4    0000003e     driverlib.lib : adc.obj (.text:ADCSequenceConfigure)
                  00006e02    00000002     --HOLE-- [fill = 0]
                  00006e04    00000038                   : sysctl.obj (.text:SysCtlPeripheralPresent)
                  00006e3c    00000034                   : sysctl.obj (.text:SysCtlPeripheralEnable)
                  00006e70    00000034     rtsv7M4_T_le_v4SPD16_eabi.lib : feraiseexcept.obj (.text)
                  00006ea4    00000030                                   : strncpy.obj (.text)
                  00006ed4    00000030                                   : xdclass.obj (.text)
                  00006f04    00000030                                   : xferaise.obj (.text)
                  00006f34    0000002e     driverlib.lib : adc.obj (.text:ADCIntStatus)
                  00006f62    0000002e     rtsv7M4_T_le_v4SPD16_eabi.lib : i_tofd_t2.obj (.text)
                  00006f90    0000002e                                   : raise.obj (.text)
                  00006fbe    00000002     --HOLE-- [fill = 0]
                  00006fc0    0000002c     Task_PID.obj (.text)
                  00006fec    0000002a     driverlib.lib : gpio.obj (.text:GPIODirModeSet)
                  00007016    0000002a     rtsv7M4_T_le_v4SPD16_eabi.lib : frexp.obj (.text)
                  00007040    00000022     driverlib.lib : pwm.obj (.text:PWMGenConfigure)
                  00007062    00000002     --HOLE-- [fill = 0]
                  00007064    00000020                   : uart.obj (.text:UARTDisable)
                  00007084    00000020                   : sysctl.obj (.text:_SysCtlMemTimingGet)
                  000070a4    00000020     rtsv7M4_T_le_v4SPD16_eabi.lib : memchr.obj (.text)
                  000070c4    00000020                                   : u_tofd_t2.obj (.text)
                  000070e4    0000001e     driverlib.lib : adc.obj (.text:ADCSequenceDataGet)
                  00007102    0000001e                   : pwm.obj (.text:PWMPulseWidthSet)
                  00007120    0000001c     rtsv7M4_T_le_v4SPD16_eabi.lib : memccpy.obj (.text)
                  0000713c    00000018     driverlib.lib : adc.obj (.text:ADCProcessorTrigger)
                  00007154    00000018                   : gpio.obj (.text:GPIOPinTypeGPIOOutput)
                  0000716c    00000018     rtsv7M4_T_le_v4SPD16_eabi.lib : args_main.obj (.text)
                  00007184    00000018                                   : strcmp.obj (.text)
                  0000719c    00000016                                   : strchr.obj (.text)
                  000071b2    00000002     --HOLE-- [fill = 0]
                  000071b4    00000014     driverlib.lib : sysctl.obj (.text:SysCtlPWMClockSet)
                  000071c8    00000014                   : uart.obj (.text:UARTEnable)
                  000071dc    00000014     rtsv7M4_T_le_v4SPD16_eabi.lib : _lock.obj (.text)
                  000071f0    00000014                                   : strcpy.obj (.text)
                  00007204    00000014                                   : strlen.obj (.text)
                  00007218    00000012     driverlib.lib : gpio.obj (.text:GPIOPinTypePWM)
                  0000722a    00000012                   : gpio.obj (.text:GPIOPinTypeUART)
                  0000723c    00000012                   : pwm.obj (.text:PWMGenPeriodGet)
                  0000724e    00000012                   : pwm.obj (.text:PWMOutputState)
                  00007260    00000010                   : pwm.obj (.text:PWMGenPeriodSet)
                  00007270    0000000e                   : adc.obj (.text:ADCSequenceEnable)
                  0000727e    0000000e                   : uart.obj (.text:UARTCharsAvail)
                  0000728c    0000000e     rtsv7M4_T_le_v4SPD16_eabi.lib : copy_decompress_none.obj (.text:decompress:none)
                  0000729a    0000000c     driverlib.lib : pwm.obj (.text:PWMGenEnable)
                  000072a6    0000000c     TM4C_FreeRTOS_Base_Startup.obj (.text)
                  000072b2    0000000c     rtsv7M4_T_le_v4SPD16_eabi.lib : copy_zero_init.obj (.text:decompress:ZI)
                  000072be    0000000a     driverlib.lib : adc.obj (.text:ADCIntClear)
                  000072c8    0000000a                   : uart.obj (.text:UARTCharGet)
                  000072d2    0000000a                   : uart.obj (.text:UARTCharPut)
                  000072dc    00000006                   : gpio.obj (.text:GPIOPinRead)
                  000072e2    00000006                   : gpio.obj (.text:GPIOPinWrite)
                  000072e8    00000006                   : uart.obj (.text:UARTClockSourceSet)
                  000072ee    00000006     rtsv7M4_T_le_v4SPD16_eabi.lib : copy_decompress_rle.obj (.text:decompress:rle24)
                  000072f4    00000004                                   : pre_init.obj (.text)

.const     0    000072f8    0000038c     
                  000072f8    00000120     driverlib.lib : sysctl.obj (.const:g_pppui32XTALtoVCO)
                  00007418    00000101     rtsv7M4_T_le_v4SPD16_eabi.lib : ctype.obj (.const:.string:_ctypes_)
                  00007519    00000001     --HOLE-- [fill = 0]
                  0000751a    00000002     heap_2.obj (.const)
                  0000751c    00000090     driverlib.lib : gpio.obj (.const:g_pui32GPIOBaseAddrs)
                  000075ac    0000006c                   : sysctl.obj (.const:g_pui32Xtals)
                  00007618    00000030                   : sysctl.obj (.const:g_sXTALtoMEMTIM)
                  00007648    0000001c     uartstdio.obj (.const)
                  00007664    00000012     uartstdio.obj (.const:.string)
                  00007676    00000002     --HOLE-- [fill = 0]
                  00007678    00000008     driverlib.lib : sysctl.obj (.const)
                  00007680    00000004     port.obj (.const)

.cinit     0    00007688    000000d8     
                  00007688    000000b4     (.cinit..data.load) [load image, compression = rle]
                  0000773c    0000000c     (__TI_handler_table)
                  00007748    00000008     (.cinit..bss.load) [load image, compression = zero_init]
                  00007750    00000010     (__TI_cinit_table)

.init_array 
*          0    00000000    00000000     UNINITIALIZED

.bss       0    20000000    0000c770     UNINITIALIZED
                  20000000    0000c350     heap_2.obj (.bss:xHeap)
                  2000c350    00000120     rtsv7M4_T_le_v4SPD16_eabi.lib : trgmsg.obj (.bss:__CIOBUF_)
                  2000c470    00000100     TM4C_FreeRTOS_Base_Startup.obj (.bss:pulStack)
                  2000c570    000000a0     rtsv7M4_T_le_v4SPD16_eabi.lib : defs.obj (.bss:__TI_tmpnams)
                  2000c610    00000064     tasks.obj (.bss:pxReadyTasksLists)
                  2000c674    00000040     queue.obj (.bss:xQueueRegistry)
                  2000c6b4    00000014     (.common:xActiveTimerList1)
                  2000c6c8    00000014     (.common:xActiveTimerList2)
                  2000c6dc    00000014     (.common:xDelayedTaskList1)
                  2000c6f0    00000014     (.common:xDelayedTaskList2)
                  2000c704    00000014     (.common:xPendingReadyList)
                  2000c718    00000014     (.common:xSuspendedTaskList)
                  2000c72c    00000014     (.common:xTasksWaitingTermination)
                  2000c740    00000008     (.common:parmbuf)
                  2000c748    00000008     (.common:xEnd)
                  2000c750    00000008     (.common:xStart)
                  2000c758    00000004     (.common:iqueue_count)
                  2000c75c    00000004     (.common:pxCurrentTimerList)
                  2000c760    00000004     (.common:pxDelayedTaskList)
                  2000c764    00000004     (.common:pxOverflowDelayedTaskList)
                  2000c768    00000004     (.common:pxOverflowTimerList)
                  2000c76c    00000004     (.common:rqueue_count)

.TI.noinit 
*          0    20000000    00000000     UNINITIALIZED

.stack     0    2000c770    00000800     UNINITIALIZED
                  2000c770    00000800     --HOLE--

.sysmem    0    2000cf70    00000800     UNINITIALIZED
                  2000cf70    00000008     rtsv7M4_T_le_v4SPD16_eabi.lib : memory.obj (.sysmem)
                  2000cf78    000007f8     --HOLE--

.data      0    2000d770    000003a4     UNINITIALIZED
                  2000d770    000000f0     rtsv7M4_T_le_v4SPD16_eabi.lib : defs.obj (.data:_ftable)
                  2000d860    000000d0                                   : lowlev.obj (.data)
                  2000d930    000000b0                                   : signal.obj (.data:sigtable)
                  2000d9e0    00000080                                   : xvalues.obj (.data)
                  2000da60    00000030     tasks.obj (.data)
                  2000da90    00000020     Processor_Initialization_TM4C1294.obj (.data)
                  2000dab0    00000010     rtsv7M4_T_le_v4SPD16_eabi.lib : defs.obj (.data)
                  2000dac0    0000000c                                   : memory.obj (.data)
                  2000dacc    00000008     heap_2.obj (.data)
                  2000dad4    00000008     port.obj (.data)
                  2000dadc    00000008     rtsv7M4_T_le_v4SPD16_eabi.lib : _lock.obj (.data)
                  2000dae4    00000008                                   : exit.obj (.data)
                  2000daec    00000008                                   : feraiseexcept.obj (.data)
                  2000daf4    00000008     timers.obj (.data)
                  2000dafc    00000005     uartstdio.obj (.data)
                  2000db01    00000003     --HOLE--
                  2000db04    00000004     Task_HeaterOn.obj (.data)
                  2000db08    00000004     rtsv7M4_T_le_v4SPD16_eabi.lib : errno.obj (.data)
                  2000db0c    00000004                                   : fopen.obj (.data)
                  2000db10    00000004                                   : stkdepth_vars.obj (.data)

.TI.persistent 
*          0    2000d770    00000000     UNINITIALIZED


LINKER GENERATED COPY TABLES

__TI_cinit_table @ 00007750 records: 2, size/record: 8, table size: 16
	.data: load addr=00007688, load size=000000b4 bytes, run addr=2000d770, run size=000003a4 bytes, compression=rle
	.bss: load addr=00007748, load size=00000008 bytes, run addr=20000000, run size=0000c770 bytes, compression=zero_init


LINKER GENERATED HANDLER TABLE

__TI_handler_table @ 0000773c records: 3, size/record: 4, table size: 12
	index: 0, handler: __TI_decompress_rle24
	index: 1, handler: __TI_decompress_none
	index: 2, handler: __TI_zero_init


GLOBAL SYMBOLS: SORTED ALPHABETICALLY BY Name 

address   name                             
-------   ----                             
000072bf  ADCIntClear                      
00006f35  ADCIntStatus                     
0000713d  ADCProcessorTrigger              
00006dc5  ADCSequenceConfigure             
000070e5  ADCSequenceDataGet               
00007271  ADCSequenceEnable                
000065ed  ADCSequenceStepConfigure         
00006cbd  C$$EXIT                          
00006857  C$$IO$$                          
2000daac  FPUInitFlag                      
00006fed  GPIODirModeSet                   
00005635  GPIOPadConfigSet                 
00006b9d  GPIOPinConfigure                 
000072dd  GPIOPinRead                      
00007155  GPIOPinTypeGPIOOutput            
00007219  GPIOPinTypePWM                   
0000722b  GPIOPinTypeUART                  
000072e3  GPIOPinWrite                     
000047dd  HOSTclock                        
000047a5  HOSTclose                        
00004767  HOSTgetenv                       
0000470b  HOSTlseek                        
000046b9  HOSTopen                         
0000466d  HOSTread                         
0000460f  HOSTrename                       
000045d5  HOSTtime                         
0000459d  HOSTunlink                       
00004551  HOSTwrite                        
2000da94  Heater_Queue                     
2000da9c  Inp_Queue                        
00007041  PWMGenConfigure                  
0000729b  PWMGenEnable                     
0000723d  PWMGenPeriodGet                  
00007261  PWMGenPeriodSet                  
0000724f  PWMOutputState                   
00007103  PWMPulseWidthSet                 
2000daa4  ProcessorInitFlag                
00005ac5  Processor_Initialization         
00005b5b  Queue_Initialization             
2000da90  ReportData_Queue                 
000072a7  ResetISR                         
UNDEFED   SHT$$INIT_ARRAY$$Base            
UNDEFED   SHT$$INIT_ARRAY$$Limit           
00004825  SysCtlClockFreqSet               
000071b5  SysCtlPWMClockSet                
00006e3d  SysCtlPeripheralEnable           
00006e05  SysCtlPeripheralPresent          
00006ab9  Task_Blink_LED_D1                
00005891  Task_HeaterOn                    
00006fc1  Task_PID                         
000068f9  Task_Report                      
00005dc1  Task_Simple_ADC0_Ch0             
0000656d  Task_Temp                        
00005cc9  Task_UART_0                      
2000da98  Temp_Queue                       
000072c9  UARTCharGet                      
000072d3  UARTCharPut                      
0000727f  UARTCharsAvail                   
000072e9  UARTClockSourceSet               
00006c75  UARTConfigSetExpClk              
00007065  UARTDisable                      
000071c9  UARTEnable                       
000039cd  UARTStdioConfig                  
2000daa8  UARTStdioInitFlag                
00005ae9  UART_Initialization              
00003b13  UARTgetc                         
00003a59  UARTgets                         
00003e33  UARTprintf                       
00003b39  UARTvprintf                      
00003a13  UARTwrite                        
00006ed5  _Dclass                          
2000d9e0  _Denorm                          
00006129  _Dnorm                           
000059b5  _Dscale                          
00006891  _Dunscale                        
2000d9f0  _Eps                             
2000db08  _Errno                           
2000daec  _Fenv                            
00006f05  _Feraise                         
2000da00  _Hugeval                         
2000da10  _Inf                             
2000da20  _Nan                             
2000da40  _Rteps                           
2000da30  _Snan                            
2000daf0  _Tls_setup__Fenv                 
2000da50  _Xbig                            
2000da58  _Zero                            
2000c350  __CIOBUF_                        
2000cf70  __STACK_END                      
00000800  __STACK_SIZE                     
2000c970  __STACK_TOP                      
00000800  __SYSMEM_SIZE                    
00007750  __TI_CINIT_Base                  
00007760  __TI_CINIT_Limit                 
0000773c  __TI_Handler_Table_Base          
00007748  __TI_Handler_Table_Limit         
00006751  __TI_auto_init                   
00004ce5  __TI_cleanup                     
2000dae4  __TI_cleanup_ptr                 
00006331  __TI_closefile                   
0000728d  __TI_decompress_none             
000072ef  __TI_decompress_rle24            
00006061  __TI_doflush                     
2000dae8  __TI_dtors_ptr                   
2000dab0  __TI_ft_end                      
00002785  __TI_printfi                     
00006249  __TI_rd_ok                       
0000685b  __TI_readmsg                     
00000000  __TI_static_base__               
2000c570  __TI_tmpnams                     
00006829  __TI_writemsg                    
000061e7  __TI_wrt_ok                      
000072b3  __TI_zero_init                   
00006461  __aeabi_cdcmpeq                  
00006461  __aeabi_cdcmple                  
000064e7  __aeabi_cdrcmple                 
00006c2d  __aeabi_d2iz                     
00006d01  __aeabi_d2uiz                    
00004fa3  __aeabi_dadd                     
00005295  __aeabi_ddiv                     
00005bcd  __aeabi_dmul                     
00004f99  __aeabi_dsub                     
00006f63  __aeabi_i2d                      
00002a8b  __aeabi_idiv0                    
00006667  __aeabi_memclr                   
00006667  __aeabi_memclr4                  
00006667  __aeabi_memclr8                  
00006293  __aeabi_memcpy                   
00006293  __aeabi_memcpy4                  
00006293  __aeabi_memcpy8                  
00006669  __aeabi_memset                   
00006669  __aeabi_memset4                  
00006669  __aeabi_memset8                  
2000dabc  __aeabi_stderr                   
2000dab4  __aeabi_stdin                    
2000dab8  __aeabi_stdout                   
000070c5  __aeabi_ui2d                     
00006d85  __aeabi_uidiv                    
00006d85  __aeabi_uidivmod                 
00004a29  __aeabi_uldivmod                 
ffffffff  __binit__                        
ffffffff  __c_args__                       
2000c770  __stack                          
0000716d  _args_main                       
00006a69  _c_int00                         
00007418  _ctypes_                         
2000d770  _ftable                          
2000dadc  _lock                            
000071eb  _nop                             
000071e3  _register_lock                   
000071dd  _register_unlock                 
2000cf70  _sys_memory                      
000072f5  _system_pre_init                 
2000dae0  _unlock                          
00006cc1  abort                            
000044a5  add_device                       
00006b05  atoi                             
ffffffff  binit                            
00004211  calloc                           
00004455  close                            
00006b51  copy_in                          
00006cc9  exit                             
00006397  fclose                           
00006e71  feraiseexcept                    
000060ad  fflush                           
00004d3b  fopen                            
000063c9  fputc                            
00005501  fputs                            
00003f5f  free                             
00004d11  freopen                          
00007017  frexp                            
0000695d  fseek                            
00000000  g_pfnVectors                     
2000daa0  g_ulSystemClock                  
2000db04  hqueue_count                     
2000c758  iqueue_count                     
00006a17  ldexp                            
00004431  lseek                            
000069c1  ltoa                             
00005151  main                             
2000db10  main_func_sp                     
00003ef7  malloc                           
0000412d  memalign                         
00007121  memccpy                          
000070a5  memchr                           
00006293  memcpy                           
0000666f  memset                           
00003e69  minit                            
00004383  open                             
00003591  pcTimerGetTimerName              
000066e9  printf                           
000063c9  putc                             
0000644d  putchar                          
0000560d  puts                             
00004de1  pvPortMalloc                     
0000150f  pvTaskIncrementMutexHeldCount    
0000397d  pvTimerGetTimerID                
2000da60  pxCurrentTCB                     
000053cd  pxPortInitialiseStack            
00006f91  raise                            
0000435f  read                             
00004021  realloc                          
000042d5  remove                           
00004337  remove_device                    
000042f9  rename                           
2000c76c  rqueue_count                     
00005eb1  setvbuf                          
00006d45  signal                           
0000719d  strchr                           
00007185  strcmp                           
000071f1  strcpy                           
00007205  strlen                           
00006ea5  strncpy                          
000031ad  ucQueueGetQueueType              
00007680  ulMaxSyscallInterruptPriority    
00005f9d  ulPortGetIPSR                    
00001527  ulTaskNotifyTake                 
000042d5  unlink                           
00005849  uxListRemove                     
0000318d  uxQueueGetQueueNumber            
0000312f  uxQueueMessagesWaiting           
00003165  uxQueueMessagesWaitingFromISR    
00003145  uxQueueSpacesAvailable           
000009f5  uxTaskGetNumberOfTasks           
00000a05  uxTaskGetSystemState             
00000f37  uxTaskGetTaskNumber              
000004bb  uxTaskPriorityGet                
000004ed  uxTaskPriorityGetFromISR         
000014ed  uxTaskResetEventItemValue        
00005767  vListInitialise                  
00005797  vListInitialiseItem              
000057e3  vListInsert                      
000057a7  vListInsertEnd                   
00006051  vPortEnableVFP                   
00005469  vPortEndScheduler                
0000546b  vPortEnterCritical               
0000548b  vPortExitCritical                
00004f0d  vPortFree                        
00004f75  vPortInitialiseBlocks            
00006015  vPortSVCHandler                  
000054cf  vPortSetupTimerInterrupt         
00006035  vPortStartFirstTask              
000033bb  vQueueAddToRegistry              
00003177  vQueueDelete                     
0000319b  vQueueSetQueueNumber             
000033fd  vQueueUnregisterQueue            
00003437  vQueueWaitForMessageRestricted   
0000045f  vTaskDelay                       
000003b7  vTaskDelayUntil                  
0000031b  vTaskDelete                      
000008c1  vTaskEndScheduler                
00000f2f  vTaskMissedYield                 
000018d9  vTaskNotifyGiveFromISR           
00000c65  vTaskPlaceOnEventList            
00000d3d  vTaskPlaceOnEventListRestricted  
00000cc5  vTaskPlaceOnUnorderedEventList   
00001395  vTaskPriorityInherit             
00000541  vTaskPrioritySet                 
00000749  vTaskResume                      
00000f5d  vTaskSetTaskNumber               
00000e8f  vTaskSetTimeOutState             
0000085d  vTaskStartScheduler              
00000655  vTaskSuspend                     
000008e1  vTaskSuspendAll                  
00000bf9  vTaskSwitchContext               
00003997  vTimerSetTimerID                 
00004245  write                            
00004f6f  xPortGetFreeHeapSize             
00005fb5  xPortPendSVHandler               
00005433  xPortStartScheduler              
2000dad8  xPortSysTickCount                
000054a1  xPortSysTickHandler              
00002c95  xQueueCreateCountingSemaphore    
00002b99  xQueueCreateMutex                
00002b29  xQueueGenericCreate              
00002ee9  xQueueGenericReceive             
00002a8d  xQueueGenericReset               
00002cb5  xQueueGenericSend                
00002ddd  xQueueGenericSendFromISR         
00002e69  xQueueGiveFromISR                
00002c0f  xQueueGiveMutexRecursive         
00003357  xQueueIsQueueEmptyFromISR        
00003399  xQueueIsQueueFullFromISR         
000030dd  xQueuePeekFromISR                
00003057  xQueueReceiveFromISR             
2000c674  xQueueRegistry                   
00002c4b  xQueueTakeMutexRecursive         
00000eb5  xTaskCheckForTimeOut             
00000201  xTaskGenericCreate               
000016df  xTaskGenericNotify               
000017d1  xTaskGenericNotifyFromISR        
00001349  xTaskGetCurrentTaskHandle        
00001361  xTaskGetSchedulerState           
000009d1  xTaskGetTickCount                
000009e1  xTaskGetTickCountFromISR         
00000ad5  xTaskIncrementTick               
0000197f  xTaskNotifyStateClear            
000015f5  xTaskNotifyWait                  
0000144f  xTaskPriorityDisinherit          
00000da1  xTaskRemoveFromEventList         
00000e21  xTaskRemoveFromUnorderedEventList
000008f5  xTaskResumeAll                   
000007cb  xTaskResumeFromISR               
000034cf  xTimerCreate                     
00003495  xTimerCreateTimerTask            
00003523  xTimerGenericCommand             
00003951  xTimerIsTimerActive              


GLOBAL SYMBOLS: SORTED BY Symbol Address 

address   name                             
-------   ----                             
00000000  __TI_static_base__               
00000000  g_pfnVectors                     
00000201  xTaskGenericCreate               
0000031b  vTaskDelete                      
000003b7  vTaskDelayUntil                  
0000045f  vTaskDelay                       
000004bb  uxTaskPriorityGet                
000004ed  uxTaskPriorityGetFromISR         
00000541  vTaskPrioritySet                 
00000655  vTaskSuspend                     
00000749  vTaskResume                      
000007cb  xTaskResumeFromISR               
00000800  __STACK_SIZE                     
00000800  __SYSMEM_SIZE                    
0000085d  vTaskStartScheduler              
000008c1  vTaskEndScheduler                
000008e1  vTaskSuspendAll                  
000008f5  xTaskResumeAll                   
000009d1  xTaskGetTickCount                
000009e1  xTaskGetTickCountFromISR         
000009f5  uxTaskGetNumberOfTasks           
00000a05  uxTaskGetSystemState             
00000ad5  xTaskIncrementTick               
00000bf9  vTaskSwitchContext               
00000c65  vTaskPlaceOnEventList            
00000cc5  vTaskPlaceOnUnorderedEventList   
00000d3d  vTaskPlaceOnEventListRestricted  
00000da1  xTaskRemoveFromEventList         
00000e21  xTaskRemoveFromUnorderedEventList
00000e8f  vTaskSetTimeOutState             
00000eb5  xTaskCheckForTimeOut             
00000f2f  vTaskMissedYield                 
00000f37  uxTaskGetTaskNumber              
00000f5d  vTaskSetTaskNumber               
00001349  xTaskGetCurrentTaskHandle        
00001361  xTaskGetSchedulerState           
00001395  vTaskPriorityInherit             
0000144f  xTaskPriorityDisinherit          
000014ed  uxTaskResetEventItemValue        
0000150f  pvTaskIncrementMutexHeldCount    
00001527  ulTaskNotifyTake                 
000015f5  xTaskNotifyWait                  
000016df  xTaskGenericNotify               
000017d1  xTaskGenericNotifyFromISR        
000018d9  vTaskNotifyGiveFromISR           
0000197f  xTaskNotifyStateClear            
00002785  __TI_printfi                     
00002a8b  __aeabi_idiv0                    
00002a8d  xQueueGenericReset               
00002b29  xQueueGenericCreate              
00002b99  xQueueCreateMutex                
00002c0f  xQueueGiveMutexRecursive         
00002c4b  xQueueTakeMutexRecursive         
00002c95  xQueueCreateCountingSemaphore    
00002cb5  xQueueGenericSend                
00002ddd  xQueueGenericSendFromISR         
00002e69  xQueueGiveFromISR                
00002ee9  xQueueGenericReceive             
00003057  xQueueReceiveFromISR             
000030dd  xQueuePeekFromISR                
0000312f  uxQueueMessagesWaiting           
00003145  uxQueueSpacesAvailable           
00003165  uxQueueMessagesWaitingFromISR    
00003177  vQueueDelete                     
0000318d  uxQueueGetQueueNumber            
0000319b  vQueueSetQueueNumber             
000031ad  ucQueueGetQueueType              
00003357  xQueueIsQueueEmptyFromISR        
00003399  xQueueIsQueueFullFromISR         
000033bb  vQueueAddToRegistry              
000033fd  vQueueUnregisterQueue            
00003437  vQueueWaitForMessageRestricted   
00003495  xTimerCreateTimerTask            
000034cf  xTimerCreate                     
00003523  xTimerGenericCommand             
00003591  pcTimerGetTimerName              
00003951  xTimerIsTimerActive              
0000397d  pvTimerGetTimerID                
00003997  vTimerSetTimerID                 
000039cd  UARTStdioConfig                  
00003a13  UARTwrite                        
00003a59  UARTgets                         
00003b13  UARTgetc                         
00003b39  UARTvprintf                      
00003e33  UARTprintf                       
00003e69  minit                            
00003ef7  malloc                           
00003f5f  free                             
00004021  realloc                          
0000412d  memalign                         
00004211  calloc                           
00004245  write                            
000042d5  remove                           
000042d5  unlink                           
000042f9  rename                           
00004337  remove_device                    
0000435f  read                             
00004383  open                             
00004431  lseek                            
00004455  close                            
000044a5  add_device                       
00004551  HOSTwrite                        
0000459d  HOSTunlink                       
000045d5  HOSTtime                         
0000460f  HOSTrename                       
0000466d  HOSTread                         
000046b9  HOSTopen                         
0000470b  HOSTlseek                        
00004767  HOSTgetenv                       
000047a5  HOSTclose                        
000047dd  HOSTclock                        
00004825  SysCtlClockFreqSet               
00004a29  __aeabi_uldivmod                 
00004ce5  __TI_cleanup                     
00004d11  freopen                          
00004d3b  fopen                            
00004de1  pvPortMalloc                     
00004f0d  vPortFree                        
00004f6f  xPortGetFreeHeapSize             
00004f75  vPortInitialiseBlocks            
00004f99  __aeabi_dsub                     
00004fa3  __aeabi_dadd                     
00005151  main                             
00005295  __aeabi_ddiv                     
000053cd  pxPortInitialiseStack            
00005433  xPortStartScheduler              
00005469  vPortEndScheduler                
0000546b  vPortEnterCritical               
0000548b  vPortExitCritical                
000054a1  xPortSysTickHandler              
000054cf  vPortSetupTimerInterrupt         
00005501  fputs                            
0000560d  puts                             
00005635  GPIOPadConfigSet                 
00005767  vListInitialise                  
00005797  vListInitialiseItem              
000057a7  vListInsertEnd                   
000057e3  vListInsert                      
00005849  uxListRemove                     
00005891  Task_HeaterOn                    
000059b5  _Dscale                          
00005ac5  Processor_Initialization         
00005ae9  UART_Initialization              
00005b5b  Queue_Initialization             
00005bcd  __aeabi_dmul                     
00005cc9  Task_UART_0                      
00005dc1  Task_Simple_ADC0_Ch0             
00005eb1  setvbuf                          
00005f9d  ulPortGetIPSR                    
00005fb5  xPortPendSVHandler               
00006015  vPortSVCHandler                  
00006035  vPortStartFirstTask              
00006051  vPortEnableVFP                   
00006061  __TI_doflush                     
000060ad  fflush                           
00006129  _Dnorm                           
000061e7  __TI_wrt_ok                      
00006249  __TI_rd_ok                       
00006293  __aeabi_memcpy                   
00006293  __aeabi_memcpy4                  
00006293  __aeabi_memcpy8                  
00006293  memcpy                           
00006331  __TI_closefile                   
00006397  fclose                           
000063c9  fputc                            
000063c9  putc                             
0000644d  putchar                          
00006461  __aeabi_cdcmpeq                  
00006461  __aeabi_cdcmple                  
000064e7  __aeabi_cdrcmple                 
0000656d  Task_Temp                        
000065ed  ADCSequenceStepConfigure         
00006667  __aeabi_memclr                   
00006667  __aeabi_memclr4                  
00006667  __aeabi_memclr8                  
00006669  __aeabi_memset                   
00006669  __aeabi_memset4                  
00006669  __aeabi_memset8                  
0000666f  memset                           
000066e9  printf                           
00006751  __TI_auto_init                   
00006829  __TI_writemsg                    
00006857  C$$IO$$                          
0000685b  __TI_readmsg                     
00006891  _Dunscale                        
000068f9  Task_Report                      
0000695d  fseek                            
000069c1  ltoa                             
00006a17  ldexp                            
00006a69  _c_int00                         
00006ab9  Task_Blink_LED_D1                
00006b05  atoi                             
00006b51  copy_in                          
00006b9d  GPIOPinConfigure                 
00006c2d  __aeabi_d2iz                     
00006c75  UARTConfigSetExpClk              
00006cbd  C$$EXIT                          
00006cc1  abort                            
00006cc9  exit                             
00006d01  __aeabi_d2uiz                    
00006d45  signal                           
00006d85  __aeabi_uidiv                    
00006d85  __aeabi_uidivmod                 
00006dc5  ADCSequenceConfigure             
00006e05  SysCtlPeripheralPresent          
00006e3d  SysCtlPeripheralEnable           
00006e71  feraiseexcept                    
00006ea5  strncpy                          
00006ed5  _Dclass                          
00006f05  _Feraise                         
00006f35  ADCIntStatus                     
00006f63  __aeabi_i2d                      
00006f91  raise                            
00006fc1  Task_PID                         
00006fed  GPIODirModeSet                   
00007017  frexp                            
00007041  PWMGenConfigure                  
00007065  UARTDisable                      
000070a5  memchr                           
000070c5  __aeabi_ui2d                     
000070e5  ADCSequenceDataGet               
00007103  PWMPulseWidthSet                 
00007121  memccpy                          
0000713d  ADCProcessorTrigger              
00007155  GPIOPinTypeGPIOOutput            
0000716d  _args_main                       
00007185  strcmp                           
0000719d  strchr                           
000071b5  SysCtlPWMClockSet                
000071c9  UARTEnable                       
000071dd  _register_unlock                 
000071e3  _register_lock                   
000071eb  _nop                             
000071f1  strcpy                           
00007205  strlen                           
00007219  GPIOPinTypePWM                   
0000722b  GPIOPinTypeUART                  
0000723d  PWMGenPeriodGet                  
0000724f  PWMOutputState                   
00007261  PWMGenPeriodSet                  
00007271  ADCSequenceEnable                
0000727f  UARTCharsAvail                   
0000728d  __TI_decompress_none             
0000729b  PWMGenEnable                     
000072a7  ResetISR                         
000072b3  __TI_zero_init                   
000072bf  ADCIntClear                      
000072c9  UARTCharGet                      
000072d3  UARTCharPut                      
000072dd  GPIOPinRead                      
000072e3  GPIOPinWrite                     
000072e9  UARTClockSourceSet               
000072ef  __TI_decompress_rle24            
000072f5  _system_pre_init                 
00007418  _ctypes_                         
00007680  ulMaxSyscallInterruptPriority    
0000773c  __TI_Handler_Table_Base          
00007748  __TI_Handler_Table_Limit         
00007750  __TI_CINIT_Base                  
00007760  __TI_CINIT_Limit                 
2000c350  __CIOBUF_                        
2000c570  __TI_tmpnams                     
2000c674  xQueueRegistry                   
2000c758  iqueue_count                     
2000c76c  rqueue_count                     
2000c770  __stack                          
2000c970  __STACK_TOP                      
2000cf70  __STACK_END                      
2000cf70  _sys_memory                      
2000d770  _ftable                          
2000d9e0  _Denorm                          
2000d9f0  _Eps                             
2000da00  _Hugeval                         
2000da10  _Inf                             
2000da20  _Nan                             
2000da30  _Snan                            
2000da40  _Rteps                           
2000da50  _Xbig                            
2000da58  _Zero                            
2000da60  pxCurrentTCB                     
2000da90  ReportData_Queue                 
2000da94  Heater_Queue                     
2000da98  Temp_Queue                       
2000da9c  Inp_Queue                        
2000daa0  g_ulSystemClock                  
2000daa4  ProcessorInitFlag                
2000daa8  UARTStdioInitFlag                
2000daac  FPUInitFlag                      
2000dab0  __TI_ft_end                      
2000dab4  __aeabi_stdin                    
2000dab8  __aeabi_stdout                   
2000dabc  __aeabi_stderr                   
2000dad8  xPortSysTickCount                
2000dadc  _lock                            
2000dae0  _unlock                          
2000dae4  __TI_cleanup_ptr                 
2000dae8  __TI_dtors_ptr                   
2000daec  _Fenv                            
2000daf0  _Tls_setup__Fenv                 
2000db04  hqueue_count                     
2000db08  _Errno                           
2000db10  main_func_sp                     
ffffffff  __binit__                        
ffffffff  __c_args__                       
ffffffff  binit                            
UNDEFED   SHT$$INIT_ARRAY$$Base            
UNDEFED   SHT$$INIT_ARRAY$$Limit           

[307 symbols]
