<?xml version="1.0"?>
<link_info>
   <banner>TI ARM Linker PC v5.2.5</banner>
   <copyright>Copyright (c) 1996-2015 Texas Instruments Incorporated</copyright>
   <link_time>0x5728d8dc</link_time>
   <link_errors>0x0</link_errors>
   <output_file>FreeRTOS823_3_TM4C1294_Base_Test.out</output_file>
   <entry_point>
      <name>_c_int00</name>
      <address>0x6af9</address>
   </entry_point>
   <input_file_list>
      <input_file id="fl-2">
         <path>.\</path>
         <kind>object</kind>
         <file>Main_Base_Test.obj</file>
         <name>Main_Base_Test.obj</name>
      </input_file>
      <input_file id="fl-3">
         <path>.\</path>
         <kind>object</kind>
         <file>TM4C_FreeRTOS_Base_Startup.obj</file>
         <name>TM4C_FreeRTOS_Base_Startup.obj</name>
      </input_file>
      <input_file id="fl-4">
         <path>.\</path>
         <kind>object</kind>
         <file>heap_2.obj</file>
         <name>heap_2.obj</name>
      </input_file>
      <input_file id="fl-5">
         <path>.\Tasks\</path>
         <kind>object</kind>
         <file>Task_Blinky.obj</file>
         <name>Task_Blinky.obj</name>
      </input_file>
      <input_file id="fl-6">
         <path>.\Tasks\</path>
         <kind>object</kind>
         <file>Task_HeaterOn.obj</file>
         <name>Task_HeaterOn.obj</name>
      </input_file>
      <input_file id="fl-7">
         <path>.\Tasks\</path>
         <kind>object</kind>
         <file>Task_PID.obj</file>
         <name>Task_PID.obj</name>
      </input_file>
      <input_file id="fl-8">
         <path>.\Tasks\</path>
         <kind>object</kind>
         <file>Task_Report.obj</file>
         <name>Task_Report.obj</name>
      </input_file>
      <input_file id="fl-9">
         <path>.\Tasks\</path>
         <kind>object</kind>
         <file>Task_Simple_ADC.obj</file>
         <name>Task_Simple_ADC.obj</name>
      </input_file>
      <input_file id="fl-a">
         <path>.\Tasks\</path>
         <kind>object</kind>
         <file>Task_Temp.obj</file>
         <name>Task_Temp.obj</name>
      </input_file>
      <input_file id="fl-b">
         <path>.\Tasks\</path>
         <kind>object</kind>
         <file>Task_Uart.obj</file>
         <name>Task_Uart.obj</name>
      </input_file>
      <input_file id="fl-c">
         <path>.\Source\</path>
         <kind>object</kind>
         <file>croutine.obj</file>
         <name>croutine.obj</name>
      </input_file>
      <input_file id="fl-d">
         <path>.\Source\</path>
         <kind>object</kind>
         <file>event_groups.obj</file>
         <name>event_groups.obj</name>
      </input_file>
      <input_file id="fl-e">
         <path>.\Source\</path>
         <kind>object</kind>
         <file>list.obj</file>
         <name>list.obj</name>
      </input_file>
      <input_file id="fl-f">
         <path>.\Source\</path>
         <kind>object</kind>
         <file>queue.obj</file>
         <name>queue.obj</name>
      </input_file>
      <input_file id="fl-10">
         <path>.\Source\</path>
         <kind>object</kind>
         <file>tasks.obj</file>
         <name>tasks.obj</name>
      </input_file>
      <input_file id="fl-11">
         <path>.\Source\</path>
         <kind>object</kind>
         <file>timers.obj</file>
         <name>timers.obj</name>
      </input_file>
      <input_file id="fl-12">
         <path>.\Source\portable\CCS\ARM_CM4F\</path>
         <kind>object</kind>
         <file>port.obj</file>
         <name>port.obj</name>
      </input_file>
      <input_file id="fl-13">
         <path>.\Source\portable\CCS\ARM_CM4F\</path>
         <kind>object</kind>
         <file>portasm.obj</file>
         <name>portasm.obj</name>
      </input_file>
      <input_file id="fl-14">
         <path>.\Drivers\</path>
         <kind>object</kind>
         <file>Processor_Initialization_TM4C1294.obj</file>
         <name>Processor_Initialization_TM4C1294.obj</name>
      </input_file>
      <input_file id="fl-15">
         <path>.\Drivers\</path>
         <kind>object</kind>
         <file>uartstdio.obj</file>
         <name>uartstdio.obj</name>
      </input_file>
      <input_file id="fl-13c">
         <path>C:\ti\ccsv6\tools\compiler\ti-cgt-arm_5.2.5\lib\</path>
         <kind>archive</kind>
         <file>rtsv7M4_T_le_v4SPD16_eabi.lib</file>
         <name>boot.obj</name>
      </input_file>
      <input_file id="fl-13d">
         <path>C:\ti\ccsv6\tools\compiler\ti-cgt-arm_5.2.5\lib\</path>
         <kind>archive</kind>
         <file>rtsv7M4_T_le_v4SPD16_eabi.lib</file>
         <name>copy_decompress_none.obj</name>
      </input_file>
      <input_file id="fl-13e">
         <path>C:\ti\ccsv6\tools\compiler\ti-cgt-arm_5.2.5\lib\</path>
         <kind>archive</kind>
         <file>rtsv7M4_T_le_v4SPD16_eabi.lib</file>
         <name>copy_decompress_rle.obj</name>
      </input_file>
      <input_file id="fl-13f">
         <path>C:\ti\ccsv6\tools\compiler\ti-cgt-arm_5.2.5\lib\</path>
         <kind>archive</kind>
         <file>rtsv7M4_T_le_v4SPD16_eabi.lib</file>
         <name>copy_zero_init.obj</name>
      </input_file>
      <input_file id="fl-140">
         <path>C:\ti\ccsv6\tools\compiler\ti-cgt-arm_5.2.5\lib\</path>
         <kind>archive</kind>
         <file>rtsv7M4_T_le_v4SPD16_eabi.lib</file>
         <name>exit.obj</name>
      </input_file>
      <input_file id="fl-141">
         <path>C:\ti\ccsv6\tools\compiler\ti-cgt-arm_5.2.5\lib\</path>
         <kind>archive</kind>
         <file>rtsv7M4_T_le_v4SPD16_eabi.lib</file>
         <name>fd_add_t2.obj</name>
      </input_file>
      <input_file id="fl-142">
         <path>C:\ti\ccsv6\tools\compiler\ti-cgt-arm_5.2.5\lib\</path>
         <kind>archive</kind>
         <file>rtsv7M4_T_le_v4SPD16_eabi.lib</file>
         <name>fd_cmp_t2.obj</name>
      </input_file>
      <input_file id="fl-143">
         <path>C:\ti\ccsv6\tools\compiler\ti-cgt-arm_5.2.5\lib\</path>
         <kind>archive</kind>
         <file>rtsv7M4_T_le_v4SPD16_eabi.lib</file>
         <name>fd_div_t2.obj</name>
      </input_file>
      <input_file id="fl-144">
         <path>C:\ti\ccsv6\tools\compiler\ti-cgt-arm_5.2.5\lib\</path>
         <kind>archive</kind>
         <file>rtsv7M4_T_le_v4SPD16_eabi.lib</file>
         <name>fd_mul_t2.obj</name>
      </input_file>
      <input_file id="fl-145">
         <path>C:\ti\ccsv6\tools\compiler\ti-cgt-arm_5.2.5\lib\</path>
         <kind>archive</kind>
         <file>rtsv7M4_T_le_v4SPD16_eabi.lib</file>
         <name>fd_tou_t2.obj</name>
      </input_file>
      <input_file id="fl-146">
         <path>C:\ti\ccsv6\tools\compiler\ti-cgt-arm_5.2.5\lib\</path>
         <kind>archive</kind>
         <file>rtsv7M4_T_le_v4SPD16_eabi.lib</file>
         <name>i_tofd_t2.obj</name>
      </input_file>
      <input_file id="fl-147">
         <path>C:\ti\ccsv6\tools\compiler\ti-cgt-arm_5.2.5\lib\</path>
         <kind>archive</kind>
         <file>rtsv7M4_T_le_v4SPD16_eabi.lib</file>
         <name>memcpy_t2.obj</name>
      </input_file>
      <input_file id="fl-148">
         <path>C:\ti\ccsv6\tools\compiler\ti-cgt-arm_5.2.5\lib\</path>
         <kind>archive</kind>
         <file>rtsv7M4_T_le_v4SPD16_eabi.lib</file>
         <name>memset_t2.obj</name>
      </input_file>
      <input_file id="fl-149">
         <path>C:\ti\ccsv6\tools\compiler\ti-cgt-arm_5.2.5\lib\</path>
         <kind>archive</kind>
         <file>rtsv7M4_T_le_v4SPD16_eabi.lib</file>
         <name>pre_init.obj</name>
      </input_file>
      <input_file id="fl-14a">
         <path>C:\ti\ccsv6\tools\compiler\ti-cgt-arm_5.2.5\lib\</path>
         <kind>archive</kind>
         <file>rtsv7M4_T_le_v4SPD16_eabi.lib</file>
         <name>printf.obj</name>
      </input_file>
      <input_file id="fl-14b">
         <path>C:\ti\ccsv6\tools\compiler\ti-cgt-arm_5.2.5\lib\</path>
         <kind>archive</kind>
         <file>rtsv7M4_T_le_v4SPD16_eabi.lib</file>
         <name>stkdepth_vars.obj</name>
      </input_file>
      <input_file id="fl-14c">
         <path>C:\ti\ccsv6\tools\compiler\ti-cgt-arm_5.2.5\lib\</path>
         <kind>archive</kind>
         <file>rtsv7M4_T_le_v4SPD16_eabi.lib</file>
         <name>u_divt2.obj</name>
      </input_file>
      <input_file id="fl-14d">
         <path>C:\ti\ccsv6\tools\compiler\ti-cgt-arm_5.2.5\lib\</path>
         <kind>archive</kind>
         <file>rtsv7M4_T_le_v4SPD16_eabi.lib</file>
         <name>u_tofd_t2.obj</name>
      </input_file>
      <input_file id="fl-14e">
         <path>C:\ti\ccsv6\tools\compiler\ti-cgt-arm_5.2.5\lib\</path>
         <kind>archive</kind>
         <file>rtsv7M4_T_le_v4SPD16_eabi.lib</file>
         <name>_lock.obj</name>
      </input_file>
      <input_file id="fl-14f">
         <path>C:\ti\ccsv6\tools\compiler\ti-cgt-arm_5.2.5\lib\</path>
         <kind>archive</kind>
         <file>rtsv7M4_T_le_v4SPD16_eabi.lib</file>
         <name>_printfi.obj</name>
      </input_file>
      <input_file id="fl-150">
         <path>C:\ti\ccsv6\tools\compiler\ti-cgt-arm_5.2.5\lib\</path>
         <kind>archive</kind>
         <file>rtsv7M4_T_le_v4SPD16_eabi.lib</file>
         <name>args_main.obj</name>
      </input_file>
      <input_file id="fl-151">
         <path>C:\ti\ccsv6\tools\compiler\ti-cgt-arm_5.2.5\lib\</path>
         <kind>archive</kind>
         <file>rtsv7M4_T_le_v4SPD16_eabi.lib</file>
         <name>atoi.obj</name>
      </input_file>
      <input_file id="fl-152">
         <path>C:\ti\ccsv6\tools\compiler\ti-cgt-arm_5.2.5\lib\</path>
         <kind>archive</kind>
         <file>rtsv7M4_T_le_v4SPD16_eabi.lib</file>
         <name>autoinit.obj</name>
      </input_file>
      <input_file id="fl-153">
         <path>C:\ti\ccsv6\tools\compiler\ti-cgt-arm_5.2.5\lib\</path>
         <kind>archive</kind>
         <file>rtsv7M4_T_le_v4SPD16_eabi.lib</file>
         <name>cpy_tbl.obj</name>
      </input_file>
      <input_file id="fl-154">
         <path>C:\ti\ccsv6\tools\compiler\ti-cgt-arm_5.2.5\lib\</path>
         <kind>archive</kind>
         <file>rtsv7M4_T_le_v4SPD16_eabi.lib</file>
         <name>ctype.obj</name>
      </input_file>
      <input_file id="fl-155">
         <path>C:\ti\ccsv6\tools\compiler\ti-cgt-arm_5.2.5\lib\</path>
         <kind>archive</kind>
         <file>rtsv7M4_T_le_v4SPD16_eabi.lib</file>
         <name>defs.obj</name>
      </input_file>
      <input_file id="fl-156">
         <path>C:\ti\ccsv6\tools\compiler\ti-cgt-arm_5.2.5\lib\</path>
         <kind>archive</kind>
         <file>rtsv7M4_T_le_v4SPD16_eabi.lib</file>
         <name>fd_toi_t2.obj</name>
      </input_file>
      <input_file id="fl-157">
         <path>C:\ti\ccsv6\tools\compiler\ti-cgt-arm_5.2.5\lib\</path>
         <kind>archive</kind>
         <file>rtsv7M4_T_le_v4SPD16_eabi.lib</file>
         <name>fputc.obj</name>
      </input_file>
      <input_file id="fl-158">
         <path>C:\ti\ccsv6\tools\compiler\ti-cgt-arm_5.2.5\lib\</path>
         <kind>archive</kind>
         <file>rtsv7M4_T_le_v4SPD16_eabi.lib</file>
         <name>fputs.obj</name>
      </input_file>
      <input_file id="fl-159">
         <path>C:\ti\ccsv6\tools\compiler\ti-cgt-arm_5.2.5\lib\</path>
         <kind>archive</kind>
         <file>rtsv7M4_T_le_v4SPD16_eabi.lib</file>
         <name>frexp.obj</name>
      </input_file>
      <input_file id="fl-15a">
         <path>C:\ti\ccsv6\tools\compiler\ti-cgt-arm_5.2.5\lib\</path>
         <kind>archive</kind>
         <file>rtsv7M4_T_le_v4SPD16_eabi.lib</file>
         <name>i_div0.obj</name>
      </input_file>
      <input_file id="fl-15b">
         <path>C:\ti\ccsv6\tools\compiler\ti-cgt-arm_5.2.5\lib\</path>
         <kind>archive</kind>
         <file>rtsv7M4_T_le_v4SPD16_eabi.lib</file>
         <name>ldexp.obj</name>
      </input_file>
      <input_file id="fl-15c">
         <path>C:\ti\ccsv6\tools\compiler\ti-cgt-arm_5.2.5\lib\</path>
         <kind>archive</kind>
         <file>rtsv7M4_T_le_v4SPD16_eabi.lib</file>
         <name>lowlev.obj</name>
      </input_file>
      <input_file id="fl-15d">
         <path>C:\ti\ccsv6\tools\compiler\ti-cgt-arm_5.2.5\lib\</path>
         <kind>archive</kind>
         <file>rtsv7M4_T_le_v4SPD16_eabi.lib</file>
         <name>ltoa.obj</name>
      </input_file>
      <input_file id="fl-15e">
         <path>C:\ti\ccsv6\tools\compiler\ti-cgt-arm_5.2.5\lib\</path>
         <kind>archive</kind>
         <file>rtsv7M4_T_le_v4SPD16_eabi.lib</file>
         <name>memccpy.obj</name>
      </input_file>
      <input_file id="fl-15f">
         <path>C:\ti\ccsv6\tools\compiler\ti-cgt-arm_5.2.5\lib\</path>
         <kind>archive</kind>
         <file>rtsv7M4_T_le_v4SPD16_eabi.lib</file>
         <name>memchr.obj</name>
      </input_file>
      <input_file id="fl-160">
         <path>C:\ti\ccsv6\tools\compiler\ti-cgt-arm_5.2.5\lib\</path>
         <kind>archive</kind>
         <file>rtsv7M4_T_le_v4SPD16_eabi.lib</file>
         <name>strchr.obj</name>
      </input_file>
      <input_file id="fl-161">
         <path>C:\ti\ccsv6\tools\compiler\ti-cgt-arm_5.2.5\lib\</path>
         <kind>archive</kind>
         <file>rtsv7M4_T_le_v4SPD16_eabi.lib</file>
         <name>strcmp.obj</name>
      </input_file>
      <input_file id="fl-162">
         <path>C:\ti\ccsv6\tools\compiler\ti-cgt-arm_5.2.5\lib\</path>
         <kind>archive</kind>
         <file>rtsv7M4_T_le_v4SPD16_eabi.lib</file>
         <name>strlen.obj</name>
      </input_file>
      <input_file id="fl-163">
         <path>C:\ti\ccsv6\tools\compiler\ti-cgt-arm_5.2.5\lib\</path>
         <kind>archive</kind>
         <file>rtsv7M4_T_le_v4SPD16_eabi.lib</file>
         <name>strncpy.obj</name>
      </input_file>
      <input_file id="fl-164">
         <path>C:\ti\ccsv6\tools\compiler\ti-cgt-arm_5.2.5\lib\</path>
         <kind>archive</kind>
         <file>rtsv7M4_T_le_v4SPD16_eabi.lib</file>
         <name>trgdrv.obj</name>
      </input_file>
      <input_file id="fl-165">
         <path>C:\ti\ccsv6\tools\compiler\ti-cgt-arm_5.2.5\lib\</path>
         <kind>archive</kind>
         <file>rtsv7M4_T_le_v4SPD16_eabi.lib</file>
         <name>trgmsg.obj</name>
      </input_file>
      <input_file id="fl-166">
         <path>C:\ti\ccsv6\tools\compiler\ti-cgt-arm_5.2.5\lib\</path>
         <kind>archive</kind>
         <file>rtsv7M4_T_le_v4SPD16_eabi.lib</file>
         <name>ull_div_t2.obj</name>
      </input_file>
      <input_file id="fl-167">
         <path>C:\ti\ccsv6\tools\compiler\ti-cgt-arm_5.2.5\lib\</path>
         <kind>archive</kind>
         <file>rtsv7M4_T_le_v4SPD16_eabi.lib</file>
         <name>xdclass.obj</name>
      </input_file>
      <input_file id="fl-168">
         <path>C:\ti\ccsv6\tools\compiler\ti-cgt-arm_5.2.5\lib\</path>
         <kind>archive</kind>
         <file>rtsv7M4_T_le_v4SPD16_eabi.lib</file>
         <name>xdscale.obj</name>
      </input_file>
      <input_file id="fl-169">
         <path>C:\ti\ccsv6\tools\compiler\ti-cgt-arm_5.2.5\lib\</path>
         <kind>archive</kind>
         <file>rtsv7M4_T_le_v4SPD16_eabi.lib</file>
         <name>xdunscal.obj</name>
      </input_file>
      <input_file id="fl-16a">
         <path>C:\ti\ccsv6\tools\compiler\ti-cgt-arm_5.2.5\lib\</path>
         <kind>archive</kind>
         <file>rtsv7M4_T_le_v4SPD16_eabi.lib</file>
         <name>xferaise.obj</name>
      </input_file>
      <input_file id="fl-16b">
         <path>C:\ti\ccsv6\tools\compiler\ti-cgt-arm_5.2.5\lib\</path>
         <kind>archive</kind>
         <file>rtsv7M4_T_le_v4SPD16_eabi.lib</file>
         <name>xvalues.obj</name>
      </input_file>
      <input_file id="fl-16c">
         <path>C:\ti\ccsv6\tools\compiler\ti-cgt-arm_5.2.5\lib\</path>
         <kind>archive</kind>
         <file>rtsv7M4_T_le_v4SPD16_eabi.lib</file>
         <name>_io_perm.obj</name>
      </input_file>
      <input_file id="fl-16d">
         <path>C:\ti\ccsv6\tools\compiler\ti-cgt-arm_5.2.5\lib\</path>
         <kind>archive</kind>
         <file>rtsv7M4_T_le_v4SPD16_eabi.lib</file>
         <name>errno.obj</name>
      </input_file>
      <input_file id="fl-16e">
         <path>C:\ti\ccsv6\tools\compiler\ti-cgt-arm_5.2.5\lib\</path>
         <kind>archive</kind>
         <file>rtsv7M4_T_le_v4SPD16_eabi.lib</file>
         <name>feraiseexcept.obj</name>
      </input_file>
      <input_file id="fl-16f">
         <path>C:\ti\ccsv6\tools\compiler\ti-cgt-arm_5.2.5\lib\</path>
         <kind>archive</kind>
         <file>rtsv7M4_T_le_v4SPD16_eabi.lib</file>
         <name>fflush.obj</name>
      </input_file>
      <input_file id="fl-170">
         <path>C:\ti\ccsv6\tools\compiler\ti-cgt-arm_5.2.5\lib\</path>
         <kind>archive</kind>
         <file>rtsv7M4_T_le_v4SPD16_eabi.lib</file>
         <name>fseek.obj</name>
      </input_file>
      <input_file id="fl-171">
         <path>C:\ti\ccsv6\tools\compiler\ti-cgt-arm_5.2.5\lib\</path>
         <kind>archive</kind>
         <file>rtsv7M4_T_le_v4SPD16_eabi.lib</file>
         <name>raise.obj</name>
      </input_file>
      <input_file id="fl-172">
         <path>C:\ti\ccsv6\tools\compiler\ti-cgt-arm_5.2.5\lib\</path>
         <kind>archive</kind>
         <file>rtsv7M4_T_le_v4SPD16_eabi.lib</file>
         <name>setvbuf.obj</name>
      </input_file>
      <input_file id="fl-173">
         <path>C:\ti\ccsv6\tools\compiler\ti-cgt-arm_5.2.5\lib\</path>
         <kind>archive</kind>
         <file>rtsv7M4_T_le_v4SPD16_eabi.lib</file>
         <name>signal.obj</name>
      </input_file>
      <input_file id="fl-174">
         <path>C:\ti\ccsv6\tools\compiler\ti-cgt-arm_5.2.5\lib\</path>
         <kind>archive</kind>
         <file>rtsv7M4_T_le_v4SPD16_eabi.lib</file>
         <name>strcpy.obj</name>
      </input_file>
      <input_file id="fl-175">
         <path>C:\ti\ccsv6\tools\compiler\ti-cgt-arm_5.2.5\lib\</path>
         <kind>archive</kind>
         <file>rtsv7M4_T_le_v4SPD16_eabi.lib</file>
         <name>xdnorm.obj</name>
      </input_file>
      <input_file id="fl-176">
         <path>C:\ti\ccsv6\tools\compiler\ti-cgt-arm_5.2.5\lib\</path>
         <kind>archive</kind>
         <file>rtsv7M4_T_le_v4SPD16_eabi.lib</file>
         <name>fopen.obj</name>
      </input_file>
      <input_file id="fl-177">
         <path>C:\ti\ccsv6\tools\compiler\ti-cgt-arm_5.2.5\lib\</path>
         <kind>archive</kind>
         <file>rtsv7M4_T_le_v4SPD16_eabi.lib</file>
         <name>memory.obj</name>
      </input_file>
      <input_file id="fl-178">
         <path>C:\ti\ccsv6\tools\compiler\ti-cgt-arm_5.2.5\lib\</path>
         <kind>archive</kind>
         <file>rtsv7M4_T_le_v4SPD16_eabi.lib</file>
         <name>fclose.obj</name>
      </input_file>
      <input_file id="fl-179">
         <path>C:\ti\ccsv6\tools\compiler\ti-cgt-arm_5.2.5\lib\</path>
         <kind>archive</kind>
         <file>rtsv7M4_T_le_v4SPD16_eabi.lib</file>
         <name>remove.obj</name>
      </input_file>
      <input_file id="fl-17a">
         <path>C:\TI_CodeComposer\TivaWare\driverlib\ccs\Debug\</path>
         <kind>archive</kind>
         <file>driverlib.lib</file>
         <name>adc.obj</name>
      </input_file>
      <input_file id="fl-17b">
         <path>C:\TI_CodeComposer\TivaWare\driverlib\ccs\Debug\</path>
         <kind>archive</kind>
         <file>driverlib.lib</file>
         <name>gpio.obj</name>
      </input_file>
      <input_file id="fl-17c">
         <path>C:\TI_CodeComposer\TivaWare\driverlib\ccs\Debug\</path>
         <kind>archive</kind>
         <file>driverlib.lib</file>
         <name>interrupt.obj</name>
      </input_file>
      <input_file id="fl-17d">
         <path>C:\TI_CodeComposer\TivaWare\driverlib\ccs\Debug\</path>
         <kind>archive</kind>
         <file>driverlib.lib</file>
         <name>pwm.obj</name>
      </input_file>
      <input_file id="fl-17e">
         <path>C:\TI_CodeComposer\TivaWare\driverlib\ccs\Debug\</path>
         <kind>archive</kind>
         <file>driverlib.lib</file>
         <name>sysctl.obj</name>
      </input_file>
      <input_file id="fl-17f">
         <path>C:\TI_CodeComposer\TivaWare\driverlib\ccs\Debug\</path>
         <kind>archive</kind>
         <file>driverlib.lib</file>
         <name>uart.obj</name>
      </input_file>
      <input_file id="fl-180">
         <path>C:\TI_CodeComposer\TivaWare\driverlib\ccs\Debug\</path>
         <kind>archive</kind>
         <file>driverlib.lib</file>
         <name>cpu.obj</name>
      </input_file>
   </input_file_list>
   <object_component_list>
      <object_component id="oc-f">
         <name>.intvecs</name>
         <load_address>0x0</load_address>
         <run_address>0x0</run_address>
         <size>0x200</size>
         <input_file_ref idref="fl-3"/>
      </object_component>
      <object_component id="oc-92">
         <name>.text</name>
         <load_address>0x200</load_address>
         <run_address>0x200</run_address>
         <size>0x17d0</size>
         <input_file_ref idref="fl-10"/>
      </object_component>
      <object_component id="oc-347">
         <name>.text</name>
         <load_address>0x19d0</load_address>
         <run_address>0x19d0</run_address>
         <size>0x10ba</size>
         <input_file_ref idref="fl-14f"/>
      </object_component>
      <object_component id="oc-3a0">
         <name>.text</name>
         <load_address>0x2a8a</load_address>
         <run_address>0x2a8a</run_address>
         <size>0x2</size>
         <input_file_ref idref="fl-15a"/>
      </object_component>
      <object_component id="oc-184">
         <name>.text</name>
         <load_address>0x2a8c</load_address>
         <run_address>0x2a8c</run_address>
         <size>0xa08</size>
         <input_file_ref idref="fl-f"/>
      </object_component>
      <object_component id="oc-fa">
         <name>.text</name>
         <load_address>0x3494</load_address>
         <run_address>0x3494</run_address>
         <size>0x538</size>
         <input_file_ref idref="fl-11"/>
      </object_component>
      <object_component id="oc-1e0">
         <name>.text</name>
         <load_address>0x39cc</load_address>
         <run_address>0x39cc</run_address>
         <size>0x49c</size>
         <input_file_ref idref="fl-15"/>
      </object_component>
      <object_component id="oc-483">
         <name>.text</name>
         <load_address>0x3e68</load_address>
         <run_address>0x3e68</run_address>
         <size>0x3dc</size>
         <input_file_ref idref="fl-177"/>
      </object_component>
      <object_component id="oc-3b7">
         <name>.text</name>
         <load_address>0x4244</load_address>
         <run_address>0x4244</run_address>
         <size>0x30c</size>
         <input_file_ref idref="fl-15c"/>
      </object_component>
      <object_component id="oc-4a0">
         <name>.text</name>
         <load_address>0x4550</load_address>
         <run_address>0x4550</run_address>
         <size>0x2d4</size>
         <input_file_ref idref="fl-164"/>
      </object_component>
      <object_component id="oc-1b0">
         <name>.text:SysCtlClockFreqSet</name>
         <load_address>0x4824</load_address>
         <run_address>0x4824</run_address>
         <size>0x204</size>
         <input_file_ref idref="fl-17e"/>
      </object_component>
      <object_component id="oc-3cd">
         <name>.text</name>
         <load_address>0x4a28</load_address>
         <run_address>0x4a28</run_address>
         <size>0x1f4</size>
         <input_file_ref idref="fl-166"/>
      </object_component>
      <object_component id="oc-489">
         <name>.text</name>
         <load_address>0x4c1c</load_address>
         <run_address>0x4c1c</run_address>
         <size>0x1c4</size>
         <input_file_ref idref="fl-176"/>
      </object_component>
      <object_component id="oc-104">
         <name>.text</name>
         <load_address>0x4de0</load_address>
         <run_address>0x4de0</run_address>
         <size>0x1b8</size>
         <input_file_ref idref="fl-4"/>
      </object_component>
      <object_component id="oc-216">
         <name>.text</name>
         <load_address>0x4f98</load_address>
         <run_address>0x4f98</run_address>
         <size>0x1b6</size>
         <input_file_ref idref="fl-141"/>
      </object_component>
      <object_component id="oc-152">
         <name>.text</name>
         <load_address>0x5150</load_address>
         <run_address>0x5150</run_address>
         <size>0x184</size>
         <input_file_ref idref="fl-6"/>
      </object_component>
      <object_component id="oc-251">
         <name>.text</name>
         <load_address>0x52d4</load_address>
         <run_address>0x52d4</run_address>
         <size>0x136</size>
         <input_file_ref idref="fl-143"/>
      </object_component>
      <object_component id="oc-3b">
         <name>.text</name>
         <load_address>0x540c</load_address>
         <run_address>0x540c</run_address>
         <size>0x134</size>
         <input_file_ref idref="fl-12"/>
      </object_component>
      <object_component id="oc-341">
         <name>.text</name>
         <load_address>0x5540</load_address>
         <run_address>0x5540</run_address>
         <size>0x134</size>
         <input_file_ref idref="fl-158"/>
      </object_component>
      <object_component id="oc-1f0">
         <name>.text:GPIOPadConfigSet</name>
         <load_address>0x5674</load_address>
         <run_address>0x5674</run_address>
         <size>0x132</size>
         <input_file_ref idref="fl-17b"/>
      </object_component>
      <object_component id="oc-f0">
         <name>.text</name>
         <load_address>0x57a6</load_address>
         <run_address>0x57a6</run_address>
         <size>0x12a</size>
         <input_file_ref idref="fl-e"/>
      </object_component>
      <object_component id="oc-cb">
         <name>.text</name>
         <load_address>0x58d0</load_address>
         <run_address>0x58d0</run_address>
         <size>0x124</size>
         <input_file_ref idref="fl-2"/>
      </object_component>
      <object_component id="oc-134">
         <name>.text</name>
         <load_address>0x59f4</load_address>
         <run_address>0x59f4</run_address>
         <size>0x11c</size>
         <input_file_ref idref="fl-14"/>
      </object_component>
      <object_component id="oc-45f">
         <name>.text</name>
         <load_address>0x5b10</load_address>
         <run_address>0x5b10</run_address>
         <size>0x110</size>
         <input_file_ref idref="fl-168"/>
      </object_component>
      <object_component id="oc-158">
         <name>.text</name>
         <load_address>0x5c20</load_address>
         <run_address>0x5c20</run_address>
         <size>0x104</size>
         <input_file_ref idref="fl-b"/>
      </object_component>
      <object_component id="oc-14c">
         <name>.text</name>
         <load_address>0x5d24</load_address>
         <run_address>0x5d24</run_address>
         <size>0xfc</size>
         <input_file_ref idref="fl-9"/>
      </object_component>
      <object_component id="oc-211">
         <name>.text</name>
         <load_address>0x5e20</load_address>
         <run_address>0x5e20</run_address>
         <size>0xfc</size>
         <input_file_ref idref="fl-144"/>
      </object_component>
      <object_component id="oc-427">
         <name>.text</name>
         <load_address>0x5f1c</load_address>
         <run_address>0x5f1c</run_address>
         <size>0xdc</size>
         <input_file_ref idref="fl-172"/>
      </object_component>
      <object_component id="oc-36">
         <name>.text</name>
         <load_address>0x5ff8</load_address>
         <run_address>0x5ff8</run_address>
         <size>0xd2</size>
         <input_file_ref idref="fl-13"/>
      </object_component>
      <object_component id="oc-3b1">
         <name>.text</name>
         <load_address>0x60cc</load_address>
         <run_address>0x60cc</run_address>
         <size>0xc8</size>
         <input_file_ref idref="fl-16f"/>
      </object_component>
      <object_component id="oc-4b5">
         <name>.text</name>
         <load_address>0x6194</load_address>
         <run_address>0x6194</run_address>
         <size>0xbe</size>
         <input_file_ref idref="fl-175"/>
      </object_component>
      <object_component id="oc-3ab">
         <name>.text</name>
         <load_address>0x6252</load_address>
         <run_address>0x6252</run_address>
         <size>0xac</size>
         <input_file_ref idref="fl-16c"/>
      </object_component>
      <object_component id="oc-44">
         <name>.text</name>
         <load_address>0x62fe</load_address>
         <run_address>0x62fe</run_address>
         <size>0x9c</size>
         <input_file_ref idref="fl-147"/>
      </object_component>
      <object_component id="oc-140">
         <name>.text</name>
         <load_address>0x639c</load_address>
         <run_address>0x639c</run_address>
         <size>0x98</size>
         <input_file_ref idref="fl-8"/>
      </object_component>
      <object_component id="oc-4e1">
         <name>.text</name>
         <load_address>0x6434</load_address>
         <run_address>0x6434</run_address>
         <size>0x98</size>
         <input_file_ref idref="fl-178"/>
      </object_component>
      <object_component id="oc-33b">
         <name>.text</name>
         <load_address>0x64cc</load_address>
         <run_address>0x64cc</run_address>
         <size>0x98</size>
         <input_file_ref idref="fl-157"/>
      </object_component>
      <object_component id="oc-29c">
         <name>.text:__aeabi_cdcmple</name>
         <load_address>0x6564</load_address>
         <run_address>0x6564</run_address>
         <size>0x86</size>
         <input_file_ref idref="fl-142"/>
      </object_component>
      <object_component id="oc-297">
         <name>.text:__aeabi_cdrcmple</name>
         <load_address>0x65ea</load_address>
         <run_address>0x65ea</run_address>
         <size>0x86</size>
         <input_file_ref idref="fl-142"/>
      </object_component>
      <object_component id="oc-228">
         <name>.text:ADCSequenceStepConfigure</name>
         <load_address>0x6670</load_address>
         <run_address>0x6670</run_address>
         <size>0x7a</size>
         <input_file_ref idref="fl-17a"/>
      </object_component>
      <object_component id="oc-5d">
         <name>.text</name>
         <load_address>0x66ea</load_address>
         <run_address>0x66ea</run_address>
         <size>0x7a</size>
         <input_file_ref idref="fl-148"/>
      </object_component>
      <object_component id="oc-146">
         <name>.text</name>
         <load_address>0x6764</load_address>
         <run_address>0x6764</run_address>
         <size>0x70</size>
         <input_file_ref idref="fl-a"/>
      </object_component>
      <object_component id="oc-256">
         <name>.text</name>
         <load_address>0x67d4</load_address>
         <run_address>0x67d4</run_address>
         <size>0x70</size>
         <input_file_ref idref="fl-14a"/>
      </object_component>
      <object_component id="oc-6f">
         <name>.text</name>
         <load_address>0x6844</load_address>
         <run_address>0x6844</run_address>
         <size>0x6c</size>
         <input_file_ref idref="fl-152"/>
      </object_component>
      <object_component id="oc-50">
         <name>.text</name>
         <load_address>0x68b0</load_address>
         <run_address>0x68b0</run_address>
         <size>0x6a</size>
         <input_file_ref idref="fl-13e"/>
      </object_component>
      <object_component id="oc-4f0">
         <name>.text</name>
         <load_address>0x691c</load_address>
         <run_address>0x691c</run_address>
         <size>0x68</size>
         <input_file_ref idref="fl-165"/>
      </object_component>
      <object_component id="oc-457">
         <name>.text</name>
         <load_address>0x6984</load_address>
         <run_address>0x6984</run_address>
         <size>0x66</size>
         <input_file_ref idref="fl-169"/>
      </object_component>
      <object_component id="oc-421">
         <name>.text</name>
         <load_address>0x69ec</load_address>
         <run_address>0x69ec</run_address>
         <size>0x64</size>
         <input_file_ref idref="fl-170"/>
      </object_component>
      <object_component id="oc-3d7">
         <name>.text</name>
         <load_address>0x6a50</load_address>
         <run_address>0x6a50</run_address>
         <size>0x56</size>
         <input_file_ref idref="fl-15d"/>
      </object_component>
      <object_component id="oc-3e3">
         <name>.text</name>
         <load_address>0x6aa6</load_address>
         <run_address>0x6aa6</run_address>
         <size>0x52</size>
         <input_file_ref idref="fl-15b"/>
      </object_component>
      <object_component id="oc-24">
         <name>.text</name>
         <load_address>0x6af8</load_address>
         <run_address>0x6af8</run_address>
         <size>0x50</size>
         <input_file_ref idref="fl-13c"/>
      </object_component>
      <object_component id="oc-13a">
         <name>.text</name>
         <load_address>0x6b48</load_address>
         <run_address>0x6b48</run_address>
         <size>0x4c</size>
         <input_file_ref idref="fl-5"/>
      </object_component>
      <object_component id="oc-3fb">
         <name>.text</name>
         <load_address>0x6b94</load_address>
         <run_address>0x6b94</run_address>
         <size>0x4c</size>
         <input_file_ref idref="fl-151"/>
      </object_component>
      <object_component id="oc-c3">
         <name>.text</name>
         <load_address>0x6be0</load_address>
         <run_address>0x6be0</run_address>
         <size>0x4c</size>
         <input_file_ref idref="fl-153"/>
      </object_component>
      <object_component id="oc-1bc">
         <name>.text:GPIOPinConfigure</name>
         <load_address>0x6c2c</load_address>
         <run_address>0x6c2c</run_address>
         <size>0x48</size>
         <input_file_ref idref="fl-17b"/>
      </object_component>
      <object_component id="oc-2dc">
         <name>.text:_SysCtlFrequencyGet</name>
         <load_address>0x6c74</load_address>
         <run_address>0x6c74</run_address>
         <size>0x48</size>
         <input_file_ref idref="fl-17e"/>
      </object_component>
      <object_component id="oc-3d2">
         <name>.text</name>
         <load_address>0x6cbc</load_address>
         <run_address>0x6cbc</run_address>
         <size>0x48</size>
         <input_file_ref idref="fl-156"/>
      </object_component>
      <object_component id="oc-1ce">
         <name>.text:UARTConfigSetExpClk</name>
         <load_address>0x6d04</load_address>
         <run_address>0x6d04</run_address>
         <size>0x46</size>
         <input_file_ref idref="fl-17f"/>
      </object_component>
      <object_component id="oc-7b">
         <name>.text</name>
         <load_address>0x6d4c</load_address>
         <run_address>0x6d4c</run_address>
         <size>0x44</size>
         <input_file_ref idref="fl-140"/>
      </object_component>
      <object_component id="oc-21b">
         <name>.text</name>
         <load_address>0x6d90</load_address>
         <run_address>0x6d90</run_address>
         <size>0x44</size>
         <input_file_ref idref="fl-145"/>
      </object_component>
      <object_component id="oc-534">
         <name>.text</name>
         <load_address>0x6dd4</load_address>
         <run_address>0x6dd4</run_address>
         <size>0x40</size>
         <input_file_ref idref="fl-173"/>
      </object_component>
      <object_component id="oc-311">
         <name>.text</name>
         <load_address>0x6e14</load_address>
         <run_address>0x6e14</run_address>
         <size>0x40</size>
         <input_file_ref idref="fl-14c"/>
      </object_component>
      <object_component id="oc-222">
         <name>.text:ADCSequenceConfigure</name>
         <load_address>0x6e54</load_address>
         <run_address>0x6e54</run_address>
         <size>0x3e</size>
         <input_file_ref idref="fl-17a"/>
      </object_component>
      <object_component id="oc-305">
         <name>.text:SysCtlPeripheralPresent</name>
         <load_address>0x6e94</load_address>
         <run_address>0x6e94</run_address>
         <size>0x38</size>
         <input_file_ref idref="fl-17e"/>
      </object_component>
      <object_component id="oc-1b6">
         <name>.text:SysCtlPeripheralEnable</name>
         <load_address>0x6ecc</load_address>
         <run_address>0x6ecc</run_address>
         <size>0x34</size>
         <input_file_ref idref="fl-17e"/>
      </object_component>
      <object_component id="oc-4c4">
         <name>.text</name>
         <load_address>0x6f00</load_address>
         <run_address>0x6f00</run_address>
         <size>0x34</size>
         <input_file_ref idref="fl-16e"/>
      </object_component>
      <object_component id="oc-43a">
         <name>.text</name>
         <load_address>0x6f34</load_address>
         <run_address>0x6f34</run_address>
         <size>0x30</size>
         <input_file_ref idref="fl-163"/>
      </object_component>
      <object_component id="oc-3ef">
         <name>.text</name>
         <load_address>0x6f64</load_address>
         <run_address>0x6f64</run_address>
         <size>0x30</size>
         <input_file_ref idref="fl-167"/>
      </object_component>
      <object_component id="oc-465">
         <name>.text</name>
         <load_address>0x6f94</load_address>
         <run_address>0x6f94</run_address>
         <size>0x30</size>
         <input_file_ref idref="fl-16a"/>
      </object_component>
      <object_component id="oc-23a">
         <name>.text:ADCIntStatus</name>
         <load_address>0x6fc4</load_address>
         <run_address>0x6fc4</run_address>
         <size>0x2e</size>
         <input_file_ref idref="fl-17a"/>
      </object_component>
      <object_component id="oc-292">
         <name>.text</name>
         <load_address>0x6ff2</load_address>
         <run_address>0x6ff2</run_address>
         <size>0x2e</size>
         <input_file_ref idref="fl-146"/>
      </object_component>
      <object_component id="oc-512">
         <name>.text</name>
         <load_address>0x7020</load_address>
         <run_address>0x7020</run_address>
         <size>0x2e</size>
         <input_file_ref idref="fl-171"/>
      </object_component>
      <object_component id="oc-2f3">
         <name>.text:GPIODirModeSet</name>
         <load_address>0x704e</load_address>
         <run_address>0x704e</run_address>
         <size>0x2a</size>
         <input_file_ref idref="fl-17b"/>
      </object_component>
      <object_component id="oc-3dd">
         <name>.text</name>
         <load_address>0x7078</load_address>
         <run_address>0x7078</run_address>
         <size>0x2a</size>
         <input_file_ref idref="fl-159"/>
      </object_component>
      <object_component id="oc-26e">
         <name>.text:PWMGenConfigure</name>
         <load_address>0x70a2</load_address>
         <run_address>0x70a2</run_address>
         <size>0x22</size>
         <input_file_ref idref="fl-17d"/>
      </object_component>
      <object_component id="oc-2fc">
         <name>.text:UARTDisable</name>
         <load_address>0x70c4</load_address>
         <run_address>0x70c4</run_address>
         <size>0x20</size>
         <input_file_ref idref="fl-17f"/>
      </object_component>
      <object_component id="oc-2d6">
         <name>.text:_SysCtlMemTimingGet</name>
         <load_address>0x70e4</load_address>
         <run_address>0x70e4</run_address>
         <size>0x20</size>
         <input_file_ref idref="fl-17e"/>
      </object_component>
      <object_component id="oc-3c5">
         <name>.text</name>
         <load_address>0x7104</load_address>
         <run_address>0x7104</run_address>
         <size>0x20</size>
         <input_file_ref idref="fl-15f"/>
      </object_component>
      <object_component id="oc-24c">
         <name>.text</name>
         <load_address>0x7124</load_address>
         <run_address>0x7124</run_address>
         <size>0x20</size>
         <input_file_ref idref="fl-14d"/>
      </object_component>
      <object_component id="oc-240">
         <name>.text:ADCSequenceDataGet</name>
         <load_address>0x7144</load_address>
         <run_address>0x7144</run_address>
         <size>0x1e</size>
         <input_file_ref idref="fl-17a"/>
      </object_component>
      <object_component id="oc-280">
         <name>.text:PWMPulseWidthSet</name>
         <load_address>0x7162</load_address>
         <run_address>0x7162</run_address>
         <size>0x1e</size>
         <input_file_ref idref="fl-17d"/>
      </object_component>
      <object_component id="oc-3f5">
         <name>.text</name>
         <load_address>0x7180</load_address>
         <run_address>0x7180</run_address>
         <size>0x1c</size>
         <input_file_ref idref="fl-15e"/>
      </object_component>
      <object_component id="oc-234">
         <name>.text:ADCProcessorTrigger</name>
         <load_address>0x719c</load_address>
         <run_address>0x719c</run_address>
         <size>0x18</size>
         <input_file_ref idref="fl-17a"/>
      </object_component>
      <object_component id="oc-1ea">
         <name>.text:GPIOPinTypeGPIOOutput</name>
         <load_address>0x71b4</load_address>
         <run_address>0x71b4</run_address>
         <size>0x18</size>
         <input_file_ref idref="fl-17b"/>
      </object_component>
      <object_component id="oc-75">
         <name>.text</name>
         <load_address>0x71cc</load_address>
         <run_address>0x71cc</run_address>
         <size>0x18</size>
         <input_file_ref idref="fl-150"/>
      </object_component>
      <object_component id="oc-434">
         <name>.text</name>
         <load_address>0x71e4</load_address>
         <run_address>0x71e4</run_address>
         <size>0x18</size>
         <input_file_ref idref="fl-161"/>
      </object_component>
      <object_component id="oc-3e9">
         <name>.text</name>
         <load_address>0x71fc</load_address>
         <run_address>0x71fc</run_address>
         <size>0x16</size>
         <input_file_ref idref="fl-160"/>
      </object_component>
      <object_component id="oc-262">
         <name>.text:SysCtlPWMClockSet</name>
         <load_address>0x7214</load_address>
         <run_address>0x7214</run_address>
         <size>0x14</size>
         <input_file_ref idref="fl-17e"/>
      </object_component>
      <object_component id="oc-1d4">
         <name>.text:UARTEnable</name>
         <load_address>0x7228</load_address>
         <run_address>0x7228</run_address>
         <size>0x14</size>
         <input_file_ref idref="fl-17f"/>
      </object_component>
      <object_component id="oc-166">
         <name>.text</name>
         <load_address>0x723c</load_address>
         <run_address>0x723c</run_address>
         <size>0x14</size>
         <input_file_ref idref="fl-14e"/>
      </object_component>
      <object_component id="oc-4f6">
         <name>.text</name>
         <load_address>0x7250</load_address>
         <run_address>0x7250</run_address>
         <size>0x14</size>
         <input_file_ref idref="fl-174"/>
      </object_component>
      <object_component id="oc-3bf">
         <name>.text</name>
         <load_address>0x7264</load_address>
         <run_address>0x7264</run_address>
         <size>0x14</size>
         <input_file_ref idref="fl-162"/>
      </object_component>
      <object_component id="oc-268">
         <name>.text:GPIOPinTypePWM</name>
         <load_address>0x7278</load_address>
         <run_address>0x7278</run_address>
         <size>0x12</size>
         <input_file_ref idref="fl-17b"/>
      </object_component>
      <object_component id="oc-1c2">
         <name>.text:GPIOPinTypeUART</name>
         <load_address>0x728a</load_address>
         <run_address>0x728a</run_address>
         <size>0x12</size>
         <input_file_ref idref="fl-17b"/>
      </object_component>
      <object_component id="oc-27a">
         <name>.text:PWMGenPeriodGet</name>
         <load_address>0x729c</load_address>
         <run_address>0x729c</run_address>
         <size>0x12</size>
         <input_file_ref idref="fl-17d"/>
      </object_component>
      <object_component id="oc-286">
         <name>.text:PWMOutputState</name>
         <load_address>0x72ae</load_address>
         <run_address>0x72ae</run_address>
         <size>0x12</size>
         <input_file_ref idref="fl-17d"/>
      </object_component>
      <object_component id="oc-274">
         <name>.text:PWMGenPeriodSet</name>
         <load_address>0x72c0</load_address>
         <run_address>0x72c0</run_address>
         <size>0x10</size>
         <input_file_ref idref="fl-17d"/>
      </object_component>
      <object_component id="oc-22e">
         <name>.text:ADCSequenceEnable</name>
         <load_address>0x72d0</load_address>
         <run_address>0x72d0</run_address>
         <size>0xe</size>
         <input_file_ref idref="fl-17a"/>
      </object_component>
      <object_component id="oc-2a3">
         <name>.text:UARTCharsAvail</name>
         <load_address>0x72de</load_address>
         <run_address>0x72de</run_address>
         <size>0xe</size>
         <input_file_ref idref="fl-17f"/>
      </object_component>
      <object_component id="oc-12">
         <name>.text:decompress:none</name>
         <load_address>0x72ec</load_address>
         <run_address>0x72ec</run_address>
         <size>0xe</size>
         <input_file_ref idref="fl-13d"/>
      </object_component>
      <object_component id="oc-28c">
         <name>.text:PWMGenEnable</name>
         <load_address>0x72fa</load_address>
         <run_address>0x72fa</run_address>
         <size>0xc</size>
         <input_file_ref idref="fl-17d"/>
      </object_component>
      <object_component id="oc-30">
         <name>.text</name>
         <load_address>0x7306</load_address>
         <run_address>0x7306</run_address>
         <size>0xc</size>
         <input_file_ref idref="fl-3"/>
      </object_component>
      <object_component id="oc-1e">
         <name>.text:decompress:ZI</name>
         <load_address>0x7312</load_address>
         <run_address>0x7312</run_address>
         <size>0xc</size>
         <input_file_ref idref="fl-13f"/>
      </object_component>
      <object_component id="oc-246">
         <name>.text:ADCIntClear</name>
         <load_address>0x731e</load_address>
         <run_address>0x731e</run_address>
         <size>0xa</size>
         <input_file_ref idref="fl-17a"/>
      </object_component>
      <object_component id="oc-2a9">
         <name>.text:UARTCharGet</name>
         <load_address>0x7328</load_address>
         <run_address>0x7328</run_address>
         <size>0xa</size>
         <input_file_ref idref="fl-17f"/>
      </object_component>
      <object_component id="oc-1da">
         <name>.text:UARTCharPut</name>
         <load_address>0x7332</load_address>
         <run_address>0x7332</run_address>
         <size>0xa</size>
         <input_file_ref idref="fl-17f"/>
      </object_component>
      <object_component id="oc-1f6">
         <name>.text:GPIOPinRead</name>
         <load_address>0x733c</load_address>
         <run_address>0x733c</run_address>
         <size>0x6</size>
         <input_file_ref idref="fl-17b"/>
      </object_component>
      <object_component id="oc-1fc">
         <name>.text:GPIOPinWrite</name>
         <load_address>0x7342</load_address>
         <run_address>0x7342</run_address>
         <size>0x6</size>
         <input_file_ref idref="fl-17b"/>
      </object_component>
      <object_component id="oc-1c8">
         <name>.text:UARTClockSourceSet</name>
         <load_address>0x7348</load_address>
         <run_address>0x7348</run_address>
         <size>0x6</size>
         <input_file_ref idref="fl-17f"/>
      </object_component>
      <object_component id="oc-18">
         <name>.text:decompress:rle24</name>
         <load_address>0x734e</load_address>
         <run_address>0x734e</run_address>
         <size>0x6</size>
         <input_file_ref idref="fl-13e"/>
      </object_component>
      <object_component id="oc-69">
         <name>.text</name>
         <load_address>0x7354</load_address>
         <run_address>0x7354</run_address>
         <size>0x4</size>
         <input_file_ref idref="fl-149"/>
      </object_component>
      <object_component id="oc-2e5">
         <name>.const:g_pppui32XTALtoVCO</name>
         <load_address>0x7358</load_address>
         <run_address>0x7358</run_address>
         <size>0x120</size>
         <input_file_ref idref="fl-17e"/>
      </object_component>
      <object_component id="oc-473">
         <name>.const:.string:_ctypes_</name>
         <load_address>0x7478</load_address>
         <run_address>0x7478</run_address>
         <size>0x101</size>
         <input_file_ref idref="fl-154"/>
      </object_component>
      <object_component id="oc-1a3">
         <name>.const</name>
         <load_address>0x757a</load_address>
         <run_address>0x757a</run_address>
         <size>0x2</size>
         <input_file_ref idref="fl-4"/>
      </object_component>
      <object_component id="oc-2ee">
         <name>.const:g_pui32GPIOBaseAddrs</name>
         <load_address>0x757c</load_address>
         <run_address>0x757c</run_address>
         <size>0x90</size>
         <input_file_ref idref="fl-17b"/>
      </object_component>
      <object_component id="oc-2e2">
         <name>.const:g_pui32Xtals</name>
         <load_address>0x760c</load_address>
         <run_address>0x760c</run_address>
         <size>0x6c</size>
         <input_file_ref idref="fl-17e"/>
      </object_component>
      <object_component id="oc-380">
         <name>.const:g_sXTALtoMEMTIM</name>
         <load_address>0x7678</load_address>
         <run_address>0x7678</run_address>
         <size>0x30</size>
         <input_file_ref idref="fl-17e"/>
      </object_component>
      <object_component id="oc-30b">
         <name>.const</name>
         <load_address>0x76a8</load_address>
         <run_address>0x76a8</run_address>
         <size>0x1c</size>
         <input_file_ref idref="fl-15"/>
      </object_component>
      <object_component id="oc-39b">
         <name>.const:.string</name>
         <load_address>0x76c4</load_address>
         <run_address>0x76c4</run_address>
         <size>0x12</size>
         <input_file_ref idref="fl-15"/>
      </object_component>
      <object_component id="oc-2e8">
         <name>.const</name>
         <load_address>0x76d8</load_address>
         <run_address>0x76d8</run_address>
         <size>0x8</size>
         <input_file_ref idref="fl-17e"/>
      </object_component>
      <object_component id="oc-8f">
         <name>.const</name>
         <load_address>0x76e0</load_address>
         <run_address>0x76e0</run_address>
         <size>0x4</size>
         <input_file_ref idref="fl-12"/>
      </object_component>
      <object_component id="oc-584">
         <name>.cinit..data.load</name>
         <load_address>0x76e8</load_address>
         <run_address>0x76e8</run_address>
         <size>0xb8</size>
      </object_component>
      <object_component id="oc-582">
         <name>__TI_handler_table</name>
         <load_address>0x77a0</load_address>
         <run_address>0x77a0</run_address>
         <size>0xc</size>
      </object_component>
      <object_component id="oc-585">
         <name>.cinit..bss.load</name>
         <load_address>0x77b0</load_address>
         <run_address>0x77b0</run_address>
         <size>0x8</size>
      </object_component>
      <object_component id="oc-583">
         <name>__TI_cinit_table</name>
         <load_address>0x77b8</load_address>
         <run_address>0x77b8</run_address>
         <size>0x10</size>
      </object_component>
      <object_component id="oc-2a">
         <name>.sysmem</name>
         <uninitialized>true</uninitialized>
         <run_address>0x2000cf70</run_address>
         <size>0x8</size>
         <input_file_ref idref="fl-177"/>
      </object_component>
      <object_component id="oc-587">
         <name>.sysmem</name>
         <uninitialized>true</uninitialized>
         <run_address>0x2000cf70</run_address>
         <size>0x0</size>
      </object_component>
      <object_component id="oc-29">
         <name>.stack</name>
         <uninitialized>true</uninitialized>
         <run_address>0x2000c770</run_address>
         <size>0x0</size>
         <input_file_ref idref="fl-13c"/>
      </object_component>
      <object_component id="oc-586">
         <name>.stack</name>
         <uninitialized>true</uninitialized>
         <run_address>0x2000c770</run_address>
         <size>0x0</size>
      </object_component>
      <object_component id="oc-2d">
         <name>.bss:pulStack</name>
         <uninitialized>true</uninitialized>
         <run_address>0x2000c470</run_address>
         <size>0x100</size>
         <input_file_ref idref="fl-3"/>
      </object_component>
      <object_component id="oc-19f">
         <name>.bss:xHeap</name>
         <uninitialized>true</uninitialized>
         <run_address>0x20000000</run_address>
         <size>0xc350</size>
         <input_file_ref idref="fl-4"/>
      </object_component>
      <object_component id="oc-2bb">
         <name>.bss:xQueueRegistry</name>
         <uninitialized>true</uninitialized>
         <run_address>0x2000c674</run_address>
         <size>0x40</size>
         <input_file_ref idref="fl-f"/>
      </object_component>
      <object_component id="oc-f6">
         <name>.bss:pxReadyTasksLists</name>
         <uninitialized>true</uninitialized>
         <run_address>0x2000c610</run_address>
         <size>0x64</size>
         <input_file_ref idref="fl-10"/>
      </object_component>
      <object_component id="oc-522">
         <name>.bss:__TI_tmpnams</name>
         <uninitialized>true</uninitialized>
         <run_address>0x2000c570</run_address>
         <size>0xa0</size>
         <input_file_ref idref="fl-155"/>
      </object_component>
      <object_component id="oc-529">
         <name>.bss:__CIOBUF_</name>
         <uninitialized>true</uninitialized>
         <run_address>0x2000c350</run_address>
         <size>0x120</size>
         <input_file_ref idref="fl-165"/>
      </object_component>
      <object_component id="oc-19c">
         <name>.common:xStart</name>
         <uninitialized>true</uninitialized>
         <run_address>0x2000c750</run_address>
         <size>0x8</size>
      </object_component>
      <object_component id="oc-1a2">
         <name>.common:xEnd</name>
         <uninitialized>true</uninitialized>
         <run_address>0x2000c748</run_address>
         <size>0x8</size>
      </object_component>
      <object_component id="oc-2af">
         <name>.common:iqueue_count</name>
         <uninitialized>true</uninitialized>
         <run_address>0x2000c758</run_address>
         <size>0x4</size>
      </object_component>
      <object_component id="oc-204">
         <name>.common:rqueue_count</name>
         <uninitialized>true</uninitialized>
         <run_address>0x2000c76c</run_address>
         <size>0x4</size>
      </object_component>
      <object_component id="oc-10a">
         <name>.common:xDelayedTaskList1</name>
         <uninitialized>true</uninitialized>
         <run_address>0x2000c6dc</run_address>
         <size>0x14</size>
      </object_component>
      <object_component id="oc-10b">
         <name>.common:xDelayedTaskList2</name>
         <uninitialized>true</uninitialized>
         <run_address>0x2000c6f0</run_address>
         <size>0x14</size>
      </object_component>
      <object_component id="oc-102">
         <name>.common:pxDelayedTaskList</name>
         <uninitialized>true</uninitialized>
         <run_address>0x2000c760</run_address>
         <size>0x4</size>
      </object_component>
      <object_component id="oc-103">
         <name>.common:pxOverflowDelayedTaskList</name>
         <uninitialized>true</uninitialized>
         <run_address>0x2000c764</run_address>
         <size>0x4</size>
      </object_component>
      <object_component id="oc-101">
         <name>.common:xPendingReadyList</name>
         <uninitialized>true</uninitialized>
         <run_address>0x2000c704</run_address>
         <size>0x14</size>
      </object_component>
      <object_component id="oc-f9">
         <name>.common:xTasksWaitingTermination</name>
         <uninitialized>true</uninitialized>
         <run_address>0x2000c72c</run_address>
         <size>0x14</size>
      </object_component>
      <object_component id="oc-100">
         <name>.common:xSuspendedTaskList</name>
         <uninitialized>true</uninitialized>
         <run_address>0x2000c718</run_address>
         <size>0x14</size>
      </object_component>
      <object_component id="oc-191">
         <name>.common:xActiveTimerList1</name>
         <uninitialized>true</uninitialized>
         <run_address>0x2000c6b4</run_address>
         <size>0x14</size>
      </object_component>
      <object_component id="oc-192">
         <name>.common:xActiveTimerList2</name>
         <uninitialized>true</uninitialized>
         <run_address>0x2000c6c8</run_address>
         <size>0x14</size>
      </object_component>
      <object_component id="oc-18d">
         <name>.common:pxCurrentTimerList</name>
         <uninitialized>true</uninitialized>
         <run_address>0x2000c75c</run_address>
         <size>0x4</size>
      </object_component>
      <object_component id="oc-190">
         <name>.common:pxOverflowTimerList</name>
         <uninitialized>true</uninitialized>
         <run_address>0x2000c768</run_address>
         <size>0x4</size>
      </object_component>
      <object_component id="oc-4fc">
         <name>.common:parmbuf</name>
         <uninitialized>true</uninitialized>
         <run_address>0x2000c740</run_address>
         <size>0x8</size>
      </object_component>
      <object_component id="oc-199">
         <name>.data</name>
         <load_address>0x2000dad8</load_address>
         <run_address>0x2000dad8</run_address>
         <size>0x8</size>
         <input_file_ref idref="fl-4"/>
      </object_component>
      <object_component id="oc-207">
         <name>.data</name>
         <load_address>0x2000dad0</load_address>
         <run_address>0x2000dad0</run_address>
         <size>0x8</size>
         <input_file_ref idref="fl-6"/>
      </object_component>
      <object_component id="oc-8c">
         <name>.data</name>
         <load_address>0x2000da60</load_address>
         <run_address>0x2000da60</run_address>
         <size>0x30</size>
         <input_file_ref idref="fl-10"/>
      </object_component>
      <object_component id="oc-18a">
         <name>.data</name>
         <load_address>0x2000db00</load_address>
         <run_address>0x2000db00</run_address>
         <size>0x8</size>
         <input_file_ref idref="fl-11"/>
      </object_component>
      <object_component id="oc-99">
         <name>.data</name>
         <load_address>0x2000dae0</load_address>
         <run_address>0x2000dae0</run_address>
         <size>0x8</size>
         <input_file_ref idref="fl-12"/>
      </object_component>
      <object_component id="oc-1e6">
         <name>.data</name>
         <load_address>0x2000da90</load_address>
         <run_address>0x2000da90</run_address>
         <size>0x24</size>
         <input_file_ref idref="fl-14"/>
      </object_component>
      <object_component id="oc-30e">
         <name>.data</name>
         <load_address>0x2000db08</load_address>
         <run_address>0x2000db08</run_address>
         <size>0x5</size>
         <input_file_ref idref="fl-15"/>
      </object_component>
      <object_component id="oc-d6">
         <name>.data</name>
         <load_address>0x2000daf0</load_address>
         <run_address>0x2000daf0</run_address>
         <size>0x8</size>
         <input_file_ref idref="fl-140"/>
      </object_component>
      <object_component id="oc-81">
         <name>.data</name>
         <load_address>0x2000db18</load_address>
         <run_address>0x2000db18</run_address>
         <size>0x4</size>
         <input_file_ref idref="fl-14b"/>
      </object_component>
      <object_component id="oc-d3">
         <name>.data</name>
         <load_address>0x2000dae8</load_address>
         <run_address>0x2000dae8</run_address>
         <size>0x8</size>
         <input_file_ref idref="fl-14e"/>
      </object_component>
      <object_component id="oc-34d">
         <name>.data:_ftable</name>
         <load_address>0x2000d770</load_address>
         <run_address>0x2000d770</run_address>
         <size>0xf0</size>
         <input_file_ref idref="fl-155"/>
      </object_component>
      <object_component id="oc-42f">
         <name>.data</name>
         <load_address>0x2000dab4</load_address>
         <run_address>0x2000dab4</run_address>
         <size>0x10</size>
         <input_file_ref idref="fl-155"/>
      </object_component>
      <object_component id="oc-440">
         <name>.data</name>
         <load_address>0x2000d860</load_address>
         <run_address>0x2000d860</run_address>
         <size>0xd0</size>
         <input_file_ref idref="fl-15c"/>
      </object_component>
      <object_component id="oc-4bf">
         <name>.data</name>
         <load_address>0x2000d9e0</load_address>
         <run_address>0x2000d9e0</run_address>
         <size>0x80</size>
         <input_file_ref idref="fl-16b"/>
      </object_component>
      <object_component id="oc-4ca">
         <name>.data</name>
         <load_address>0x2000db10</load_address>
         <run_address>0x2000db10</run_address>
         <size>0x4</size>
         <input_file_ref idref="fl-16d"/>
      </object_component>
      <object_component id="oc-518">
         <name>.data</name>
         <load_address>0x2000daf8</load_address>
         <run_address>0x2000daf8</run_address>
         <size>0x8</size>
         <input_file_ref idref="fl-16e"/>
      </object_component>
      <object_component id="oc-54f">
         <name>.data:sigtable</name>
         <load_address>0x2000d930</load_address>
         <run_address>0x2000d930</run_address>
         <size>0xb0</size>
         <input_file_ref idref="fl-173"/>
      </object_component>
      <object_component id="oc-4e7">
         <name>.data</name>
         <load_address>0x2000db14</load_address>
         <run_address>0x2000db14</run_address>
         <size>0x4</size>
         <input_file_ref idref="fl-176"/>
      </object_component>
      <object_component id="oc-4dd">
         <name>.data</name>
         <load_address>0x2000dac4</load_address>
         <run_address>0x2000dac4</run_address>
         <size>0xc</size>
         <input_file_ref idref="fl-177"/>
      </object_component>
      <object_component id="oc-125">
         <name>.debug_info</name>
         <load_address>0x0</load_address>
         <run_address>0x0</run_address>
         <size>0x39c</size>
         <input_file_ref idref="fl-2"/>
      </object_component>
      <object_component id="oc-cd">
         <name>.debug_info</name>
         <load_address>0x39c</load_address>
         <run_address>0x39c</run_address>
         <size>0x234</size>
         <input_file_ref idref="fl-2"/>
      </object_component>
      <object_component id="oc-10d">
         <name>.debug_info</name>
         <load_address>0x5d0</load_address>
         <run_address>0x5d0</run_address>
         <size>0x2ef</size>
         <input_file_ref idref="fl-2"/>
      </object_component>
      <object_component id="oc-aa">
         <name>.debug_info</name>
         <load_address>0x8bf</load_address>
         <run_address>0x8bf</run_address>
         <size>0x84</size>
         <input_file_ref idref="fl-2"/>
      </object_component>
      <object_component id="oc-2bf">
         <name>.debug_info</name>
         <load_address>0x943</load_address>
         <run_address>0x943</run_address>
         <size>0x46</size>
         <input_file_ref idref="fl-2"/>
      </object_component>
      <object_component id="oc-9e">
         <name>.debug_info</name>
         <load_address>0x989</load_address>
         <run_address>0x989</run_address>
         <size>0x2c</size>
         <input_file_ref idref="fl-2"/>
      </object_component>
      <object_component id="oc-112">
         <name>.debug_info</name>
         <load_address>0x9b5</load_address>
         <run_address>0x9b5</run_address>
         <size>0x18b</size>
         <input_file_ref idref="fl-2"/>
      </object_component>
      <object_component id="oc-a3">
         <name>.debug_info</name>
         <load_address>0xb40</load_address>
         <run_address>0xb40</run_address>
         <size>0xae</size>
         <input_file_ref idref="fl-2"/>
      </object_component>
      <object_component id="oc-318">
         <name>.debug_info</name>
         <load_address>0xbee</load_address>
         <run_address>0xbee</run_address>
         <size>0x4e</size>
         <input_file_ref idref="fl-2"/>
      </object_component>
      <object_component id="oc-120">
         <name>.debug_info</name>
         <load_address>0xc3c</load_address>
         <run_address>0xc3c</run_address>
         <size>0x14c</size>
         <input_file_ref idref="fl-2"/>
      </object_component>
      <object_component id="oc-43">
         <name>.debug_info</name>
         <load_address>0xd88</load_address>
         <run_address>0xd88</run_address>
         <size>0x188</size>
         <input_file_ref idref="fl-3"/>
      </object_component>
      <object_component id="oc-2e">
         <name>.debug_info</name>
         <load_address>0xf10</load_address>
         <run_address>0xf10</run_address>
         <size>0xf1</size>
         <input_file_ref idref="fl-3"/>
      </object_component>
      <object_component id="oc-10">
         <name>.debug_info</name>
         <load_address>0x1001</load_address>
         <run_address>0x1001</run_address>
         <size>0xfa</size>
         <input_file_ref idref="fl-3"/>
      </object_component>
      <object_component id="oc-31">
         <name>.debug_info</name>
         <load_address>0x10fb</load_address>
         <run_address>0x10fb</run_address>
         <size>0x286</size>
         <input_file_ref idref="fl-3"/>
      </object_component>
      <object_component id="oc-19d">
         <name>.debug_info</name>
         <load_address>0x1381</load_address>
         <run_address>0x1381</run_address>
         <size>0x205</size>
         <input_file_ref idref="fl-4"/>
      </object_component>
      <object_component id="oc-1a0">
         <name>.debug_info</name>
         <load_address>0x1586</load_address>
         <run_address>0x1586</run_address>
         <size>0xd7</size>
         <input_file_ref idref="fl-4"/>
      </object_component>
      <object_component id="oc-1a4">
         <name>.debug_info</name>
         <load_address>0x165d</load_address>
         <run_address>0x165d</run_address>
         <size>0xeb</size>
         <input_file_ref idref="fl-4"/>
      </object_component>
      <object_component id="oc-19a">
         <name>.debug_info</name>
         <load_address>0x1748</load_address>
         <run_address>0x1748</run_address>
         <size>0xf3</size>
         <input_file_ref idref="fl-4"/>
      </object_component>
      <object_component id="oc-105">
         <name>.debug_info</name>
         <load_address>0x183b</load_address>
         <run_address>0x183b</run_address>
         <size>0x485</size>
         <input_file_ref idref="fl-4"/>
      </object_component>
      <object_component id="oc-17b">
         <name>.debug_info</name>
         <load_address>0x1cc0</load_address>
         <run_address>0x1cc0</run_address>
         <size>0x110</size>
         <input_file_ref idref="fl-4"/>
      </object_component>
      <object_component id="oc-2cd">
         <name>.debug_info</name>
         <load_address>0x1dd0</load_address>
         <run_address>0x1dd0</run_address>
         <size>0xa7</size>
         <input_file_ref idref="fl-4"/>
      </object_component>
      <object_component id="oc-203">
         <name>.debug_info</name>
         <load_address>0x1e77</load_address>
         <run_address>0x1e77</run_address>
         <size>0x284</size>
         <input_file_ref idref="fl-5"/>
      </object_component>
      <object_component id="oc-13b">
         <name>.debug_info</name>
         <load_address>0x20fb</load_address>
         <run_address>0x20fb</run_address>
         <size>0x21c</size>
         <input_file_ref idref="fl-5"/>
      </object_component>
      <object_component id="oc-2a2">
         <name>.debug_info</name>
         <load_address>0x2317</load_address>
         <run_address>0x2317</run_address>
         <size>0x58d</size>
         <input_file_ref idref="fl-6"/>
      </object_component>
      <object_component id="oc-208">
         <name>.debug_info</name>
         <load_address>0x28a4</load_address>
         <run_address>0x28a4</run_address>
         <size>0x11a</size>
         <input_file_ref idref="fl-6"/>
      </object_component>
      <object_component id="oc-153">
         <name>.debug_info</name>
         <load_address>0x29be</load_address>
         <run_address>0x29be</run_address>
         <size>0x490</size>
         <input_file_ref idref="fl-6"/>
      </object_component>
      <object_component id="oc-20c">
         <name>.debug_info</name>
         <load_address>0x2e4e</load_address>
         <run_address>0x2e4e</run_address>
         <size>0x8a</size>
         <input_file_ref idref="fl-6"/>
      </object_component>
      <object_component id="oc-25d">
         <name>.debug_info</name>
         <load_address>0x2ed8</load_address>
         <run_address>0x2ed8</run_address>
         <size>0x8b</size>
         <input_file_ref idref="fl-6"/>
      </object_component>
      <object_component id="oc-2b0">
         <name>.debug_info</name>
         <load_address>0x2f63</load_address>
         <run_address>0x2f63</run_address>
         <size>0x15e</size>
         <input_file_ref idref="fl-7"/>
      </object_component>
      <object_component id="oc-20b">
         <name>.debug_info</name>
         <load_address>0x30c1</load_address>
         <run_address>0x30c1</run_address>
         <size>0x2ad</size>
         <input_file_ref idref="fl-8"/>
      </object_component>
      <object_component id="oc-143">
         <name>.debug_info</name>
         <load_address>0x336e</load_address>
         <run_address>0x336e</run_address>
         <size>0x237</size>
         <input_file_ref idref="fl-8"/>
      </object_component>
      <object_component id="oc-205">
         <name>.debug_info</name>
         <load_address>0x35a5</load_address>
         <run_address>0x35a5</run_address>
         <size>0x491</size>
         <input_file_ref idref="fl-9"/>
      </object_component>
      <object_component id="oc-150">
         <name>.debug_info</name>
         <load_address>0x3a36</load_address>
         <run_address>0x3a36</run_address>
         <size>0x33e</size>
         <input_file_ref idref="fl-9"/>
      </object_component>
      <object_component id="oc-221">
         <name>.debug_info</name>
         <load_address>0x3d74</load_address>
         <run_address>0x3d74</run_address>
         <size>0x250</size>
         <input_file_ref idref="fl-a"/>
      </object_component>
      <object_component id="oc-147">
         <name>.debug_info</name>
         <load_address>0x3fc4</load_address>
         <run_address>0x3fc4</run_address>
         <size>0x244</size>
         <input_file_ref idref="fl-a"/>
      </object_component>
      <object_component id="oc-2b3">
         <name>.debug_info</name>
         <load_address>0x4208</load_address>
         <run_address>0x4208</run_address>
         <size>0x3f1</size>
         <input_file_ref idref="fl-b"/>
      </object_component>
      <object_component id="oc-159">
         <name>.debug_info</name>
         <load_address>0x45f9</load_address>
         <run_address>0x45f9</run_address>
         <size>0x304</size>
         <input_file_ref idref="fl-b"/>
      </object_component>
      <object_component id="oc-366">
         <name>.debug_info</name>
         <load_address>0x48fd</load_address>
         <run_address>0x48fd</run_address>
         <size>0x2c</size>
         <input_file_ref idref="fl-b"/>
      </object_component>
      <object_component id="oc-2b8">
         <name>.debug_info</name>
         <load_address>0x4929</load_address>
         <run_address>0x4929</run_address>
         <size>0x482</size>
         <input_file_ref idref="fl-d"/>
      </object_component>
      <object_component id="oc-36d">
         <name>.debug_info</name>
         <load_address>0x4dab</load_address>
         <run_address>0x4dab</run_address>
         <size>0x39</size>
         <input_file_ref idref="fl-d"/>
      </object_component>
      <object_component id="oc-176">
         <name>.debug_info</name>
         <load_address>0x4de4</load_address>
         <run_address>0x4de4</run_address>
         <size>0x46</size>
         <input_file_ref idref="fl-d"/>
      </object_component>
      <object_component id="oc-372">
         <name>.debug_info</name>
         <load_address>0x4e2a</load_address>
         <run_address>0x4e2a</run_address>
         <size>0x84</size>
         <input_file_ref idref="fl-d"/>
      </object_component>
      <object_component id="oc-181">
         <name>.debug_info</name>
         <load_address>0x4eae</load_address>
         <run_address>0x4eae</run_address>
         <size>0x191</size>
         <input_file_ref idref="fl-e"/>
      </object_component>
      <object_component id="oc-f3">
         <name>.debug_info</name>
         <load_address>0x503f</load_address>
         <run_address>0x503f</run_address>
         <size>0x892</size>
         <input_file_ref idref="fl-e"/>
      </object_component>
      <object_component id="oc-2c4">
         <name>.debug_info</name>
         <load_address>0x58d1</load_address>
         <run_address>0x58d1</run_address>
         <size>0x677</size>
         <input_file_ref idref="fl-f"/>
      </object_component>
      <object_component id="oc-2bc">
         <name>.debug_info</name>
         <load_address>0x5f48</load_address>
         <run_address>0x5f48</run_address>
         <size>0x14c</size>
         <input_file_ref idref="fl-f"/>
      </object_component>
      <object_component id="oc-185">
         <name>.debug_info</name>
         <load_address>0x6094</load_address>
         <run_address>0x6094</run_address>
         <size>0x3cd7</size>
         <input_file_ref idref="fl-f"/>
      </object_component>
      <object_component id="oc-37b">
         <name>.debug_info</name>
         <load_address>0x9d6b</load_address>
         <run_address>0x9d6b</run_address>
         <size>0x1db</size>
         <input_file_ref idref="fl-f"/>
      </object_component>
      <object_component id="oc-ec">
         <name>.debug_info</name>
         <load_address>0x9f46</load_address>
         <run_address>0x9f46</run_address>
         <size>0x773</size>
         <input_file_ref idref="fl-10"/>
      </object_component>
      <object_component id="oc-8d">
         <name>.debug_info</name>
         <load_address>0xa6b9</load_address>
         <run_address>0xa6b9</run_address>
         <size>0x355</size>
         <input_file_ref idref="fl-10"/>
      </object_component>
      <object_component id="oc-f7">
         <name>.debug_info</name>
         <load_address>0xaa0e</load_address>
         <run_address>0xaa0e</run_address>
         <size>0x151</size>
         <input_file_ref idref="fl-10"/>
      </object_component>
      <object_component id="oc-93">
         <name>.debug_info</name>
         <load_address>0xab5f</load_address>
         <run_address>0xab5f</run_address>
         <size>0x6913</size>
         <input_file_ref idref="fl-10"/>
      </object_component>
      <object_component id="oc-117">
         <name>.debug_info</name>
         <load_address>0x11472</load_address>
         <run_address>0x11472</run_address>
         <size>0x177</size>
         <input_file_ref idref="fl-10"/>
      </object_component>
      <object_component id="oc-18e">
         <name>.debug_info</name>
         <load_address>0x115e9</load_address>
         <run_address>0x115e9</run_address>
         <size>0x76c</size>
         <input_file_ref idref="fl-11"/>
      </object_component>
      <object_component id="oc-18b">
         <name>.debug_info</name>
         <load_address>0x11d55</load_address>
         <run_address>0x11d55</run_address>
         <size>0x146</size>
         <input_file_ref idref="fl-11"/>
      </object_component>
      <object_component id="oc-fb">
         <name>.debug_info</name>
         <load_address>0x11e9b</load_address>
         <run_address>0x11e9b</run_address>
         <size>0x229d</size>
         <input_file_ref idref="fl-11"/>
      </object_component>
      <object_component id="oc-194">
         <name>.debug_info</name>
         <load_address>0x14138</load_address>
         <run_address>0x14138</run_address>
         <size>0x1dc</size>
         <input_file_ref idref="fl-11"/>
      </object_component>
      <object_component id="oc-9d">
         <name>.debug_info</name>
         <load_address>0x14314</load_address>
         <run_address>0x14314</run_address>
         <size>0x267</size>
         <input_file_ref idref="fl-12"/>
      </object_component>
      <object_component id="oc-90">
         <name>.debug_info</name>
         <load_address>0x1457b</load_address>
         <run_address>0x1457b</run_address>
         <size>0x17f</size>
         <input_file_ref idref="fl-12"/>
      </object_component>
      <object_component id="oc-9a">
         <name>.debug_info</name>
         <load_address>0x146fa</load_address>
         <run_address>0x146fa</run_address>
         <size>0x19a</size>
         <input_file_ref idref="fl-12"/>
      </object_component>
      <object_component id="oc-3c">
         <name>.debug_info</name>
         <load_address>0x14894</load_address>
         <run_address>0x14894</run_address>
         <size>0xcbb</size>
         <input_file_ref idref="fl-12"/>
      </object_component>
      <object_component id="oc-39">
         <name>.debug_info</name>
         <load_address>0x1554f</load_address>
         <run_address>0x1554f</run_address>
         <size>0x2bb</size>
         <input_file_ref idref="fl-13"/>
      </object_component>
      <object_component id="oc-1e7">
         <name>.debug_info</name>
         <load_address>0x1580a</load_address>
         <run_address>0x1580a</run_address>
         <size>0x261</size>
         <input_file_ref idref="fl-14"/>
      </object_component>
      <object_component id="oc-135">
         <name>.debug_info</name>
         <load_address>0x15a6b</load_address>
         <run_address>0x15a6b</run_address>
         <size>0x480</size>
         <input_file_ref idref="fl-14"/>
      </object_component>
      <object_component id="oc-317">
         <name>.debug_info</name>
         <load_address>0x15eeb</load_address>
         <run_address>0x15eeb</run_address>
         <size>0x24f</size>
         <input_file_ref idref="fl-15"/>
      </object_component>
      <object_component id="oc-30f">
         <name>.debug_info</name>
         <load_address>0x1613a</load_address>
         <run_address>0x1613a</run_address>
         <size>0xec</size>
         <input_file_ref idref="fl-15"/>
      </object_component>
      <object_component id="oc-30c">
         <name>.debug_info</name>
         <load_address>0x16226</load_address>
         <run_address>0x16226</run_address>
         <size>0x142</size>
         <input_file_ref idref="fl-15"/>
      </object_component>
      <object_component id="oc-1e2">
         <name>.debug_info</name>
         <load_address>0x16368</load_address>
         <run_address>0x16368</run_address>
         <size>0x7f5</size>
[...]
      </symbol>
      <symbol id="sm-76e">
         <name>_register_lock</name>
         <value>0x7243</value>
         <object_component_ref idref="oc-166"/>
      </symbol>
      <symbol id="sm-76f">
         <name>_register_unlock</name>
         <value>0x723d</value>
         <object_component_ref idref="oc-166"/>
      </symbol>
      <symbol id="sm-879">
         <name>__TI_printfi</name>
         <value>0x2785</value>
         <object_component_ref idref="oc-347"/>
      </symbol>
      <symbol id="sm-88e">
         <name>_args_main</name>
         <value>0x71cd</value>
         <object_component_ref idref="oc-75"/>
      </symbol>
      <symbol id="sm-8a4">
         <name>atoi</name>
         <value>0x6b95</value>
         <object_component_ref idref="oc-3fb"/>
      </symbol>
      <symbol id="sm-8ca">
         <name>__TI_auto_init</name>
         <value>0x6845</value>
         <object_component_ref idref="oc-6f"/>
      </symbol>
      <symbol id="sm-8e4">
         <name>copy_in</name>
         <value>0x6be1</value>
         <object_component_ref idref="oc-c3"/>
      </symbol>
      <symbol id="sm-8ef">
         <name>_ctypes_</name>
         <value>0x7478</value>
         <object_component_ref idref="oc-473"/>
      </symbol>
      <symbol id="sm-908">
         <name>__aeabi_stdout</name>
         <value>0x2000dabc</value>
         <object_component_ref idref="oc-42f"/>
      </symbol>
      <symbol id="sm-909">
         <name>__TI_tmpnams</name>
         <value>0x2000c570</value>
         <object_component_ref idref="oc-522"/>
      </symbol>
      <symbol id="sm-90a">
         <name>__aeabi_stderr</name>
         <value>0x2000dac0</value>
         <object_component_ref idref="oc-42f"/>
      </symbol>
      <symbol id="sm-90b">
         <name>__aeabi_stdin</name>
         <value>0x2000dab8</value>
         <object_component_ref idref="oc-42f"/>
      </symbol>
      <symbol id="sm-90c">
         <name>_ftable</name>
         <value>0x2000d770</value>
         <object_component_ref idref="oc-34d"/>
      </symbol>
      <symbol id="sm-90d">
         <name>__TI_ft_end</name>
         <value>0x2000dab4</value>
         <object_component_ref idref="oc-42f"/>
      </symbol>
      <symbol id="sm-91b">
         <name>__aeabi_d2iz</name>
         <value>0x6cbd</value>
         <object_component_ref idref="oc-3d2"/>
      </symbol>
      <symbol id="sm-932">
         <name>putc</name>
         <value>0x64cd</value>
         <object_component_ref idref="oc-33b"/>
      </symbol>
      <symbol id="sm-933">
         <name>fputc</name>
         <value>0x64cd</value>
         <object_component_ref idref="oc-33b"/>
      </symbol>
      <symbol id="sm-934">
         <name>putchar</name>
         <value>0x6551</value>
         <object_component_ref idref="oc-33b"/>
      </symbol>
      <symbol id="sm-956">
         <name>puts</name>
         <value>0x564d</value>
         <object_component_ref idref="oc-341"/>
      </symbol>
      <symbol id="sm-957">
         <name>fputs</name>
         <value>0x5541</value>
         <object_component_ref idref="oc-341"/>
      </symbol>
      <symbol id="sm-964">
         <name>frexp</name>
         <value>0x7079</value>
         <object_component_ref idref="oc-3dd"/>
      </symbol>
      <symbol id="sm-96e">
         <name>__aeabi_idiv0</name>
         <value>0x2a8b</value>
         <object_component_ref idref="oc-3a0"/>
      </symbol>
      <symbol id="sm-97f">
         <name>ldexp</name>
         <value>0x6aa7</value>
         <object_component_ref idref="oc-3e3"/>
      </symbol>
      <symbol id="sm-9d1">
         <name>open</name>
         <value>0x4383</value>
         <object_component_ref idref="oc-3b7"/>
      </symbol>
      <symbol id="sm-9d2">
         <name>add_device</name>
         <value>0x44a5</value>
         <object_component_ref idref="oc-3b7"/>
      </symbol>
      <symbol id="sm-9d3">
         <name>remove_device</name>
         <value>0x4337</value>
         <object_component_ref idref="oc-3b7"/>
      </symbol>
      <symbol id="sm-9d4">
         <name>lseek</name>
         <value>0x4431</value>
         <object_component_ref idref="oc-3b7"/>
      </symbol>
      <symbol id="sm-9d5">
         <name>read</name>
         <value>0x435f</value>
         <object_component_ref idref="oc-3b7"/>
      </symbol>
      <symbol id="sm-9d6">
         <name>rename</name>
         <value>0x42f9</value>
         <object_component_ref idref="oc-3b7"/>
      </symbol>
      <symbol id="sm-9d7">
         <name>write</name>
         <value>0x4245</value>
         <object_component_ref idref="oc-3b7"/>
      </symbol>
      <symbol id="sm-9d8">
         <name>close</name>
         <value>0x4455</value>
         <object_component_ref idref="oc-3b7"/>
      </symbol>
      <symbol id="sm-9d9">
         <name>unlink</name>
         <value>0x42d5</value>
         <object_component_ref idref="oc-3b7"/>
      </symbol>
      <symbol id="sm-9e8">
         <name>ltoa</name>
         <value>0x6a51</value>
         <object_component_ref idref="oc-3d7"/>
      </symbol>
      <symbol id="sm-9f8">
         <name>memccpy</name>
         <value>0x7181</value>
         <object_component_ref idref="oc-3f5"/>
      </symbol>
      <symbol id="sm-a08">
         <name>memchr</name>
         <value>0x7105</value>
         <object_component_ref idref="oc-3c5"/>
      </symbol>
      <symbol id="sm-a18">
         <name>strchr</name>
         <value>0x71fd</value>
         <object_component_ref idref="oc-3e9"/>
      </symbol>
      <symbol id="sm-a27">
         <name>strcmp</name>
         <value>0x71e5</value>
         <object_component_ref idref="oc-434"/>
      </symbol>
      <symbol id="sm-a35">
         <name>strlen</name>
         <value>0x7265</value>
         <object_component_ref idref="oc-3bf"/>
      </symbol>
      <symbol id="sm-a45">
         <name>strncpy</name>
         <value>0x6f35</value>
         <object_component_ref idref="oc-43a"/>
      </symbol>
      <symbol id="sm-a66">
         <name>HOSTgetenv</name>
         <value>0x4767</value>
         <object_component_ref idref="oc-4a0"/>
      </symbol>
      <symbol id="sm-a67">
         <name>HOSTrename</name>
         <value>0x460f</value>
         <object_component_ref idref="oc-4a0"/>
      </symbol>
      <symbol id="sm-a68">
         <name>HOSTclose</name>
         <value>0x47a5</value>
         <object_component_ref idref="oc-4a0"/>
      </symbol>
      <symbol id="sm-a69">
         <name>HOSTunlink</name>
         <value>0x459d</value>
         <object_component_ref idref="oc-4a0"/>
      </symbol>
      <symbol id="sm-a6a">
         <name>HOSTlseek</name>
         <value>0x470b</value>
         <object_component_ref idref="oc-4a0"/>
      </symbol>
      <symbol id="sm-a6b">
         <name>HOSTopen</name>
         <value>0x46b9</value>
         <object_component_ref idref="oc-4a0"/>
      </symbol>
      <symbol id="sm-a6c">
         <name>HOSTclock</name>
         <value>0x47dd</value>
         <object_component_ref idref="oc-4a0"/>
      </symbol>
      <symbol id="sm-a6d">
         <name>HOSTwrite</name>
         <value>0x4551</value>
         <object_component_ref idref="oc-4a0"/>
      </symbol>
      <symbol id="sm-a6e">
         <name>HOSTread</name>
         <value>0x466d</value>
         <object_component_ref idref="oc-4a0"/>
      </symbol>
      <symbol id="sm-a6f">
         <name>HOSTtime</name>
         <value>0x45d5</value>
         <object_component_ref idref="oc-4a0"/>
      </symbol>
      <symbol id="sm-a8a">
         <name>__TI_readmsg</name>
         <value>0x694f</value>
         <object_component_ref idref="oc-4f0"/>
      </symbol>
      <symbol id="sm-a8b">
         <name>C$$IO$$</name>
         <value>0x694b</value>
         <object_component_ref idref="oc-4f0"/>
      </symbol>
      <symbol id="sm-a8c">
         <name>__CIOBUF_</name>
         <value>0x2000c350</value>
         <object_component_ref idref="oc-529"/>
      </symbol>
      <symbol id="sm-a8d">
         <name>__TI_writemsg</name>
         <value>0x691d</value>
         <object_component_ref idref="oc-4f0"/>
      </symbol>
      <symbol id="sm-ab7">
         <name>__aeabi_uldivmod</name>
         <value>0x4a29</value>
         <object_component_ref idref="oc-3cd"/>
      </symbol>
      <symbol id="sm-ac5">
         <name>_Dclass</name>
         <value>0x6f65</value>
         <object_component_ref idref="oc-3ef"/>
      </symbol>
      <symbol id="sm-ae6">
         <name>_Dscale</name>
         <value>0x5b11</value>
         <object_component_ref idref="oc-45f"/>
      </symbol>
      <symbol id="sm-afa">
         <name>_Dunscale</name>
         <value>0x6985</value>
         <object_component_ref idref="oc-457"/>
      </symbol>
      <symbol id="sm-b09">
         <name>_Feraise</name>
         <value>0x6f95</value>
         <object_component_ref idref="oc-465"/>
      </symbol>
      <symbol id="sm-b19">
         <name>_Rteps</name>
         <value>0x2000da40</value>
         <object_component_ref idref="oc-4bf"/>
      </symbol>
      <symbol id="sm-b1a">
         <name>_Zero</name>
         <value>0x2000da58</value>
         <object_component_ref idref="oc-4bf"/>
      </symbol>
      <symbol id="sm-b1b">
         <name>_Hugeval</name>
         <value>0x2000da00</value>
         <object_component_ref idref="oc-4bf"/>
      </symbol>
      <symbol id="sm-b1c">
         <name>_Snan</name>
         <value>0x2000da30</value>
         <object_component_ref idref="oc-4bf"/>
      </symbol>
      <symbol id="sm-b1d">
         <name>_Nan</name>
         <value>0x2000da20</value>
         <object_component_ref idref="oc-4bf"/>
      </symbol>
      <symbol id="sm-b1e">
         <name>_Inf</name>
         <value>0x2000da10</value>
         <object_component_ref idref="oc-4bf"/>
      </symbol>
      <symbol id="sm-b1f">
         <name>_Xbig</name>
         <value>0x2000da50</value>
         <object_component_ref idref="oc-4bf"/>
      </symbol>
      <symbol id="sm-b20">
         <name>_Eps</name>
         <value>0x2000d9f0</value>
         <object_component_ref idref="oc-4bf"/>
      </symbol>
      <symbol id="sm-b21">
         <name>_Denorm</name>
         <value>0x2000d9e0</value>
         <object_component_ref idref="oc-4bf"/>
      </symbol>
      <symbol id="sm-b3f">
         <name>__TI_wrt_ok</name>
         <value>0x6253</value>
         <object_component_ref idref="oc-3ab"/>
      </symbol>
      <symbol id="sm-b40">
         <name>__TI_rd_ok</name>
         <value>0x62b5</value>
         <object_component_ref idref="oc-3ab"/>
      </symbol>
      <symbol id="sm-b48">
         <name>_Errno</name>
         <value>0x2000db10</value>
         <object_component_ref idref="oc-4ca"/>
      </symbol>
      <symbol id="sm-b66">
         <name>feraiseexcept</name>
         <value>0x6f01</value>
         <object_component_ref idref="oc-4c4"/>
      </symbol>
      <symbol id="sm-b67">
         <name>_Tls_setup__Fenv</name>
         <value>0x2000dafc</value>
         <object_component_ref idref="oc-518"/>
      </symbol>
      <symbol id="sm-b68">
         <name>_Fenv</name>
         <value>0x2000daf8</value>
         <object_component_ref idref="oc-518"/>
      </symbol>
      <symbol id="sm-b82">
         <name>__TI_doflush</name>
         <value>0x60cd</value>
         <object_component_ref idref="oc-3b1"/>
      </symbol>
      <symbol id="sm-b83">
         <name>fflush</name>
         <value>0x6119</value>
         <object_component_ref idref="oc-3b1"/>
      </symbol>
      <symbol id="sm-b95">
         <name>fseek</name>
         <value>0x69ed</value>
         <object_component_ref idref="oc-421"/>
      </symbol>
      <symbol id="sm-ba9">
         <name>raise</name>
         <value>0x7021</value>
         <object_component_ref idref="oc-512"/>
      </symbol>
      <symbol id="sm-bc5">
         <name>setvbuf</name>
         <value>0x5f1d</value>
         <object_component_ref idref="oc-427"/>
      </symbol>
      <symbol id="sm-bdf">
         <name>signal</name>
         <value>0x6dd5</value>
         <object_component_ref idref="oc-534"/>
      </symbol>
      <symbol id="sm-bed">
         <name>strcpy</name>
         <value>0x7251</value>
         <object_component_ref idref="oc-4f6"/>
      </symbol>
      <symbol id="sm-c02">
         <name>_Dnorm</name>
         <value>0x6195</value>
         <object_component_ref idref="oc-4b5"/>
      </symbol>
      <symbol id="sm-c39">
         <name>__TI_cleanup</name>
         <value>0x4ce5</value>
         <object_component_ref idref="oc-489"/>
      </symbol>
      <symbol id="sm-c3a">
         <name>freopen</name>
         <value>0x4d11</value>
         <object_component_ref idref="oc-489"/>
      </symbol>
      <symbol id="sm-c3b">
         <name>fopen</name>
         <value>0x4d3b</value>
         <object_component_ref idref="oc-489"/>
      </symbol>
      <symbol id="sm-cad">
         <name>_sys_memory</name>
         <value>0x2000cf70</value>
         <object_component_ref idref="oc-2a"/>
      </symbol>
      <symbol id="sm-cae">
         <name>free</name>
         <value>0x3f5f</value>
         <object_component_ref idref="oc-483"/>
      </symbol>
      <symbol id="sm-caf">
         <name>realloc</name>
         <value>0x4021</value>
         <object_component_ref idref="oc-483"/>
      </symbol>
      <symbol id="sm-cb0">
         <name>memalign</name>
         <value>0x412d</value>
         <object_component_ref idref="oc-483"/>
      </symbol>
      <symbol id="sm-cb1">
         <name>calloc</name>
         <value>0x4211</value>
         <object_component_ref idref="oc-483"/>
      </symbol>
      <symbol id="sm-cb2">
         <name>malloc</name>
         <value>0x3ef7</value>
         <object_component_ref idref="oc-483"/>
      </symbol>
      <symbol id="sm-cb3">
         <name>minit</name>
         <value>0x3e69</value>
         <object_component_ref idref="oc-483"/>
      </symbol>
      <symbol id="sm-cc9">
         <name>__TI_closefile</name>
         <value>0x6435</value>
         <object_component_ref idref="oc-4e1"/>
      </symbol>
      <symbol id="sm-cca">
         <name>fclose</name>
         <value>0x649b</value>
         <object_component_ref idref="oc-4e1"/>
      </symbol>
      <symbol id="sm-d10">
         <name>ADCProcessorTrigger</name>
         <value>0x719d</value>
         <object_component_ref idref="oc-234"/>
      </symbol>
      <symbol id="sm-d11">
         <name>ADCSequenceEnable</name>
         <value>0x72d1</value>
         <object_component_ref idref="oc-22e"/>
      </symbol>
      <symbol id="sm-d12">
         <name>ADCSequenceConfigure</name>
         <value>0x6e55</value>
         <object_component_ref idref="oc-222"/>
      </symbol>
      <symbol id="sm-d13">
         <name>ADCSequenceStepConfigure</name>
         <value>0x6671</value>
         <object_component_ref idref="oc-228"/>
      </symbol>
      <symbol id="sm-d14">
         <name>ADCIntClear</name>
         <value>0x731f</value>
         <object_component_ref idref="oc-246"/>
      </symbol>
      <symbol id="sm-d15">
         <name>ADCIntStatus</name>
         <value>0x6fc5</value>
         <object_component_ref idref="oc-23a"/>
      </symbol>
      <symbol id="sm-d16">
         <name>ADCSequenceDataGet</name>
         <value>0x7145</value>
         <object_component_ref idref="oc-240"/>
      </symbol>
      <symbol id="sm-d68">
         <name>GPIOPinTypePWM</name>
         <value>0x7279</value>
         <object_component_ref idref="oc-268"/>
      </symbol>
      <symbol id="sm-d69">
         <name>GPIOPinConfigure</name>
         <value>0x6c2d</value>
         <object_component_ref idref="oc-1bc"/>
      </symbol>
      <symbol id="sm-d6a">
         <name>GPIOPinTypeUART</name>
         <value>0x728b</value>
         <object_component_ref idref="oc-1c2"/>
      </symbol>
      <symbol id="sm-d6b">
         <name>GPIOPinTypeGPIOOutput</name>
         <value>0x71b5</value>
         <object_component_ref idref="oc-1ea"/>
      </symbol>
      <symbol id="sm-d6c">
         <name>GPIOPinRead</name>
         <value>0x733d</value>
         <object_component_ref idref="oc-1f6"/>
      </symbol>
      <symbol id="sm-d6d">
         <name>GPIODirModeSet</name>
         <value>0x704f</value>
         <object_component_ref idref="oc-2f3"/>
      </symbol>
      <symbol id="sm-d6e">
         <name>GPIOPinWrite</name>
         <value>0x7343</value>
         <object_component_ref idref="oc-1fc"/>
      </symbol>
      <symbol id="sm-d6f">
         <name>GPIOPadConfigSet</name>
         <value>0x5675</value>
         <object_component_ref idref="oc-1f0"/>
      </symbol>
      <symbol id="sm-da5">
         <name>PWMGenPeriodSet</name>
         <value>0x72c1</value>
         <object_component_ref idref="oc-274"/>
      </symbol>
      <symbol id="sm-da6">
         <name>PWMPulseWidthSet</name>
         <value>0x7163</value>
         <object_component_ref idref="oc-280"/>
      </symbol>
      <symbol id="sm-da7">
         <name>PWMGenPeriodGet</name>
         <value>0x729d</value>
         <object_component_ref idref="oc-27a"/>
      </symbol>
      <symbol id="sm-da8">
         <name>PWMOutputState</name>
         <value>0x72af</value>
         <object_component_ref idref="oc-286"/>
      </symbol>
      <symbol id="sm-da9">
         <name>PWMGenEnable</name>
         <value>0x72fb</value>
         <object_component_ref idref="oc-28c"/>
      </symbol>
      <symbol id="sm-daa">
         <name>PWMGenConfigure</name>
         <value>0x70a3</value>
         <object_component_ref idref="oc-26e"/>
      </symbol>
      <symbol id="sm-e2e">
         <name>SysCtlPeripheralPresent</name>
         <value>0x6e95</value>
         <object_component_ref idref="oc-305"/>
      </symbol>
      <symbol id="sm-e2f">
         <name>SysCtlPeripheralEnable</name>
         <value>0x6ecd</value>
         <object_component_ref idref="oc-1b6"/>
      </symbol>
      <symbol id="sm-e30">
         <name>SysCtlPWMClockSet</name>
         <value>0x7215</value>
         <object_component_ref idref="oc-262"/>
      </symbol>
      <symbol id="sm-e31">
         <name>SysCtlClockFreqSet</name>
         <value>0x4825</value>
         <object_component_ref idref="oc-1b0"/>
      </symbol>
      <symbol id="sm-e74">
         <name>UARTConfigSetExpClk</name>
         <value>0x6d05</value>
         <object_component_ref idref="oc-1ce"/>
      </symbol>
      <symbol id="sm-e75">
         <name>UARTDisable</name>
         <value>0x70c5</value>
         <object_component_ref idref="oc-2fc"/>
      </symbol>
      <symbol id="sm-e76">
         <name>UARTCharsAvail</name>
         <value>0x72df</value>
         <object_component_ref idref="oc-2a3"/>
      </symbol>
      <symbol id="sm-e77">
         <name>UARTClockSourceSet</name>
         <value>0x7349</value>
         <object_component_ref idref="oc-1c8"/>
      </symbol>
      <symbol id="sm-e78">
         <name>UARTCharPut</name>
         <value>0x7333</value>
         <object_component_ref idref="oc-1da"/>
      </symbol>
      <symbol id="sm-e79">
         <name>UARTEnable</name>
         <value>0x7229</value>
         <object_component_ref idref="oc-1d4"/>
      </symbol>
      <symbol id="sm-e7a">
         <name>UARTCharGet</name>
         <value>0x7329</value>
         <object_component_ref idref="oc-2a9"/>
      </symbol>
      <symbol id="sm-e7c">
         <name>__TI_static_base__</name>
         <value>0x0</value>
      </symbol>
      <symbol id="sm-e7f">
         <name>SHT$$INIT_ARRAY$$Limit</name>
         <value>0x0</value>
      </symbol>
      <symbol id="sm-e80">
         <name>SHT$$INIT_ARRAY$$Base</name>
         <value>0x0</value>
      </symbol>
      <symbol id="sm-e81">
         <name>remove</name>
         <value>0x42d5</value>
      </symbol>
   </symbol_table>
   <title>Link successful</title>
</link_info>
