******************************************************************************
                  TI ARM Linker PC v5.2.5                      
******************************************************************************
>> Linked Mon May 02 14:26:02 2016

OUTPUT FILE NAME:   <FreeRTOS823_3_TM4C1294_Base_Test.out>
ENTRY POINT SYMBOL: "_c_int00"  address: 00006d15


MEMORY CONFIGURATION

         name            origin    length      used     unused   attr    fill
----------------------  --------  ---------  --------  --------  ----  --------
  FLASH                 00000000   00100000  00007a28  000f85d8  R  X
  SRAM                  20000000   00040000  0000db54  000324ac  RW X


SEGMENT ALLOCATION MAP

run origin  load origin   length   init length attrs members
----------  ----------- ---------- ----------- ----- -------
00000000    00000000    00007a28   00007a28    r-x
  00000000    00000000    00000200   00000200    r-- .intvecs
  00000200    00000200    000073ac   000073ac    r-x .text
  000075ac    000075ac    0000038c   0000038c    r-- .const
  00007938    00007938    000000f0   000000f0    r-- .cinit
20000000    20000000    0000db54   00000000    rw-
  20000000    20000000    0000c798   00000000    rw- .bss
  2000c798    2000c798    00000800   00000000    rw- .stack
  2000cf98    2000cf98    00000800   00000000    rw- .sysmem
  2000d798    2000d798    000003bc   00000000    rw- .data


SECTION ALLOCATION MAP

 output                                  attributes/
section   page    origin      length       input sections
--------  ----  ----------  ----------   ----------------
.intvecs   0    00000000    00000200     
                  00000000    00000200     TM4C_FreeRTOS_Base_Startup.obj (.intvecs)

.text      0    00000200    000073ac     
                  00000200    000017d0     tasks.obj (.text)
                  000019d0    000010ba     rtsv7M4_T_le_v4SPD16_eabi.lib : _printfi.obj (.text)
                  00002a8a    00000002                                   : i_div0.obj (.text)
                  00002a8c    00000a08     queue.obj (.text)
                  00003494    00000538     timers.obj (.text)
                  000039cc    0000049c     uartstdio.obj (.text)
                  00003e68    000003dc     rtsv7M4_T_le_v4SPD16_eabi.lib : memory.obj (.text)
                  00004244    0000030c                                   : lowlev.obj (.text)
                  00004550    000002d4                                   : trgdrv.obj (.text)
                  00004824    00000204     driverlib.lib : sysctl.obj (.text:SysCtlClockFreqSet)
                  00004a28    000001f4     rtsv7M4_T_le_v4SPD16_eabi.lib : ull_div_t2.obj (.text)
                  00004c1c    000001c4                                   : fopen.obj (.text)
                  00004de0    000001b8     heap_2.obj (.text)
                  00004f98    000001b6     rtsv7M4_T_le_v4SPD16_eabi.lib : fd_add_t2.obj (.text)
                  0000514e    00000002     --HOLE-- [fill = 0]
                  00005150    0000014c     Task_Uart.obj (.text)
                  0000529c    00000144     Main_Base_Test.obj (.text)
                  000053e0    00000136     rtsv7M4_T_le_v4SPD16_eabi.lib : fd_div_t2.obj (.text)
                  00005516    00000002     --HOLE-- [fill = 0]
                  00005518    00000134     port.obj (.text)
                  0000564c    00000134     rtsv7M4_T_le_v4SPD16_eabi.lib : fputs.obj (.text)
                  00005780    00000132     driverlib.lib : gpio.obj (.text:GPIOPadConfigSet)
                  000058b2    00000002     --HOLE-- [fill = 0]
                  000058b4    0000012c     CircularArray.obj (.text)
                  000059e0    0000012a     list.obj (.text)
                  00005b0a    00000002     --HOLE-- [fill = 0]
                  00005b0c    00000110     rtsv7M4_T_le_v4SPD16_eabi.lib : xdscale.obj (.text)
                  00005c1c    000000fc                                   : fd_mul_t2.obj (.text)
                  00005d18    000000f0     PIDman.obj (.text)
                  00005e08    000000ec     Task_HeaterOn.obj (.text)
                  00005ef4    000000dc     Task_Simple_ADC.obj (.text)
                  00005fd0    000000dc     rtsv7M4_T_le_v4SPD16_eabi.lib : setvbuf.obj (.text)
                  000060ac    000000d2     portasm.obj (.text)
                  0000617e    00000002     --HOLE-- [fill = 0]
                  00006180    000000c8     rtsv7M4_T_le_v4SPD16_eabi.lib : fflush.obj (.text)
                  00006248    000000be                                   : xdnorm.obj (.text)
                  00006306    00000002     --HOLE-- [fill = 0]
                  00006308    000000bc     Processor_Initialization_TM4C1294.obj (.text)
                  000063c4    000000ac     rtsv7M4_T_le_v4SPD16_eabi.lib : _io_perm.obj (.text)
                  00006470    000000a8     Task_Report.obj (.text)
                  00006518    0000009c     rtsv7M4_T_le_v4SPD16_eabi.lib : memcpy_t2.obj (.text)
                  000065b4    00000098                                   : fclose.obj (.text)
                  0000664c    00000098                                   : fputc.obj (.text)
                  000066e4    0000008c     Task_PID.obj (.text)
                  00006770    00000086     rtsv7M4_T_le_v4SPD16_eabi.lib : fd_cmp_t2.obj (.text:__aeabi_cdcmple)
                  000067f6    00000086                                   : fd_cmp_t2.obj (.text:__aeabi_cdrcmple)
                  0000687c    00000080     Task_Temp.obj (.text)
                  000068fc    0000007a     driverlib.lib : adc.obj (.text:ADCSequenceStepConfigure)
                  00006976    0000007a     rtsv7M4_T_le_v4SPD16_eabi.lib : memset_t2.obj (.text)
                  000069f0    00000070                                   : printf.obj (.text)
                  00006a60    0000006c                                   : autoinit.obj (.text)
                  00006acc    0000006a                                   : copy_decompress_rle.obj (.text)
                  00006b36    00000002     --HOLE-- [fill = 0]
                  00006b38    00000068                                   : trgmsg.obj (.text)
                  00006ba0    00000066                                   : xdunscal.obj (.text)
                  00006c06    00000002     --HOLE-- [fill = 0]
                  00006c08    00000064                                   : fseek.obj (.text)
                  00006c6c    00000056                                   : ltoa.obj (.text)
                  00006cc2    00000052                                   : ldexp.obj (.text)
                  00006d14    00000050                                   : boot.obj (.text)
                  00006d64    0000004c     Task_Blinky.obj (.text)
                  00006db0    0000004c     rtsv7M4_T_le_v4SPD16_eabi.lib : atoi.obj (.text)
                  00006dfc    0000004c                                   : cpy_tbl.obj (.text)
                  00006e48    00000048     driverlib.lib : gpio.obj (.text:GPIOPinConfigure)
                  00006e90    00000048                   : sysctl.obj (.text:_SysCtlFrequencyGet)
                  00006ed8    00000048     rtsv7M4_T_le_v4SPD16_eabi.lib : fd_toi_t2.obj (.text)
                  00006f20    00000046     driverlib.lib : uart.obj (.text:UARTConfigSetExpClk)
                  00006f66    00000002     --HOLE-- [fill = 0]
                  00006f68    00000044     rtsv7M4_T_le_v4SPD16_eabi.lib : exit.obj (.text)
                  00006fac    00000044                                   : fd_tou_t2.obj (.text)
                  00006ff0    00000040                                   : signal.obj (.text)
                  00007030    00000040                                   : u_divt2.obj (.text)
                  00007070    0000003e     driverlib.lib : adc.obj (.text:ADCSequenceConfigure)
                  000070ae    00000002     --HOLE-- [fill = 0]
                  000070b0    00000038                   : sysctl.obj (.text:SysCtlPeripheralPresent)
                  000070e8    00000038     rtsv7M4_T_le_v4SPD16_eabi.lib : fs_tod_t2.obj (.text)
                  00007120    00000034     driverlib.lib : sysctl.obj (.text:SysCtlPeripheralEnable)
                  00007154    00000034     rtsv7M4_T_le_v4SPD16_eabi.lib : feraiseexcept.obj (.text)
                  00007188    00000030                                   : strncpy.obj (.text)
                  000071b8    00000030                                   : xdclass.obj (.text)
                  000071e8    00000030                                   : xferaise.obj (.text)
                  00007218    0000002e     driverlib.lib : adc.obj (.text:ADCIntStatus)
                  00007246    0000002e     rtsv7M4_T_le_v4SPD16_eabi.lib : i_tofd_t2.obj (.text)
                  00007274    0000002e                                   : raise.obj (.text)
                  000072a2    0000002a     driverlib.lib : gpio.obj (.text:GPIODirModeSet)
                  000072cc    0000002a     rtsv7M4_T_le_v4SPD16_eabi.lib : frexp.obj (.text)
                  000072f6    00000022     driverlib.lib : pwm.obj (.text:PWMGenConfigure)
                  00007318    00000020                   : uart.obj (.text:UARTDisable)
                  00007338    00000020                   : sysctl.obj (.text:_SysCtlMemTimingGet)
                  00007358    00000020     rtsv7M4_T_le_v4SPD16_eabi.lib : memchr.obj (.text)
                  00007378    00000020                                   : u_tofd_t2.obj (.text)
                  00007398    0000001e     driverlib.lib : adc.obj (.text:ADCSequenceDataGet)
                  000073b6    0000001e                   : pwm.obj (.text:PWMPulseWidthSet)
                  000073d4    0000001c     rtsv7M4_T_le_v4SPD16_eabi.lib : memccpy.obj (.text)
                  000073f0    00000018     driverlib.lib : adc.obj (.text:ADCProcessorTrigger)
                  00007408    00000018                   : gpio.obj (.text:GPIOPinTypeGPIOOutput)
                  00007420    00000018     rtsv7M4_T_le_v4SPD16_eabi.lib : args_main.obj (.text)
                  00007438    00000018                                   : strcmp.obj (.text)
                  00007450    00000016                                   : strchr.obj (.text)
                  00007466    00000002     --HOLE-- [fill = 0]
                  00007468    00000014     driverlib.lib : sysctl.obj (.text:SysCtlPWMClockSet)
                  0000747c    00000014                   : uart.obj (.text:UARTEnable)
                  00007490    00000014     rtsv7M4_T_le_v4SPD16_eabi.lib : _lock.obj (.text)
                  000074a4    00000014                                   : strcpy.obj (.text)
                  000074b8    00000014                                   : strlen.obj (.text)
                  000074cc    00000012     driverlib.lib : gpio.obj (.text:GPIOPinTypePWM)
                  000074de    00000012                   : gpio.obj (.text:GPIOPinTypeUART)
                  000074f0    00000012                   : pwm.obj (.text:PWMGenPeriodGet)
                  00007502    00000012                   : pwm.obj (.text:PWMOutputState)
                  00007514    00000010                   : pwm.obj (.text:PWMGenPeriodSet)
                  00007524    0000000e                   : adc.obj (.text:ADCSequenceEnable)
                  00007532    0000000e                   : uart.obj (.text:UARTCharsAvail)
                  00007540    0000000e     rtsv7M4_T_le_v4SPD16_eabi.lib : copy_decompress_none.obj (.text:decompress:none)
                  0000754e    0000000c     driverlib.lib : pwm.obj (.text:PWMGenEnable)
                  0000755a    0000000c     TM4C_FreeRTOS_Base_Startup.obj (.text)
                  00007566    0000000c     rtsv7M4_T_le_v4SPD16_eabi.lib : copy_zero_init.obj (.text:decompress:ZI)
                  00007572    0000000a     driverlib.lib : adc.obj (.text:ADCIntClear)
                  0000757c    0000000a                   : uart.obj (.text:UARTCharGet)
                  00007586    0000000a                   : uart.obj (.text:UARTCharPut)
                  00007590    00000006                   : gpio.obj (.text:GPIOPinRead)
                  00007596    00000006                   : gpio.obj (.text:GPIOPinWrite)
                  0000759c    00000006                   : uart.obj (.text:UARTClockSourceSet)
                  000075a2    00000006     rtsv7M4_T_le_v4SPD16_eabi.lib : copy_decompress_rle.obj (.text:decompress:rle24)
                  000075a8    00000004                                   : pre_init.obj (.text)

.const     0    000075ac    0000038c     
                  000075ac    00000120     driverlib.lib : sysctl.obj (.const:g_pppui32XTALtoVCO)
                  000076cc    00000101     rtsv7M4_T_le_v4SPD16_eabi.lib : ctype.obj (.const:.string:_ctypes_)
                  000077cd    00000001     --HOLE-- [fill = 0]
                  000077ce    00000002     heap_2.obj (.const)
                  000077d0    00000090     driverlib.lib : gpio.obj (.const:g_pui32GPIOBaseAddrs)
                  00007860    0000006c                   : sysctl.obj (.const:g_pui32Xtals)
                  000078cc    00000030                   : sysctl.obj (.const:g_sXTALtoMEMTIM)
                  000078fc    0000001c     uartstdio.obj (.const)
                  00007918    00000012     uartstdio.obj (.const:.string)
                  0000792a    00000002     --HOLE-- [fill = 0]
                  0000792c    00000008     driverlib.lib : sysctl.obj (.const)
                  00007934    00000004     port.obj (.const)

.cinit     0    00007938    000000f0     
                  00007938    000000c5     (.cinit..data.load) [load image, compression = rle]
                  000079fd    00000003     --HOLE-- [fill = 0]
                  00007a00    0000000c     (__TI_handler_table)
                  00007a0c    00000004     --HOLE-- [fill = 0]
                  00007a10    00000008     (.cinit..bss.load) [load image, compression = zero_init]
                  00007a18    00000010     (__TI_cinit_table)

.init_array 
*          0    00000000    00000000     UNINITIALIZED

.bss       0    20000000    0000c798     UNINITIALIZED
                  20000000    0000c350     heap_2.obj (.bss:xHeap)
                  2000c350    00000120     rtsv7M4_T_le_v4SPD16_eabi.lib : trgmsg.obj (.bss:__CIOBUF_)
                  2000c470    00000100     TM4C_FreeRTOS_Base_Startup.obj (.bss:pulStack)
                  2000c570    000000a0     rtsv7M4_T_le_v4SPD16_eabi.lib : defs.obj (.bss:__TI_tmpnams)
                  2000c610    00000064     tasks.obj (.bss:pxReadyTasksLists)
                  2000c674    00000040     queue.obj (.bss:xQueueRegistry)
                  2000c6b4    0000002c     PIDman.obj (.bss:circle)
                  2000c6e0    00000014     (.common:xActiveTimerList1)
                  2000c6f4    00000014     (.common:xActiveTimerList2)
                  2000c708    00000014     (.common:xDelayedTaskList1)
                  2000c71c    00000014     (.common:xDelayedTaskList2)
                  2000c730    00000014     (.common:xPendingReadyList)
                  2000c744    00000014     (.common:xSuspendedTaskList)
                  2000c758    00000014     (.common:xTasksWaitingTermination)
                  2000c76c    00000008     (.common:parmbuf)
                  2000c774    00000008     (.common:xEnd)
                  2000c77c    00000008     (.common:xStart)
                  2000c784    00000004     (.common:pxCurrentTimerList)
                  2000c788    00000004     (.common:pxDelayedTaskList)
                  2000c78c    00000004     (.common:pxOverflowDelayedTaskList)
                  2000c790    00000004     (.common:pxOverflowTimerList)
                  2000c794    00000004     (.common:rqueue_count)

.TI.noinit 
*          0    20000000    00000000     UNINITIALIZED

.stack     0    2000c798    00000800     UNINITIALIZED
                  2000c798    00000800     --HOLE--

.sysmem    0    2000cf98    00000800     UNINITIALIZED
                  2000cf98    00000008     rtsv7M4_T_le_v4SPD16_eabi.lib : memory.obj (.sysmem)
                  2000cfa0    000007f8     --HOLE--

.data      0    2000d798    000003bc     UNINITIALIZED
                  2000d798    000000f0     rtsv7M4_T_le_v4SPD16_eabi.lib : defs.obj (.data:_ftable)
                  2000d888    000000d0                                   : lowlev.obj (.data)
                  2000d958    000000b0                                   : signal.obj (.data:sigtable)
                  2000da08    00000080                                   : xvalues.obj (.data)
                  2000da88    00000030     tasks.obj (.data)
                  2000dab8    00000010     PIDman.obj (.data)
                  2000dac8    00000010     Processor_Initialization_TM4C1294.obj (.data)
                  2000dad8    00000010     rtsv7M4_T_le_v4SPD16_eabi.lib : defs.obj (.data)
                  2000dae8    0000000c                                   : memory.obj (.data)
                  2000daf4    00000008     Task_Report.obj (.data)
                  2000dafc    00000008     Task_Uart.obj (.data)
                  2000db04    00000008     heap_2.obj (.data)
                  2000db0c    00000008     port.obj (.data)
                  2000db14    00000008     rtsv7M4_T_le_v4SPD16_eabi.lib : _lock.obj (.data)
                  2000db1c    00000008                                   : exit.obj (.data)
                  2000db24    00000008                                   : feraiseexcept.obj (.data)
                  2000db2c    00000008     timers.obj (.data)
                  2000db34    00000005     uartstdio.obj (.data)
                  2000db39    00000003     --HOLE--
                  2000db3c    00000004     Task_HeaterOn.obj (.data)
                  2000db40    00000004     Task_PID.obj (.data)
                  2000db44    00000004     Task_Temp.obj (.data)
                  2000db48    00000004     rtsv7M4_T_le_v4SPD16_eabi.lib : errno.obj (.data)
                  2000db4c    00000004                                   : fopen.obj (.data)
                  2000db50    00000004                                   : stkdepth_vars.obj (.data)

.TI.persistent 
*          0    2000d798    00000000     UNINITIALIZED


LINKER GENERATED COPY TABLES

__TI_cinit_table @ 00007a18 records: 2, size/record: 8, table size: 16
	.data: load addr=00007938, load size=000000c5 bytes, run addr=2000d798, run size=000003bc bytes, compression=rle
	.bss: load addr=00007a10, load size=00000008 bytes, run addr=20000000, run size=0000c798 bytes, compression=zero_init


LINKER GENERATED HANDLER TABLE

__TI_handler_table @ 00007a00 records: 3, size/record: 4, table size: 12
	index: 0, handler: __TI_decompress_rle24
	index: 1, handler: __TI_decompress_none
	index: 2, handler: __TI_zero_init


GLOBAL SYMBOLS: SORTED ALPHABETICALLY BY Name 

address   name                             
-------   ----                             
00007573  ADCIntClear                      
00007219  ADCIntStatus                     
000073f1  ADCProcessorTrigger              
00007071  ADCSequenceConfigure             
00007399  ADCSequenceDataGet               
00007525  ADCSequenceEnable                
000068fd  ADCSequenceStepConfigure         
2000db44  ADC_Queue                        
00006f69  C$$EXIT                          
00006b67  C$$IO$$                          
0000596d  CircularArray_Average            
000058e9  CircularArray_Peek               
000058b5  CircularArray_Push               
00005915  CircularArray_Sum                
2000dad4  FPUInitFlag                      
000072a3  GPIODirModeSet                   
00005781  GPIOPadConfigSet                 
00006e49  GPIOPinConfigure                 
00007591  GPIOPinRead                      
00007409  GPIOPinTypeGPIOOutput            
000074cd  GPIOPinTypePWM                   
000074df  GPIOPinTypeUART                  
00007597  GPIOPinWrite                     
000047dd  HOSTclock                        
000047a5  HOSTclose                        
00004767  HOSTgetenv                       
0000470b  HOSTlseek                        
000046b9  HOSTopen                         
0000466d  HOSTread                         
0000460f  HOSTrename                       
000045d5  HOSTtime                         
0000459d  HOSTunlink                       
00004551  HOSTwrite                        
2000daf8  Heater_Queue                     
2000dafc  Inp_Queue                        
000072f7  PWMGenConfigure                  
0000754f  PWMGenEnable                     
000074f1  PWMGenPeriodGet                  
00007515  PWMGenPeriodSet                  
00007503  PWMOutputState                   
000073b7  PWMPulseWidthSet                 
2000dacc  ProcessorInitFlag                
00006309  Processor_Initialization         
2000daf4  ReportData_Queue                 
0000755b  ResetISR                         
UNDEFED   SHT$$INIT_ARRAY$$Base            
UNDEFED   SHT$$INIT_ARRAY$$Limit           
00004825  SysCtlClockFreqSet               
00007469  SysCtlPWMClockSet                
00007121  SysCtlPeripheralEnable           
000070b1  SysCtlPeripheralPresent          
00006d65  Task_Blink_LED_D1                
00005e09  Task_HeaterOn                    
000066e5  Task_PID                         
00006471  Task_Report                      
00005ef5  Task_Simple_ADC0_Ch0             
0000687d  Task_Temp                        
00005151  Task_UART_0                      
2000db40  Temp_Queue                       
0000757d  UARTCharGet                      
00007587  UARTCharPut                      
00007533  UARTCharsAvail                   
0000759d  UARTClockSourceSet               
00006f21  UARTConfigSetExpClk              
00007319  UARTDisable                      
0000747d  UARTEnable                       
000051e5  UARTMessagePut                   
000039cd  UARTStdioConfig                  
2000dad0  UARTStdioInitFlag                
0000632d  UART_Initialization              
00003b13  UARTgetc                         
00003a59  UARTgets                         
00003e33  UARTprintf                       
00003b39  UARTvprintf                      
00003a13  UARTwrite                        
000071b9  _Dclass                          
2000da08  _Denorm                          
00006249  _Dnorm                           
00005b0d  _Dscale                          
00006ba1  _Dunscale                        
2000da18  _Eps                             
2000db48  _Errno                           
2000db24  _Fenv                            
000071e9  _Feraise                         
2000da28  _Hugeval                         
2000da38  _Inf                             
2000da48  _Nan                             
2000da68  _Rteps                           
2000da58  _Snan                            
2000db28  _Tls_setup__Fenv                 
2000da78  _Xbig                            
2000da80  _Zero                            
2000c350  __CIOBUF_                        
2000cf98  __STACK_END                      
00000800  __STACK_SIZE                     
2000c998  __STACK_TOP                      
00000800  __SYSMEM_SIZE                    
00007a18  __TI_CINIT_Base                  
00007a28  __TI_CINIT_Limit                 
00007a00  __TI_Handler_Table_Base          
00007a0c  __TI_Handler_Table_Limit         
00006a61  __TI_auto_init                   
00004ce5  __TI_cleanup                     
2000db1c  __TI_cleanup_ptr                 
000065b5  __TI_closefile                   
00007541  __TI_decompress_none             
000075a3  __TI_decompress_rle24            
00006181  __TI_doflush                     
2000db20  __TI_dtors_ptr                   
2000dad8  __TI_ft_end                      
00002785  __TI_printfi                     
00006427  __TI_rd_ok                       
00006b6b  __TI_readmsg                     
00000000  __TI_static_base__               
2000c570  __TI_tmpnams                     
00006b39  __TI_writemsg                    
000063c5  __TI_wrt_ok                      
00007567  __TI_zero_init                   
00006771  __aeabi_cdcmpeq                  
00006771  __aeabi_cdcmple                  
000067f7  __aeabi_cdrcmple                 
00006ed9  __aeabi_d2iz                     
00006fad  __aeabi_d2uiz                    
00004fa3  __aeabi_dadd                     
000053e1  __aeabi_ddiv                     
00005c1d  __aeabi_dmul                     
00004f99  __aeabi_dsub                     
000070e9  __aeabi_f2d                      
00007247  __aeabi_i2d                      
00002a8b  __aeabi_idiv0                    
00006977  __aeabi_memclr                   
00006977  __aeabi_memclr4                  
00006977  __aeabi_memclr8                  
00006519  __aeabi_memcpy                   
00006519  __aeabi_memcpy4                  
00006519  __aeabi_memcpy8                  
00006979  __aeabi_memset                   
00006979  __aeabi_memset4                  
00006979  __aeabi_memset8                  
2000dae4  __aeabi_stderr                   
2000dadc  __aeabi_stdin                    
2000dae0  __aeabi_stdout                   
00007379  __aeabi_ui2d                     
00007031  __aeabi_uidiv                    
00007031  __aeabi_uidivmod                 
00004a29  __aeabi_uldivmod                 
ffffffff  __binit__                        
ffffffff  __c_args__                       
2000c798  __stack                          
00007421  _args_main                       
00006d15  _c_int00                         
000076cc  _ctypes_                         
2000d798  _ftable                          
2000db14  _lock                            
0000749f  _nop                             
00007497  _register_lock                   
00007491  _register_unlock                 
2000cf98  _sys_memory                      
000075a9  _system_pre_init                 
2000db18  _unlock                          
00006f6d  abort                            
000044a5  add_device                       
00006db1  atoi                             
ffffffff  binit                            
00004211  calloc                           
2000c6b4  circle                           
00004455  close                            
00006dfd  copy_in                          
00006f75  exit                             
0000661b  fclose                           
00007155  feraiseexcept                    
000061cd  fflush                           
00004d3b  fopen                            
0000664d  fputc                            
0000564d  fputs                            
00003f5f  free                             
00004d11  freopen                          
000072cd  frexp                            
00006c09  fseek                            
00000000  g_pfnVectors                     
2000dac8  g_ulSystemClock                  
00005d6d  getDComponent                    
00005d51  getIComponent                    
00005d33  getPComponent                    
00005dbf  getPIDChange                     
00005d19  getTemperatureTarget             
2000db3c  hqueue_count                     
2000db00  iqueue_count                     
00006cc3  ldexp                            
00004431  lseek                            
00006c6d  ltoa                             
0000529d  main                             
2000db50  main_func_sp                     
00003ef7  malloc                           
0000412d  memalign                         
000073d5  memccpy                          
00007359  memchr                           
00006519  memcpy                           
0000697f  memset                           
00003e69  minit                            
00004383  open                             
00003591  pcTimerGetTimerName              
000069f9  printf                           
0000664d  putc                             
000066d1  putchar                          
00005759  puts                             
00004de1  pvPortMalloc                     
0000150f  pvTaskIncrementMutexHeldCount    
0000397d  pvTimerGetTimerID                
2000da88  pxCurrentTCB                     
00005519  pxPortInitialiseStack            
00007275  raise                            
0000435f  read                             
00004021  realloc                          
000042d5  remove                           
00004337  remove_device                    
000042f9  rename                           
2000c794  rqueue_count                     
00005d21  setTemperatureTarget             
00005fd1  setvbuf                          
00006ff1  signal                           
00007451  strchr                           
00007439  strcmp                           
000074a5  strcpy                           
000074b9  strlen                           
00007189  strncpy                          
2000dab8  temperatureTarget                
000031ad  ucQueueGetQueueType              
00007934  ulMaxSyscallInterruptPriority    
000060bd  ulPortGetIPSR                    
00001527  ulTaskNotifyTake                 
000042d5  unlink                           
00005ac3  uxListRemove                     
0000318d  uxQueueGetQueueNumber            
0000312f  uxQueueMessagesWaiting           
00003165  uxQueueMessagesWaitingFromISR    
00003145  uxQueueSpacesAvailable           
000009f5  uxTaskGetNumberOfTasks           
00000a05  uxTaskGetSystemState             
00000f37  uxTaskGetTaskNumber              
000004bb  uxTaskPriorityGet                
000004ed  uxTaskPriorityGetFromISR         
000014ed  uxTaskResetEventItemValue        
000059e1  vListInitialise                  
00005a11  vListInitialiseItem              
00005a5d  vListInsert                      
00005a21  vListInsertEnd                   
00006171  vPortEnableVFP                   
000055b5  vPortEndScheduler                
000055b7  vPortEnterCritical               
000055d7  vPortExitCritical                
00004f0d  vPortFree                        
00004f75  vPortInitialiseBlocks            
00006135  vPortSVCHandler                  
0000561b  vPortSetupTimerInterrupt         
00006155  vPortStartFirstTask              
000033bb  vQueueAddToRegistry              
00003177  vQueueDelete                     
0000319b  vQueueSetQueueNumber             
000033fd  vQueueUnregisterQueue            
00003437  vQueueWaitForMessageRestricted   
0000045f  vTaskDelay                       
000003b7  vTaskDelayUntil                  
0000031b  vTaskDelete                      
000008c1  vTaskEndScheduler                
00000f2f  vTaskMissedYield                 
000018d9  vTaskNotifyGiveFromISR           
00000c65  vTaskPlaceOnEventList            
00000d3d  vTaskPlaceOnEventListRestricted  
00000cc5  vTaskPlaceOnUnorderedEventList   
00001395  vTaskPriorityInherit             
00000541  vTaskPrioritySet                 
00000749  vTaskResume                      
00000f5d  vTaskSetTaskNumber               
00000e8f  vTaskSetTimeOutState             
0000085d  vTaskStartScheduler              
00000655  vTaskSuspend                     
000008e1  vTaskSuspendAll                  
00000bf9  vTaskSwitchContext               
00003997  vTimerSetTimerID                 
2000dac4  weight_D                         
2000dac0  weight_I                         
2000dabc  weight_P                         
00004245  write                            
00004f6f  xPortGetFreeHeapSize             
000060d5  xPortPendSVHandler               
0000557f  xPortStartScheduler              
2000db10  xPortSysTickCount                
000055ed  xPortSysTickHandler              
00002c95  xQueueCreateCountingSemaphore    
00002b99  xQueueCreateMutex                
00002b29  xQueueGenericCreate              
00002ee9  xQueueGenericReceive             
00002a8d  xQueueGenericReset               
00002cb5  xQueueGenericSend                
00002ddd  xQueueGenericSendFromISR         
00002e69  xQueueGiveFromISR                
00002c0f  xQueueGiveMutexRecursive         
00003357  xQueueIsQueueEmptyFromISR        
00003399  xQueueIsQueueFullFromISR         
000030dd  xQueuePeekFromISR                
00003057  xQueueReceiveFromISR             
2000c674  xQueueRegistry                   
00002c4b  xQueueTakeMutexRecursive         
00000eb5  xTaskCheckForTimeOut             
00000201  xTaskGenericCreate               
000016df  xTaskGenericNotify               
000017d1  xTaskGenericNotifyFromISR        
00001349  xTaskGetCurrentTaskHandle        
00001361  xTaskGetSchedulerState           
000009d1  xTaskGetTickCount                
000009e1  xTaskGetTickCountFromISR         
00000ad5  xTaskIncrementTick               
0000197f  xTaskNotifyStateClear            
000015f5  xTaskNotifyWait                  
0000144f  xTaskPriorityDisinherit          
00000da1  xTaskRemoveFromEventList         
00000e21  xTaskRemoveFromUnorderedEventList
000008f5  xTaskResumeAll                   
000007cb  xTaskResumeFromISR               
000034cf  xTimerCreate                     
00003495  xTimerCreateTimerTask            
00003523  xTimerGenericCommand             
00003951  xTimerIsTimerActive              


GLOBAL SYMBOLS: SORTED BY Symbol Address 

address   name                             
-------   ----                             
00000000  __TI_static_base__               
00000000  g_pfnVectors                     
00000201  xTaskGenericCreate               
0000031b  vTaskDelete                      
000003b7  vTaskDelayUntil                  
0000045f  vTaskDelay                       
000004bb  uxTaskPriorityGet                
000004ed  uxTaskPriorityGetFromISR         
00000541  vTaskPrioritySet                 
00000655  vTaskSuspend                     
00000749  vTaskResume                      
000007cb  xTaskResumeFromISR               
00000800  __STACK_SIZE                     
00000800  __SYSMEM_SIZE                    
0000085d  vTaskStartScheduler              
000008c1  vTaskEndScheduler                
000008e1  vTaskSuspendAll                  
000008f5  xTaskResumeAll                   
000009d1  xTaskGetTickCount                
000009e1  xTaskGetTickCountFromISR         
000009f5  uxTaskGetNumberOfTasks           
00000a05  uxTaskGetSystemState             
00000ad5  xTaskIncrementTick               
00000bf9  vTaskSwitchContext               
00000c65  vTaskPlaceOnEventList            
00000cc5  vTaskPlaceOnUnorderedEventList   
00000d3d  vTaskPlaceOnEventListRestricted  
00000da1  xTaskRemoveFromEventList         
00000e21  xTaskRemoveFromUnorderedEventList
00000e8f  vTaskSetTimeOutState             
00000eb5  xTaskCheckForTimeOut             
00000f2f  vTaskMissedYield                 
00000f37  uxTaskGetTaskNumber              
00000f5d  vTaskSetTaskNumber               
00001349  xTaskGetCurrentTaskHandle        
00001361  xTaskGetSchedulerState           
00001395  vTaskPriorityInherit             
0000144f  xTaskPriorityDisinherit          
000014ed  uxTaskResetEventItemValue        
0000150f  pvTaskIncrementMutexHeldCount    
00001527  ulTaskNotifyTake                 
000015f5  xTaskNotifyWait                  
000016df  xTaskGenericNotify               
000017d1  xTaskGenericNotifyFromISR        
000018d9  vTaskNotifyGiveFromISR           
0000197f  xTaskNotifyStateClear            
00002785  __TI_printfi                     
00002a8b  __aeabi_idiv0                    
00002a8d  xQueueGenericReset               
00002b29  xQueueGenericCreate              
00002b99  xQueueCreateMutex                
00002c0f  xQueueGiveMutexRecursive         
00002c4b  xQueueTakeMutexRecursive         
00002c95  xQueueCreateCountingSemaphore    
00002cb5  xQueueGenericSend                
00002ddd  xQueueGenericSendFromISR         
00002e69  xQueueGiveFromISR                
00002ee9  xQueueGenericReceive             
00003057  xQueueReceiveFromISR             
000030dd  xQueuePeekFromISR                
0000312f  uxQueueMessagesWaiting           
00003145  uxQueueSpacesAvailable           
00003165  uxQueueMessagesWaitingFromISR    
00003177  vQueueDelete                     
0000318d  uxQueueGetQueueNumber            
0000319b  vQueueSetQueueNumber             
000031ad  ucQueueGetQueueType              
00003357  xQueueIsQueueEmptyFromISR        
00003399  xQueueIsQueueFullFromISR         
000033bb  vQueueAddToRegistry              
000033fd  vQueueUnregisterQueue            
00003437  vQueueWaitForMessageRestricted   
00003495  xTimerCreateTimerTask            
000034cf  xTimerCreate                     
00003523  xTimerGenericCommand             
00003591  pcTimerGetTimerName              
00003951  xTimerIsTimerActive              
0000397d  pvTimerGetTimerID                
00003997  vTimerSetTimerID                 
000039cd  UARTStdioConfig                  
00003a13  UARTwrite                        
00003a59  UARTgets                         
00003b13  UARTgetc                         
00003b39  UARTvprintf                      
00003e33  UARTprintf                       
00003e69  minit                            
00003ef7  malloc                           
00003f5f  free                             
00004021  realloc                          
0000412d  memalign                         
00004211  calloc                           
00004245  write                            
000042d5  remove                           
000042d5  unlink                           
000042f9  rename                           
00004337  remove_device                    
0000435f  read                             
00004383  open                             
00004431  lseek                            
00004455  close                            
000044a5  add_device                       
00004551  HOSTwrite                        
0000459d  HOSTunlink                       
000045d5  HOSTtime                         
0000460f  HOSTrename                       
0000466d  HOSTread                         
000046b9  HOSTopen                         
0000470b  HOSTlseek                        
00004767  HOSTgetenv                       
000047a5  HOSTclose                        
000047dd  HOSTclock                        
00004825  SysCtlClockFreqSet               
00004a29  __aeabi_uldivmod                 
00004ce5  __TI_cleanup                     
00004d11  freopen                          
00004d3b  fopen                            
00004de1  pvPortMalloc                     
00004f0d  vPortFree                        
00004f6f  xPortGetFreeHeapSize             
00004f75  vPortInitialiseBlocks            
00004f99  __aeabi_dsub                     
00004fa3  __aeabi_dadd                     
00005151  Task_UART_0                      
000051e5  UARTMessagePut                   
0000529d  main                             
000053e1  __aeabi_ddiv                     
00005519  pxPortInitialiseStack            
0000557f  xPortStartScheduler              
000055b5  vPortEndScheduler                
000055b7  vPortEnterCritical               
000055d7  vPortExitCritical                
000055ed  xPortSysTickHandler              
0000561b  vPortSetupTimerInterrupt         
0000564d  fputs                            
00005759  puts                             
00005781  GPIOPadConfigSet                 
000058b5  CircularArray_Push               
000058e9  CircularArray_Peek               
00005915  CircularArray_Sum                
0000596d  CircularArray_Average            
000059e1  vListInitialise                  
00005a11  vListInitialiseItem              
00005a21  vListInsertEnd                   
00005a5d  vListInsert                      
00005ac3  uxListRemove                     
00005b0d  _Dscale                          
00005c1d  __aeabi_dmul                     
00005d19  getTemperatureTarget             
00005d21  setTemperatureTarget             
00005d33  getPComponent                    
00005d51  getIComponent                    
00005d6d  getDComponent                    
00005dbf  getPIDChange                     
00005e09  Task_HeaterOn                    
00005ef5  Task_Simple_ADC0_Ch0             
00005fd1  setvbuf                          
000060bd  ulPortGetIPSR                    
000060d5  xPortPendSVHandler               
00006135  vPortSVCHandler                  
00006155  vPortStartFirstTask              
00006171  vPortEnableVFP                   
00006181  __TI_doflush                     
000061cd  fflush                           
00006249  _Dnorm                           
00006309  Processor_Initialization         
0000632d  UART_Initialization              
000063c5  __TI_wrt_ok                      
00006427  __TI_rd_ok                       
00006471  Task_Report                      
00006519  __aeabi_memcpy                   
00006519  __aeabi_memcpy4                  
00006519  __aeabi_memcpy8                  
00006519  memcpy                           
000065b5  __TI_closefile                   
0000661b  fclose                           
0000664d  fputc                            
0000664d  putc                             
000066d1  putchar                          
000066e5  Task_PID                         
00006771  __aeabi_cdcmpeq                  
00006771  __aeabi_cdcmple                  
000067f7  __aeabi_cdrcmple                 
0000687d  Task_Temp                        
000068fd  ADCSequenceStepConfigure         
00006977  __aeabi_memclr                   
00006977  __aeabi_memclr4                  
00006977  __aeabi_memclr8                  
00006979  __aeabi_memset                   
00006979  __aeabi_memset4                  
00006979  __aeabi_memset8                  
0000697f  memset                           
000069f9  printf                           
00006a61  __TI_auto_init                   
00006b39  __TI_writemsg                    
00006b67  C$$IO$$                          
00006b6b  __TI_readmsg                     
00006ba1  _Dunscale                        
00006c09  fseek                            
00006c6d  ltoa                             
00006cc3  ldexp                            
00006d15  _c_int00                         
00006d65  Task_Blink_LED_D1                
00006db1  atoi                             
00006dfd  copy_in                          
00006e49  GPIOPinConfigure                 
00006ed9  __aeabi_d2iz                     
00006f21  UARTConfigSetExpClk              
00006f69  C$$EXIT                          
00006f6d  abort                            
00006f75  exit                             
00006fad  __aeabi_d2uiz                    
00006ff1  signal                           
00007031  __aeabi_uidiv                    
00007031  __aeabi_uidivmod                 
00007071  ADCSequenceConfigure             
000070b1  SysCtlPeripheralPresent          
000070e9  __aeabi_f2d                      
00007121  SysCtlPeripheralEnable           
00007155  feraiseexcept                    
00007189  strncpy                          
000071b9  _Dclass                          
000071e9  _Feraise                         
00007219  ADCIntStatus                     
00007247  __aeabi_i2d                      
00007275  raise                            
000072a3  GPIODirModeSet                   
000072cd  frexp                            
000072f7  PWMGenConfigure                  
00007319  UARTDisable                      
00007359  memchr                           
00007379  __aeabi_ui2d                     
00007399  ADCSequenceDataGet               
000073b7  PWMPulseWidthSet                 
000073d5  memccpy                          
000073f1  ADCProcessorTrigger              
00007409  GPIOPinTypeGPIOOutput            
00007421  _args_main                       
00007439  strcmp                           
00007451  strchr                           
00007469  SysCtlPWMClockSet                
0000747d  UARTEnable                       
00007491  _register_unlock                 
00007497  _register_lock                   
0000749f  _nop                             
000074a5  strcpy                           
000074b9  strlen                           
000074cd  GPIOPinTypePWM                   
000074df  GPIOPinTypeUART                  
000074f1  PWMGenPeriodGet                  
00007503  PWMOutputState                   
00007515  PWMGenPeriodSet                  
00007525  ADCSequenceEnable                
00007533  UARTCharsAvail                   
00007541  __TI_decompress_none             
0000754f  PWMGenEnable                     
0000755b  ResetISR                         
00007567  __TI_zero_init                   
00007573  ADCIntClear                      
0000757d  UARTCharGet                      
00007587  UARTCharPut                      
00007591  GPIOPinRead                      
00007597  GPIOPinWrite                     
0000759d  UARTClockSourceSet               
000075a3  __TI_decompress_rle24            
000075a9  _system_pre_init                 
000076cc  _ctypes_                         
00007934  ulMaxSyscallInterruptPriority    
00007a00  __TI_Handler_Table_Base          
00007a0c  __TI_Handler_Table_Limit         
00007a18  __TI_CINIT_Base                  
00007a28  __TI_CINIT_Limit                 
2000c350  __CIOBUF_                        
2000c570  __TI_tmpnams                     
2000c674  xQueueRegistry                   
2000c6b4  circle                           
2000c794  rqueue_count                     
2000c798  __stack                          
2000c998  __STACK_TOP                      
2000cf98  __STACK_END                      
2000cf98  _sys_memory                      
2000d798  _ftable                          
2000da08  _Denorm                          
2000da18  _Eps                             
2000da28  _Hugeval                         
2000da38  _Inf                             
2000da48  _Nan                             
2000da58  _Snan                            
2000da68  _Rteps                           
2000da78  _Xbig                            
2000da80  _Zero                            
2000da88  pxCurrentTCB                     
2000dab8  temperatureTarget                
2000dabc  weight_P                         
2000dac0  weight_I                         
2000dac4  weight_D                         
2000dac8  g_ulSystemClock                  
2000dacc  ProcessorInitFlag                
2000dad0  UARTStdioInitFlag                
2000dad4  FPUInitFlag                      
2000dad8  __TI_ft_end                      
2000dadc  __aeabi_stdin                    
2000dae0  __aeabi_stdout                   
2000dae4  __aeabi_stderr                   
2000daf4  ReportData_Queue                 
2000daf8  Heater_Queue                     
2000dafc  Inp_Queue                        
2000db00  iqueue_count                     
2000db10  xPortSysTickCount                
2000db14  _lock                            
2000db18  _unlock                          
2000db1c  __TI_cleanup_ptr                 
2000db20  __TI_dtors_ptr                   
2000db24  _Fenv                            
2000db28  _Tls_setup__Fenv                 
2000db3c  hqueue_count                     
2000db40  Temp_Queue                       
2000db44  ADC_Queue                        
2000db48  _Errno                           
2000db50  main_func_sp                     
ffffffff  __binit__                        
ffffffff  __c_args__                       
ffffffff  binit                            
UNDEFED   SHT$$INIT_ARRAY$$Base            
UNDEFED   SHT$$INIT_ARRAY$$Limit           

[324 symbols]
