<?xml version="1.0"?>
<link_info>
   <banner>TI ARM Linker PC v5.2.5</banner>
   <copyright>Copyright (c) 1996-2015 Texas Instruments Incorporated</copyright>
   <link_time>0x5727a9ca</link_time>
   <link_errors>0x0</link_errors>
   <output_file>FreeRTOS823_3_TM4C1294_Base_Test.out</output_file>
   <entry_point>
      <name>_c_int00</name>
      <address>0x6d15</address>
   </entry_point>
   <input_file_list>
      <input_file id="fl-2">
         <path>.\</path>
         <kind>object</kind>
         <file>Main_Base_Test.obj</file>
         <name>Main_Base_Test.obj</name>
      </input_file>
      <input_file id="fl-3">
         <path>.\</path>
         <kind>object</kind>
         <file>TM4C_FreeRTOS_Base_Startup.obj</file>
         <name>TM4C_FreeRTOS_Base_Startup.obj</name>
      </input_file>
      <input_file id="fl-4">
         <path>.\</path>
         <kind>object</kind>
         <file>heap_2.obj</file>
         <name>heap_2.obj</name>
      </input_file>
      <input_file id="fl-5">
         <path>.\Tasks\</path>
         <kind>object</kind>
         <file>CircularArray.obj</file>
         <name>CircularArray.obj</name>
      </input_file>
      <input_file id="fl-6">
         <path>.\Tasks\</path>
         <kind>object</kind>
         <file>PIDman.obj</file>
         <name>PIDman.obj</name>
      </input_file>
      <input_file id="fl-7">
         <path>.\Tasks\</path>
         <kind>object</kind>
         <file>Task_Blinky.obj</file>
         <name>Task_Blinky.obj</name>
      </input_file>
      <input_file id="fl-8">
         <path>.\Tasks\</path>
         <kind>object</kind>
         <file>Task_HeaterOn.obj</file>
         <name>Task_HeaterOn.obj</name>
      </input_file>
      <input_file id="fl-9">
         <path>.\Tasks\</path>
         <kind>object</kind>
         <file>Task_PID.obj</file>
         <name>Task_PID.obj</name>
      </input_file>
      <input_file id="fl-a">
         <path>.\Tasks\</path>
         <kind>object</kind>
         <file>Task_Report.obj</file>
         <name>Task_Report.obj</name>
      </input_file>
      <input_file id="fl-b">
         <path>.\Tasks\</path>
         <kind>object</kind>
         <file>Task_Simple_ADC.obj</file>
         <name>Task_Simple_ADC.obj</name>
      </input_file>
      <input_file id="fl-c">
         <path>.\Tasks\</path>
         <kind>object</kind>
         <file>Task_Temp.obj</file>
         <name>Task_Temp.obj</name>
      </input_file>
      <input_file id="fl-d">
         <path>.\Tasks\</path>
         <kind>object</kind>
         <file>Task_TempChange.obj</file>
         <name>Task_TempChange.obj</name>
      </input_file>
      <input_file id="fl-e">
         <path>.\Tasks\</path>
         <kind>object</kind>
         <file>Task_Uart.obj</file>
         <name>Task_Uart.obj</name>
      </input_file>
      <input_file id="fl-f">
         <path>.\Source\</path>
         <kind>object</kind>
         <file>croutine.obj</file>
         <name>croutine.obj</name>
      </input_file>
      <input_file id="fl-10">
         <path>.\Source\</path>
         <kind>object</kind>
         <file>event_groups.obj</file>
         <name>event_groups.obj</name>
      </input_file>
      <input_file id="fl-11">
         <path>.\Source\</path>
         <kind>object</kind>
         <file>list.obj</file>
         <name>list.obj</name>
      </input_file>
      <input_file id="fl-12">
         <path>.\Source\</path>
         <kind>object</kind>
         <file>queue.obj</file>
         <name>queue.obj</name>
      </input_file>
      <input_file id="fl-13">
         <path>.\Source\</path>
         <kind>object</kind>
         <file>tasks.obj</file>
         <name>tasks.obj</name>
      </input_file>
      <input_file id="fl-14">
         <path>.\Source\</path>
         <kind>object</kind>
         <file>timers.obj</file>
         <name>timers.obj</name>
      </input_file>
      <input_file id="fl-15">
         <path>.\Source\portable\CCS\ARM_CM4F\</path>
         <kind>object</kind>
         <file>port.obj</file>
         <name>port.obj</name>
      </input_file>
      <input_file id="fl-16">
         <path>.\Source\portable\CCS\ARM_CM4F\</path>
         <kind>object</kind>
         <file>portasm.obj</file>
         <name>portasm.obj</name>
      </input_file>
      <input_file id="fl-17">
         <path>.\Drivers\</path>
         <kind>object</kind>
         <file>Processor_Initialization_TM4C1294.obj</file>
         <name>Processor_Initialization_TM4C1294.obj</name>
      </input_file>
      <input_file id="fl-18">
         <path>.\Drivers\</path>
         <kind>object</kind>
         <file>uartstdio.obj</file>
         <name>uartstdio.obj</name>
      </input_file>
      <input_file id="fl-13f">
         <path>C:\ti\ccsv6\tools\compiler\ti-cgt-arm_5.2.5\lib\</path>
         <kind>archive</kind>
         <file>rtsv7M4_T_le_v4SPD16_eabi.lib</file>
         <name>boot.obj</name>
      </input_file>
      <input_file id="fl-140">
         <path>C:\ti\ccsv6\tools\compiler\ti-cgt-arm_5.2.5\lib\</path>
         <kind>archive</kind>
         <file>rtsv7M4_T_le_v4SPD16_eabi.lib</file>
         <name>copy_decompress_none.obj</name>
      </input_file>
      <input_file id="fl-141">
         <path>C:\ti\ccsv6\tools\compiler\ti-cgt-arm_5.2.5\lib\</path>
         <kind>archive</kind>
         <file>rtsv7M4_T_le_v4SPD16_eabi.lib</file>
         <name>copy_decompress_rle.obj</name>
      </input_file>
      <input_file id="fl-142">
         <path>C:\ti\ccsv6\tools\compiler\ti-cgt-arm_5.2.5\lib\</path>
         <kind>archive</kind>
         <file>rtsv7M4_T_le_v4SPD16_eabi.lib</file>
         <name>copy_zero_init.obj</name>
      </input_file>
      <input_file id="fl-143">
         <path>C:\ti\ccsv6\tools\compiler\ti-cgt-arm_5.2.5\lib\</path>
         <kind>archive</kind>
         <file>rtsv7M4_T_le_v4SPD16_eabi.lib</file>
         <name>exit.obj</name>
      </input_file>
      <input_file id="fl-144">
         <path>C:\ti\ccsv6\tools\compiler\ti-cgt-arm_5.2.5\lib\</path>
         <kind>archive</kind>
         <file>rtsv7M4_T_le_v4SPD16_eabi.lib</file>
         <name>fd_add_t2.obj</name>
      </input_file>
      <input_file id="fl-145">
         <path>C:\ti\ccsv6\tools\compiler\ti-cgt-arm_5.2.5\lib\</path>
         <kind>archive</kind>
         <file>rtsv7M4_T_le_v4SPD16_eabi.lib</file>
         <name>fd_div_t2.obj</name>
      </input_file>
      <input_file id="fl-146">
         <path>C:\ti\ccsv6\tools\compiler\ti-cgt-arm_5.2.5\lib\</path>
         <kind>archive</kind>
         <file>rtsv7M4_T_le_v4SPD16_eabi.lib</file>
         <name>fd_mul_t2.obj</name>
      </input_file>
      <input_file id="fl-147">
         <path>C:\ti\ccsv6\tools\compiler\ti-cgt-arm_5.2.5\lib\</path>
         <kind>archive</kind>
         <file>rtsv7M4_T_le_v4SPD16_eabi.lib</file>
         <name>fd_tou_t2.obj</name>
      </input_file>
      <input_file id="fl-148">
         <path>C:\ti\ccsv6\tools\compiler\ti-cgt-arm_5.2.5\lib\</path>
         <kind>archive</kind>
         <file>rtsv7M4_T_le_v4SPD16_eabi.lib</file>
         <name>fs_tod_t2.obj</name>
      </input_file>
      <input_file id="fl-149">
         <path>C:\ti\ccsv6\tools\compiler\ti-cgt-arm_5.2.5\lib\</path>
         <kind>archive</kind>
         <file>rtsv7M4_T_le_v4SPD16_eabi.lib</file>
         <name>memcpy_t2.obj</name>
      </input_file>
      <input_file id="fl-14a">
         <path>C:\ti\ccsv6\tools\compiler\ti-cgt-arm_5.2.5\lib\</path>
         <kind>archive</kind>
         <file>rtsv7M4_T_le_v4SPD16_eabi.lib</file>
         <name>memset_t2.obj</name>
      </input_file>
      <input_file id="fl-14b">
         <path>C:\ti\ccsv6\tools\compiler\ti-cgt-arm_5.2.5\lib\</path>
         <kind>archive</kind>
         <file>rtsv7M4_T_le_v4SPD16_eabi.lib</file>
         <name>pre_init.obj</name>
      </input_file>
      <input_file id="fl-14c">
         <path>C:\ti\ccsv6\tools\compiler\ti-cgt-arm_5.2.5\lib\</path>
         <kind>archive</kind>
         <file>rtsv7M4_T_le_v4SPD16_eabi.lib</file>
         <name>printf.obj</name>
      </input_file>
      <input_file id="fl-14d">
         <path>C:\ti\ccsv6\tools\compiler\ti-cgt-arm_5.2.5\lib\</path>
         <kind>archive</kind>
         <file>rtsv7M4_T_le_v4SPD16_eabi.lib</file>
         <name>stkdepth_vars.obj</name>
      </input_file>
      <input_file id="fl-14e">
         <path>C:\ti\ccsv6\tools\compiler\ti-cgt-arm_5.2.5\lib\</path>
         <kind>archive</kind>
         <file>rtsv7M4_T_le_v4SPD16_eabi.lib</file>
         <name>u_divt2.obj</name>
      </input_file>
      <input_file id="fl-14f">
         <path>C:\ti\ccsv6\tools\compiler\ti-cgt-arm_5.2.5\lib\</path>
         <kind>archive</kind>
         <file>rtsv7M4_T_le_v4SPD16_eabi.lib</file>
         <name>u_tofd_t2.obj</name>
      </input_file>
      <input_file id="fl-150">
         <path>C:\ti\ccsv6\tools\compiler\ti-cgt-arm_5.2.5\lib\</path>
         <kind>archive</kind>
         <file>rtsv7M4_T_le_v4SPD16_eabi.lib</file>
         <name>_lock.obj</name>
      </input_file>
      <input_file id="fl-151">
         <path>C:\ti\ccsv6\tools\compiler\ti-cgt-arm_5.2.5\lib\</path>
         <kind>archive</kind>
         <file>rtsv7M4_T_le_v4SPD16_eabi.lib</file>
         <name>_printfi.obj</name>
      </input_file>
      <input_file id="fl-152">
         <path>C:\ti\ccsv6\tools\compiler\ti-cgt-arm_5.2.5\lib\</path>
         <kind>archive</kind>
         <file>rtsv7M4_T_le_v4SPD16_eabi.lib</file>
         <name>args_main.obj</name>
      </input_file>
      <input_file id="fl-153">
         <path>C:\ti\ccsv6\tools\compiler\ti-cgt-arm_5.2.5\lib\</path>
         <kind>archive</kind>
         <file>rtsv7M4_T_le_v4SPD16_eabi.lib</file>
         <name>atoi.obj</name>
      </input_file>
      <input_file id="fl-154">
         <path>C:\ti\ccsv6\tools\compiler\ti-cgt-arm_5.2.5\lib\</path>
         <kind>archive</kind>
         <file>rtsv7M4_T_le_v4SPD16_eabi.lib</file>
         <name>autoinit.obj</name>
      </input_file>
      <input_file id="fl-155">
         <path>C:\ti\ccsv6\tools\compiler\ti-cgt-arm_5.2.5\lib\</path>
         <kind>archive</kind>
         <file>rtsv7M4_T_le_v4SPD16_eabi.lib</file>
         <name>cpy_tbl.obj</name>
      </input_file>
      <input_file id="fl-156">
         <path>C:\ti\ccsv6\tools\compiler\ti-cgt-arm_5.2.5\lib\</path>
         <kind>archive</kind>
         <file>rtsv7M4_T_le_v4SPD16_eabi.lib</file>
         <name>ctype.obj</name>
      </input_file>
      <input_file id="fl-157">
         <path>C:\ti\ccsv6\tools\compiler\ti-cgt-arm_5.2.5\lib\</path>
         <kind>archive</kind>
         <file>rtsv7M4_T_le_v4SPD16_eabi.lib</file>
         <name>defs.obj</name>
      </input_file>
      <input_file id="fl-158">
         <path>C:\ti\ccsv6\tools\compiler\ti-cgt-arm_5.2.5\lib\</path>
         <kind>archive</kind>
         <file>rtsv7M4_T_le_v4SPD16_eabi.lib</file>
         <name>fd_cmp_t2.obj</name>
      </input_file>
      <input_file id="fl-159">
         <path>C:\ti\ccsv6\tools\compiler\ti-cgt-arm_5.2.5\lib\</path>
         <kind>archive</kind>
         <file>rtsv7M4_T_le_v4SPD16_eabi.lib</file>
         <name>fd_toi_t2.obj</name>
      </input_file>
      <input_file id="fl-15a">
         <path>C:\ti\ccsv6\tools\compiler\ti-cgt-arm_5.2.5\lib\</path>
         <kind>archive</kind>
         <file>rtsv7M4_T_le_v4SPD16_eabi.lib</file>
         <name>fputc.obj</name>
      </input_file>
      <input_file id="fl-15b">
         <path>C:\ti\ccsv6\tools\compiler\ti-cgt-arm_5.2.5\lib\</path>
         <kind>archive</kind>
         <file>rtsv7M4_T_le_v4SPD16_eabi.lib</file>
         <name>fputs.obj</name>
      </input_file>
      <input_file id="fl-15c">
         <path>C:\ti\ccsv6\tools\compiler\ti-cgt-arm_5.2.5\lib\</path>
         <kind>archive</kind>
         <file>rtsv7M4_T_le_v4SPD16_eabi.lib</file>
         <name>frexp.obj</name>
      </input_file>
      <input_file id="fl-15d">
         <path>C:\ti\ccsv6\tools\compiler\ti-cgt-arm_5.2.5\lib\</path>
         <kind>archive</kind>
         <file>rtsv7M4_T_le_v4SPD16_eabi.lib</file>
         <name>i_div0.obj</name>
      </input_file>
      <input_file id="fl-15e">
         <path>C:\ti\ccsv6\tools\compiler\ti-cgt-arm_5.2.5\lib\</path>
         <kind>archive</kind>
         <file>rtsv7M4_T_le_v4SPD16_eabi.lib</file>
         <name>i_tofd_t2.obj</name>
      </input_file>
      <input_file id="fl-15f">
         <path>C:\ti\ccsv6\tools\compiler\ti-cgt-arm_5.2.5\lib\</path>
         <kind>archive</kind>
         <file>rtsv7M4_T_le_v4SPD16_eabi.lib</file>
         <name>ldexp.obj</name>
      </input_file>
      <input_file id="fl-160">
         <path>C:\ti\ccsv6\tools\compiler\ti-cgt-arm_5.2.5\lib\</path>
         <kind>archive</kind>
         <file>rtsv7M4_T_le_v4SPD16_eabi.lib</file>
         <name>lowlev.obj</name>
      </input_file>
      <input_file id="fl-161">
         <path>C:\ti\ccsv6\tools\compiler\ti-cgt-arm_5.2.5\lib\</path>
         <kind>archive</kind>
         <file>rtsv7M4_T_le_v4SPD16_eabi.lib</file>
         <name>ltoa.obj</name>
      </input_file>
      <input_file id="fl-162">
         <path>C:\ti\ccsv6\tools\compiler\ti-cgt-arm_5.2.5\lib\</path>
         <kind>archive</kind>
         <file>rtsv7M4_T_le_v4SPD16_eabi.lib</file>
         <name>memccpy.obj</name>
      </input_file>
      <input_file id="fl-163">
         <path>C:\ti\ccsv6\tools\compiler\ti-cgt-arm_5.2.5\lib\</path>
         <kind>archive</kind>
         <file>rtsv7M4_T_le_v4SPD16_eabi.lib</file>
         <name>memchr.obj</name>
      </input_file>
      <input_file id="fl-164">
         <path>C:\ti\ccsv6\tools\compiler\ti-cgt-arm_5.2.5\lib\</path>
         <kind>archive</kind>
         <file>rtsv7M4_T_le_v4SPD16_eabi.lib</file>
         <name>strchr.obj</name>
      </input_file>
      <input_file id="fl-165">
         <path>C:\ti\ccsv6\tools\compiler\ti-cgt-arm_5.2.5\lib\</path>
         <kind>archive</kind>
         <file>rtsv7M4_T_le_v4SPD16_eabi.lib</file>
         <name>strcmp.obj</name>
      </input_file>
      <input_file id="fl-166">
         <path>C:\ti\ccsv6\tools\compiler\ti-cgt-arm_5.2.5\lib\</path>
         <kind>archive</kind>
         <file>rtsv7M4_T_le_v4SPD16_eabi.lib</file>
         <name>strlen.obj</name>
      </input_file>
      <input_file id="fl-167">
         <path>C:\ti\ccsv6\tools\compiler\ti-cgt-arm_5.2.5\lib\</path>
         <kind>archive</kind>
         <file>rtsv7M4_T_le_v4SPD16_eabi.lib</file>
         <name>strncpy.obj</name>
      </input_file>
      <input_file id="fl-168">
         <path>C:\ti\ccsv6\tools\compiler\ti-cgt-arm_5.2.5\lib\</path>
         <kind>archive</kind>
         <file>rtsv7M4_T_le_v4SPD16_eabi.lib</file>
         <name>trgdrv.obj</name>
      </input_file>
      <input_file id="fl-169">
         <path>C:\ti\ccsv6\tools\compiler\ti-cgt-arm_5.2.5\lib\</path>
         <kind>archive</kind>
         <file>rtsv7M4_T_le_v4SPD16_eabi.lib</file>
         <name>trgmsg.obj</name>
      </input_file>
      <input_file id="fl-16a">
         <path>C:\ti\ccsv6\tools\compiler\ti-cgt-arm_5.2.5\lib\</path>
         <kind>archive</kind>
         <file>rtsv7M4_T_le_v4SPD16_eabi.lib</file>
         <name>ull_div_t2.obj</name>
      </input_file>
      <input_file id="fl-16b">
         <path>C:\ti\ccsv6\tools\compiler\ti-cgt-arm_5.2.5\lib\</path>
         <kind>archive</kind>
         <file>rtsv7M4_T_le_v4SPD16_eabi.lib</file>
         <name>xdclass.obj</name>
      </input_file>
      <input_file id="fl-16c">
         <path>C:\ti\ccsv6\tools\compiler\ti-cgt-arm_5.2.5\lib\</path>
         <kind>archive</kind>
         <file>rtsv7M4_T_le_v4SPD16_eabi.lib</file>
         <name>xdscale.obj</name>
      </input_file>
      <input_file id="fl-16d">
         <path>C:\ti\ccsv6\tools\compiler\ti-cgt-arm_5.2.5\lib\</path>
         <kind>archive</kind>
         <file>rtsv7M4_T_le_v4SPD16_eabi.lib</file>
         <name>xdunscal.obj</name>
      </input_file>
      <input_file id="fl-16e">
         <path>C:\ti\ccsv6\tools\compiler\ti-cgt-arm_5.2.5\lib\</path>
         <kind>archive</kind>
         <file>rtsv7M4_T_le_v4SPD16_eabi.lib</file>
         <name>xferaise.obj</name>
      </input_file>
      <input_file id="fl-16f">
         <path>C:\ti\ccsv6\tools\compiler\ti-cgt-arm_5.2.5\lib\</path>
         <kind>archive</kind>
         <file>rtsv7M4_T_le_v4SPD16_eabi.lib</file>
         <name>xvalues.obj</name>
      </input_file>
      <input_file id="fl-170">
         <path>C:\ti\ccsv6\tools\compiler\ti-cgt-arm_5.2.5\lib\</path>
         <kind>archive</kind>
         <file>rtsv7M4_T_le_v4SPD16_eabi.lib</file>
         <name>_io_perm.obj</name>
      </input_file>
      <input_file id="fl-171">
         <path>C:\ti\ccsv6\tools\compiler\ti-cgt-arm_5.2.5\lib\</path>
         <kind>archive</kind>
         <file>rtsv7M4_T_le_v4SPD16_eabi.lib</file>
         <name>errno.obj</name>
      </input_file>
      <input_file id="fl-172">
         <path>C:\ti\ccsv6\tools\compiler\ti-cgt-arm_5.2.5\lib\</path>
         <kind>archive</kind>
         <file>rtsv7M4_T_le_v4SPD16_eabi.lib</file>
         <name>feraiseexcept.obj</name>
      </input_file>
      <input_file id="fl-173">
         <path>C:\ti\ccsv6\tools\compiler\ti-cgt-arm_5.2.5\lib\</path>
         <kind>archive</kind>
         <file>rtsv7M4_T_le_v4SPD16_eabi.lib</file>
         <name>fflush.obj</name>
      </input_file>
      <input_file id="fl-174">
         <path>C:\ti\ccsv6\tools\compiler\ti-cgt-arm_5.2.5\lib\</path>
         <kind>archive</kind>
         <file>rtsv7M4_T_le_v4SPD16_eabi.lib</file>
         <name>fseek.obj</name>
      </input_file>
      <input_file id="fl-175">
         <path>C:\ti\ccsv6\tools\compiler\ti-cgt-arm_5.2.5\lib\</path>
         <kind>archive</kind>
         <file>rtsv7M4_T_le_v4SPD16_eabi.lib</file>
         <name>raise.obj</name>
      </input_file>
      <input_file id="fl-176">
         <path>C:\ti\ccsv6\tools\compiler\ti-cgt-arm_5.2.5\lib\</path>
         <kind>archive</kind>
         <file>rtsv7M4_T_le_v4SPD16_eabi.lib</file>
         <name>setvbuf.obj</name>
      </input_file>
      <input_file id="fl-177">
         <path>C:\ti\ccsv6\tools\compiler\ti-cgt-arm_5.2.5\lib\</path>
         <kind>archive</kind>
         <file>rtsv7M4_T_le_v4SPD16_eabi.lib</file>
         <name>signal.obj</name>
      </input_file>
      <input_file id="fl-178">
         <path>C:\ti\ccsv6\tools\compiler\ti-cgt-arm_5.2.5\lib\</path>
         <kind>archive</kind>
         <file>rtsv7M4_T_le_v4SPD16_eabi.lib</file>
         <name>strcpy.obj</name>
      </input_file>
      <input_file id="fl-179">
         <path>C:\ti\ccsv6\tools\compiler\ti-cgt-arm_5.2.5\lib\</path>
         <kind>archive</kind>
         <file>rtsv7M4_T_le_v4SPD16_eabi.lib</file>
         <name>xdnorm.obj</name>
      </input_file>
      <input_file id="fl-17a">
         <path>C:\ti\ccsv6\tools\compiler\ti-cgt-arm_5.2.5\lib\</path>
         <kind>archive</kind>
         <file>rtsv7M4_T_le_v4SPD16_eabi.lib</file>
         <name>fopen.obj</name>
      </input_file>
      <input_file id="fl-17b">
         <path>C:\ti\ccsv6\tools\compiler\ti-cgt-arm_5.2.5\lib\</path>
         <kind>archive</kind>
         <file>rtsv7M4_T_le_v4SPD16_eabi.lib</file>
         <name>memory.obj</name>
      </input_file>
      <input_file id="fl-17c">
         <path>C:\ti\ccsv6\tools\compiler\ti-cgt-arm_5.2.5\lib\</path>
         <kind>archive</kind>
         <file>rtsv7M4_T_le_v4SPD16_eabi.lib</file>
         <name>fclose.obj</name>
      </input_file>
      <input_file id="fl-17d">
         <path>C:\ti\ccsv6\tools\compiler\ti-cgt-arm_5.2.5\lib\</path>
         <kind>archive</kind>
         <file>rtsv7M4_T_le_v4SPD16_eabi.lib</file>
         <name>remove.obj</name>
      </input_file>
      <input_file id="fl-17e">
         <path>C:\TI_CodeComposer\TivaWare\driverlib\ccs\Debug\</path>
         <kind>archive</kind>
         <file>driverlib.lib</file>
         <name>adc.obj</name>
      </input_file>
      <input_file id="fl-17f">
         <path>C:\TI_CodeComposer\TivaWare\driverlib\ccs\Debug\</path>
         <kind>archive</kind>
         <file>driverlib.lib</file>
         <name>gpio.obj</name>
      </input_file>
      <input_file id="fl-180">
         <path>C:\TI_CodeComposer\TivaWare\driverlib\ccs\Debug\</path>
         <kind>archive</kind>
         <file>driverlib.lib</file>
         <name>interrupt.obj</name>
      </input_file>
      <input_file id="fl-181">
         <path>C:\TI_CodeComposer\TivaWare\driverlib\ccs\Debug\</path>
         <kind>archive</kind>
         <file>driverlib.lib</file>
         <name>pwm.obj</name>
      </input_file>
      <input_file id="fl-182">
         <path>C:\TI_CodeComposer\TivaWare\driverlib\ccs\Debug\</path>
         <kind>archive</kind>
         <file>driverlib.lib</file>
         <name>sysctl.obj</name>
      </input_file>
      <input_file id="fl-183">
         <path>C:\TI_CodeComposer\TivaWare\driverlib\ccs\Debug\</path>
         <kind>archive</kind>
         <file>driverlib.lib</file>
         <name>uart.obj</name>
      </input_file>
      <input_file id="fl-184">
         <path>C:\TI_CodeComposer\TivaWare\driverlib\ccs\Debug\</path>
         <kind>archive</kind>
         <file>driverlib.lib</file>
         <name>cpu.obj</name>
      </input_file>
   </input_file_list>
   <object_component_list>
      <object_component id="oc-f">
         <name>.intvecs</name>
         <load_address>0x0</load_address>
         <run_address>0x0</run_address>
         <size>0x200</size>
         <input_file_ref idref="fl-3"/>
      </object_component>
      <object_component id="oc-92">
         <name>.text</name>
         <load_address>0x200</load_address>
         <run_address>0x200</run_address>
         <size>0x17d0</size>
         <input_file_ref idref="fl-13"/>
      </object_component>
      <object_component id="oc-358">
         <name>.text</name>
         <load_address>0x19d0</load_address>
         <run_address>0x19d0</run_address>
         <size>0x10ba</size>
         <input_file_ref idref="fl-151"/>
      </object_component>
      <object_component id="oc-3ce">
         <name>.text</name>
         <load_address>0x2a8a</load_address>
         <run_address>0x2a8a</run_address>
         <size>0x2</size>
         <input_file_ref idref="fl-15d"/>
      </object_component>
      <object_component id="oc-18a">
         <name>.text</name>
         <load_address>0x2a8c</load_address>
         <run_address>0x2a8c</run_address>
         <size>0xa08</size>
         <input_file_ref idref="fl-12"/>
      </object_component>
      <object_component id="oc-fa">
         <name>.text</name>
         <load_address>0x3494</load_address>
         <run_address>0x3494</run_address>
         <size>0x538</size>
         <input_file_ref idref="fl-14"/>
      </object_component>
      <object_component id="oc-1e6">
         <name>.text</name>
         <load_address>0x39cc</load_address>
         <run_address>0x39cc</run_address>
         <size>0x49c</size>
         <input_file_ref idref="fl-18"/>
      </object_component>
      <object_component id="oc-4c7">
         <name>.text</name>
         <load_address>0x3e68</load_address>
         <run_address>0x3e68</run_address>
         <size>0x3dc</size>
         <input_file_ref idref="fl-17b"/>
      </object_component>
      <object_component id="oc-3e3">
         <name>.text</name>
         <load_address>0x4244</load_address>
         <run_address>0x4244</run_address>
         <size>0x30c</size>
         <input_file_ref idref="fl-160"/>
      </object_component>
      <object_component id="oc-4e4">
         <name>.text</name>
         <load_address>0x4550</load_address>
         <run_address>0x4550</run_address>
         <size>0x2d4</size>
         <input_file_ref idref="fl-168"/>
      </object_component>
      <object_component id="oc-1b6">
         <name>.text:SysCtlClockFreqSet</name>
         <load_address>0x4824</load_address>
         <run_address>0x4824</run_address>
         <size>0x204</size>
         <input_file_ref idref="fl-182"/>
      </object_component>
      <object_component id="oc-3f9">
         <name>.text</name>
         <load_address>0x4a28</load_address>
         <run_address>0x4a28</run_address>
         <size>0x1f4</size>
         <input_file_ref idref="fl-16a"/>
      </object_component>
      <object_component id="oc-4cd">
         <name>.text</name>
         <load_address>0x4c1c</load_address>
         <run_address>0x4c1c</run_address>
         <size>0x1c4</size>
         <input_file_ref idref="fl-17a"/>
      </object_component>
      <object_component id="oc-104">
         <name>.text</name>
         <load_address>0x4de0</load_address>
         <run_address>0x4de0</run_address>
         <size>0x1b8</size>
         <input_file_ref idref="fl-4"/>
      </object_component>
      <object_component id="oc-224">
         <name>.text</name>
         <load_address>0x4f98</load_address>
         <run_address>0x4f98</run_address>
         <size>0x1b6</size>
         <input_file_ref idref="fl-144"/>
      </object_component>
      <object_component id="oc-158">
         <name>.text</name>
         <load_address>0x5150</load_address>
         <run_address>0x5150</run_address>
         <size>0x14c</size>
         <input_file_ref idref="fl-e"/>
      </object_component>
      <object_component id="oc-cb">
         <name>.text</name>
         <load_address>0x529c</load_address>
         <run_address>0x529c</run_address>
         <size>0x144</size>
         <input_file_ref idref="fl-2"/>
      </object_component>
      <object_component id="oc-268">
         <name>.text</name>
         <load_address>0x53e0</load_address>
         <run_address>0x53e0</run_address>
         <size>0x136</size>
         <input_file_ref idref="fl-145"/>
      </object_component>
      <object_component id="oc-3b">
         <name>.text</name>
         <load_address>0x5518</load_address>
         <run_address>0x5518</run_address>
         <size>0x134</size>
         <input_file_ref idref="fl-15"/>
      </object_component>
      <object_component id="oc-352">
         <name>.text</name>
         <load_address>0x564c</load_address>
         <run_address>0x564c</run_address>
         <size>0x134</size>
         <input_file_ref idref="fl-15b"/>
      </object_component>
      <object_component id="oc-1f6">
         <name>.text:GPIOPadConfigSet</name>
         <load_address>0x5780</load_address>
         <run_address>0x5780</run_address>
         <size>0x132</size>
         <input_file_ref idref="fl-17f"/>
      </object_component>
      <object_component id="oc-2bc">
         <name>.text</name>
         <load_address>0x58b4</load_address>
         <run_address>0x58b4</run_address>
         <size>0x12c</size>
         <input_file_ref idref="fl-5"/>
      </object_component>
      <object_component id="oc-f0">
         <name>.text</name>
         <load_address>0x59e0</load_address>
         <run_address>0x59e0</run_address>
         <size>0x12a</size>
         <input_file_ref idref="fl-11"/>
      </object_component>
      <object_component id="oc-4a3">
         <name>.text</name>
         <load_address>0x5b0c</load_address>
         <run_address>0x5b0c</run_address>
         <size>0x110</size>
         <input_file_ref idref="fl-16c"/>
      </object_component>
      <object_component id="oc-21f">
         <name>.text</name>
         <load_address>0x5c1c</load_address>
         <run_address>0x5c1c</run_address>
         <size>0xfc</size>
         <input_file_ref idref="fl-146"/>
      </object_component>
      <object_component id="oc-2c2">
         <name>.text</name>
         <load_address>0x5d18</load_address>
         <run_address>0x5d18</run_address>
         <size>0xf0</size>
         <input_file_ref idref="fl-6"/>
      </object_component>
      <object_component id="oc-152">
         <name>.text</name>
         <load_address>0x5e08</load_address>
         <run_address>0x5e08</run_address>
         <size>0xec</size>
         <input_file_ref idref="fl-8"/>
      </object_component>
      <object_component id="oc-14c">
         <name>.text</name>
         <load_address>0x5ef4</load_address>
         <run_address>0x5ef4</run_address>
         <size>0xdc</size>
         <input_file_ref idref="fl-b"/>
      </object_component>
      <object_component id="oc-468">
         <name>.text</name>
         <load_address>0x5fd0</load_address>
         <run_address>0x5fd0</run_address>
         <size>0xdc</size>
         <input_file_ref idref="fl-176"/>
      </object_component>
      <object_component id="oc-36">
         <name>.text</name>
         <load_address>0x60ac</load_address>
         <run_address>0x60ac</run_address>
         <size>0xd2</size>
         <input_file_ref idref="fl-16"/>
      </object_component>
      <object_component id="oc-3dd">
         <name>.text</name>
         <load_address>0x6180</load_address>
         <run_address>0x6180</run_address>
         <size>0xc8</size>
         <input_file_ref idref="fl-173"/>
      </object_component>
      <object_component id="oc-4f9">
         <name>.text</name>
         <load_address>0x6248</load_address>
         <run_address>0x6248</run_address>
         <size>0xbe</size>
         <input_file_ref idref="fl-179"/>
      </object_component>
      <object_component id="oc-134">
         <name>.text</name>
         <load_address>0x6308</load_address>
         <run_address>0x6308</run_address>
         <size>0xbc</size>
         <input_file_ref idref="fl-17"/>
      </object_component>
      <object_component id="oc-3d7">
         <name>.text</name>
         <load_address>0x63c4</load_address>
         <run_address>0x63c4</run_address>
         <size>0xac</size>
         <input_file_ref idref="fl-170"/>
      </object_component>
      <object_component id="oc-140">
         <name>.text</name>
         <load_address>0x6470</load_address>
         <run_address>0x6470</run_address>
         <size>0xa8</size>
         <input_file_ref idref="fl-a"/>
      </object_component>
      <object_component id="oc-44">
         <name>.text</name>
         <load_address>0x6518</load_address>
         <run_address>0x6518</run_address>
         <size>0x9c</size>
         <input_file_ref idref="fl-149"/>
      </object_component>
      <object_component id="oc-525">
         <name>.text</name>
         <load_address>0x65b4</load_address>
         <run_address>0x65b4</run_address>
         <size>0x98</size>
         <input_file_ref idref="fl-17c"/>
      </object_component>
      <object_component id="oc-34c">
         <name>.text</name>
         <load_address>0x664c</load_address>
         <run_address>0x664c</run_address>
         <size>0x98</size>
         <input_file_ref idref="fl-15a"/>
      </object_component>
      <object_component id="oc-15e">
         <name>.text</name>
         <load_address>0x66e4</load_address>
         <run_address>0x66e4</run_address>
         <size>0x8c</size>
         <input_file_ref idref="fl-9"/>
      </object_component>
      <object_component id="oc-3fe">
         <name>.text:__aeabi_cdcmple</name>
         <load_address>0x6770</load_address>
         <run_address>0x6770</run_address>
         <size>0x86</size>
         <input_file_ref idref="fl-158"/>
      </object_component>
      <object_component id="oc-403">
         <name>.text:__aeabi_cdrcmple</name>
         <load_address>0x67f6</load_address>
         <run_address>0x67f6</run_address>
         <size>0x86</size>
         <input_file_ref idref="fl-158"/>
      </object_component>
      <object_component id="oc-146">
         <name>.text</name>
         <load_address>0x687c</load_address>
         <run_address>0x687c</run_address>
         <size>0x80</size>
         <input_file_ref idref="fl-c"/>
      </object_component>
      <object_component id="oc-23f">
         <name>.text:ADCSequenceStepConfigure</name>
         <load_address>0x68fc</load_address>
         <run_address>0x68fc</run_address>
         <size>0x7a</size>
         <input_file_ref idref="fl-17e"/>
      </object_component>
      <object_component id="oc-5d">
         <name>.text</name>
         <load_address>0x6976</load_address>
         <run_address>0x6976</run_address>
         <size>0x7a</size>
         <input_file_ref idref="fl-14a"/>
      </object_component>
      <object_component id="oc-22e">
         <name>.text</name>
         <load_address>0x69f0</load_address>
         <run_address>0x69f0</run_address>
         <size>0x70</size>
         <input_file_ref idref="fl-14c"/>
      </object_component>
      <object_component id="oc-6f">
         <name>.text</name>
         <load_address>0x6a60</load_address>
         <run_address>0x6a60</run_address>
         <size>0x6c</size>
         <input_file_ref idref="fl-154"/>
      </object_component>
      <object_component id="oc-50">
         <name>.text</name>
         <load_address>0x6acc</load_address>
         <run_address>0x6acc</run_address>
         <size>0x6a</size>
         <input_file_ref idref="fl-141"/>
      </object_component>
      <object_component id="oc-534">
         <name>.text</name>
         <load_address>0x6b38</load_address>
         <run_address>0x6b38</run_address>
         <size>0x68</size>
         <input_file_ref idref="fl-169"/>
      </object_component>
      <object_component id="oc-49b">
         <name>.text</name>
         <load_address>0x6ba0</load_address>
         <run_address>0x6ba0</run_address>
         <size>0x66</size>
         <input_file_ref idref="fl-16d"/>
      </object_component>
      <object_component id="oc-462">
         <name>.text</name>
         <load_address>0x6c08</load_address>
         <run_address>0x6c08</run_address>
         <size>0x64</size>
         <input_file_ref idref="fl-174"/>
      </object_component>
      <object_component id="oc-40d">
         <name>.text</name>
         <load_address>0x6c6c</load_address>
         <run_address>0x6c6c</run_address>
         <size>0x56</size>
         <input_file_ref idref="fl-161"/>
      </object_component>
      <object_component id="oc-41e">
         <name>.text</name>
         <load_address>0x6cc2</load_address>
         <run_address>0x6cc2</run_address>
         <size>0x52</size>
         <input_file_ref idref="fl-15f"/>
      </object_component>
      <object_component id="oc-24">
         <name>.text</name>
         <load_address>0x6d14</load_address>
         <run_address>0x6d14</run_address>
         <size>0x50</size>
         <input_file_ref idref="fl-13f"/>
      </object_component>
      <object_component id="oc-13a">
         <name>.text</name>
         <load_address>0x6d64</load_address>
         <run_address>0x6d64</run_address>
         <size>0x4c</size>
         <input_file_ref idref="fl-7"/>
      </object_component>
      <object_component id="oc-436">
         <name>.text</name>
         <load_address>0x6db0</load_address>
         <run_address>0x6db0</run_address>
         <size>0x4c</size>
         <input_file_ref idref="fl-153"/>
      </object_component>
      <object_component id="oc-c3">
         <name>.text</name>
         <load_address>0x6dfc</load_address>
         <run_address>0x6dfc</run_address>
         <size>0x4c</size>
         <input_file_ref idref="fl-155"/>
      </object_component>
      <object_component id="oc-1c2">
         <name>.text:GPIOPinConfigure</name>
         <load_address>0x6e48</load_address>
         <run_address>0x6e48</run_address>
         <size>0x48</size>
         <input_file_ref idref="fl-17f"/>
      </object_component>
      <object_component id="oc-2f7">
         <name>.text:_SysCtlFrequencyGet</name>
         <load_address>0x6e90</load_address>
         <run_address>0x6e90</run_address>
         <size>0x48</size>
         <input_file_ref idref="fl-182"/>
      </object_component>
      <object_component id="oc-408">
         <name>.text</name>
         <load_address>0x6ed8</load_address>
         <run_address>0x6ed8</run_address>
         <size>0x48</size>
         <input_file_ref idref="fl-159"/>
      </object_component>
      <object_component id="oc-1d4">
         <name>.text:UARTConfigSetExpClk</name>
         <load_address>0x6f20</load_address>
         <run_address>0x6f20</run_address>
         <size>0x46</size>
         <input_file_ref idref="fl-183"/>
      </object_component>
      <object_component id="oc-7b">
         <name>.text</name>
         <load_address>0x6f68</load_address>
         <run_address>0x6f68</run_address>
         <size>0x44</size>
         <input_file_ref idref="fl-143"/>
      </object_component>
      <object_component id="oc-229">
         <name>.text</name>
         <load_address>0x6fac</load_address>
         <run_address>0x6fac</run_address>
         <size>0x44</size>
         <input_file_ref idref="fl-147"/>
      </object_component>
      <object_component id="oc-578">
         <name>.text</name>
         <load_address>0x6ff0</load_address>
         <run_address>0x6ff0</run_address>
         <size>0x40</size>
         <input_file_ref idref="fl-177"/>
      </object_component>
      <object_component id="oc-32c">
         <name>.text</name>
         <load_address>0x7030</load_address>
         <run_address>0x7030</run_address>
         <size>0x40</size>
         <input_file_ref idref="fl-14e"/>
      </object_component>
      <object_component id="oc-239">
         <name>.text:ADCSequenceConfigure</name>
         <load_address>0x7070</load_address>
         <run_address>0x7070</run_address>
         <size>0x3e</size>
         <input_file_ref idref="fl-17e"/>
      </object_component>
      <object_component id="oc-320">
         <name>.text:SysCtlPeripheralPresent</name>
         <load_address>0x70b0</load_address>
         <run_address>0x70b0</run_address>
         <size>0x38</size>
         <input_file_ref idref="fl-182"/>
      </object_component>
      <object_component id="oc-20a">
         <name>.text</name>
         <load_address>0x70e8</load_address>
         <run_address>0x70e8</run_address>
         <size>0x38</size>
         <input_file_ref idref="fl-148"/>
      </object_component>
      <object_component id="oc-1bc">
         <name>.text:SysCtlPeripheralEnable</name>
         <load_address>0x7120</load_address>
         <run_address>0x7120</run_address>
         <size>0x34</size>
         <input_file_ref idref="fl-182"/>
      </object_component>
      <object_component id="oc-508">
         <name>.text</name>
         <load_address>0x7154</load_address>
         <run_address>0x7154</run_address>
         <size>0x34</size>
         <input_file_ref idref="fl-172"/>
      </object_component>
      <object_component id="oc-47b">
         <name>.text</name>
         <load_address>0x7188</load_address>
         <run_address>0x7188</run_address>
         <size>0x30</size>
         <input_file_ref idref="fl-167"/>
      </object_component>
      <object_component id="oc-42a">
         <name>.text</name>
         <load_address>0x71b8</load_address>
         <run_address>0x71b8</run_address>
         <size>0x30</size>
         <input_file_ref idref="fl-16b"/>
      </object_component>
      <object_component id="oc-4a9">
         <name>.text</name>
         <load_address>0x71e8</load_address>
         <run_address>0x71e8</run_address>
         <size>0x30</size>
         <input_file_ref idref="fl-16e"/>
      </object_component>
      <object_component id="oc-251">
         <name>.text:ADCIntStatus</name>
         <load_address>0x7218</load_address>
         <run_address>0x7218</run_address>
         <size>0x2e</size>
         <input_file_ref idref="fl-17e"/>
      </object_component>
      <object_component id="oc-413">
         <name>.text</name>
         <load_address>0x7246</load_address>
         <run_address>0x7246</run_address>
         <size>0x2e</size>
         <input_file_ref idref="fl-15e"/>
      </object_component>
      <object_component id="oc-556">
         <name>.text</name>
         <load_address>0x7274</load_address>
         <run_address>0x7274</run_address>
         <size>0x2e</size>
         <input_file_ref idref="fl-175"/>
      </object_component>
      <object_component id="oc-30e">
         <name>.text:GPIODirModeSet</name>
         <load_address>0x72a2</load_address>
         <run_address>0x72a2</run_address>
         <size>0x2a</size>
         <input_file_ref idref="fl-17f"/>
      </object_component>
      <object_component id="oc-418">
         <name>.text</name>
         <load_address>0x72cc</load_address>
         <run_address>0x72cc</run_address>
         <size>0x2a</size>
         <input_file_ref idref="fl-15c"/>
      </object_component>
      <object_component id="oc-27f">
         <name>.text:PWMGenConfigure</name>
         <load_address>0x72f6</load_address>
         <run_address>0x72f6</run_address>
         <size>0x22</size>
         <input_file_ref idref="fl-181"/>
      </object_component>
      <object_component id="oc-317">
         <name>.text:UARTDisable</name>
         <load_address>0x7318</load_address>
         <run_address>0x7318</run_address>
         <size>0x20</size>
         <input_file_ref idref="fl-183"/>
      </object_component>
      <object_component id="oc-2f1">
         <name>.text:_SysCtlMemTimingGet</name>
         <load_address>0x7338</load_address>
         <run_address>0x7338</run_address>
         <size>0x20</size>
         <input_file_ref idref="fl-182"/>
      </object_component>
      <object_component id="oc-3f1">
         <name>.text</name>
         <load_address>0x7358</load_address>
         <run_address>0x7358</run_address>
         <size>0x20</size>
         <input_file_ref idref="fl-163"/>
      </object_component>
      <object_component id="oc-263">
         <name>.text</name>
         <load_address>0x7378</load_address>
         <run_address>0x7378</run_address>
         <size>0x20</size>
         <input_file_ref idref="fl-14f"/>
      </object_component>
      <object_component id="oc-257">
         <name>.text:ADCSequenceDataGet</name>
         <load_address>0x7398</load_address>
         <run_address>0x7398</run_address>
         <size>0x1e</size>
         <input_file_ref idref="fl-17e"/>
      </object_component>
      <object_component id="oc-291">
         <name>.text:PWMPulseWidthSet</name>
         <load_address>0x73b6</load_address>
         <run_address>0x73b6</run_address>
         <size>0x1e</size>
         <input_file_ref idref="fl-181"/>
      </object_component>
      <object_component id="oc-430">
         <name>.text</name>
         <load_address>0x73d4</load_address>
         <run_address>0x73d4</run_address>
         <size>0x1c</size>
         <input_file_ref idref="fl-162"/>
      </object_component>
      <object_component id="oc-24b">
         <name>.text:ADCProcessorTrigger</name>
         <load_address>0x73f0</load_address>
         <run_address>0x73f0</run_address>
         <size>0x18</size>
         <input_file_ref idref="fl-17e"/>
      </object_component>
      <object_component id="oc-1f0">
         <name>.text:GPIOPinTypeGPIOOutput</name>
         <load_address>0x7408</load_address>
         <run_address>0x7408</run_address>
         <size>0x18</size>
         <input_file_ref idref="fl-17f"/>
      </object_component>
      <object_component id="oc-75">
         <name>.text</name>
         <load_address>0x7420</load_address>
         <run_address>0x7420</run_address>
         <size>0x18</size>
         <input_file_ref idref="fl-152"/>
      </object_component>
      <object_component id="oc-475">
         <name>.text</name>
         <load_address>0x7438</load_address>
         <run_address>0x7438</run_address>
         <size>0x18</size>
         <input_file_ref idref="fl-165"/>
      </object_component>
      <object_component id="oc-424">
         <name>.text</name>
         <load_address>0x7450</load_address>
         <run_address>0x7450</run_address>
         <size>0x16</size>
         <input_file_ref idref="fl-164"/>
      </object_component>
      <object_component id="oc-273">
         <name>.text:SysCtlPWMClockSet</name>
         <load_address>0x7468</load_address>
         <run_address>0x7468</run_address>
         <size>0x14</size>
         <input_file_ref idref="fl-182"/>
      </object_component>
      <object_component id="oc-1da">
         <name>.text:UARTEnable</name>
         <load_address>0x747c</load_address>
         <run_address>0x747c</run_address>
         <size>0x14</size>
         <input_file_ref idref="fl-183"/>
      </object_component>
      <object_component id="oc-16c">
         <name>.text</name>
         <load_address>0x7490</load_address>
         <run_address>0x7490</run_address>
         <size>0x14</size>
         <input_file_ref idref="fl-150"/>
      </object_component>
      <object_component id="oc-53a">
         <name>.text</name>
         <load_address>0x74a4</load_address>
         <run_address>0x74a4</run_address>
         <size>0x14</size>
         <input_file_ref idref="fl-178"/>
      </object_component>
      <object_component id="oc-3eb">
         <name>.text</name>
         <load_address>0x74b8</load_address>
         <run_address>0x74b8</run_address>
         <size>0x14</size>
         <input_file_ref idref="fl-166"/>
      </object_component>
      <object_component id="oc-279">
         <name>.text:GPIOPinTypePWM</name>
         <load_address>0x74cc</load_address>
         <run_address>0x74cc</run_address>
         <size>0x12</size>
         <input_file_ref idref="fl-17f"/>
      </object_component>
      <object_component id="oc-1c8">
         <name>.text:GPIOPinTypeUART</name>
         <load_address>0x74de</load_address>
         <run_address>0x74de</run_address>
         <size>0x12</size>
         <input_file_ref idref="fl-17f"/>
      </object_component>
      <object_component id="oc-28b">
         <name>.text:PWMGenPeriodGet</name>
         <load_address>0x74f0</load_address>
         <run_address>0x74f0</run_address>
         <size>0x12</size>
         <input_file_ref idref="fl-181"/>
      </object_component>
      <object_component id="oc-297">
         <name>.text:PWMOutputState</name>
         <load_address>0x7502</load_address>
         <run_address>0x7502</run_address>
         <size>0x12</size>
         <input_file_ref idref="fl-181"/>
      </object_component>
      <object_component id="oc-285">
         <name>.text:PWMGenPeriodSet</name>
         <load_address>0x7514</load_address>
         <run_address>0x7514</run_address>
         <size>0x10</size>
         <input_file_ref idref="fl-181"/>
      </object_component>
      <object_component id="oc-245">
         <name>.text:ADCSequenceEnable</name>
         <load_address>0x7524</load_address>
         <run_address>0x7524</run_address>
         <size>0xe</size>
         <input_file_ref idref="fl-17e"/>
      </object_component>
      <object_component id="oc-2a5">
         <name>.text:UARTCharsAvail</name>
         <load_address>0x7532</load_address>
         <run_address>0x7532</run_address>
         <size>0xe</size>
         <input_file_ref idref="fl-183"/>
      </object_component>
      <object_component id="oc-12">
         <name>.text:decompress:none</name>
         <load_address>0x7540</load_address>
         <run_address>0x7540</run_address>
         <size>0xe</size>
         <input_file_ref idref="fl-140"/>
      </object_component>
      <object_component id="oc-29d">
         <name>.text:PWMGenEnable</name>
         <load_address>0x754e</load_address>
         <run_address>0x754e</run_address>
         <size>0xc</size>
         <input_file_ref idref="fl-181"/>
      </object_component>
      <object_component id="oc-30">
         <name>.text</name>
         <load_address>0x755a</load_address>
         <run_address>0x755a</run_address>
         <size>0xc</size>
         <input_file_ref idref="fl-3"/>
      </object_component>
      <object_component id="oc-1e">
         <name>.text:decompress:ZI</name>
         <load_address>0x7566</load_address>
         <run_address>0x7566</run_address>
         <size>0xc</size>
         <input_file_ref idref="fl-142"/>
      </object_component>
      <object_component id="oc-25d">
         <name>.text:ADCIntClear</name>
         <load_address>0x7572</load_address>
         <run_address>0x7572</run_address>
         <size>0xa</size>
         <input_file_ref idref="fl-17e"/>
      </object_component>
      <object_component id="oc-2ab">
         <name>.text:UARTCharGet</name>
         <load_address>0x757c</load_address>
         <run_address>0x757c</run_address>
         <size>0xa</size>
         <input_file_ref idref="fl-183"/>
      </object_component>
      <object_component id="oc-1e0">
         <name>.text:UARTCharPut</name>
         <load_address>0x7586</load_address>
         <run_address>0x7586</run_address>
         <size>0xa</size>
         <input_file_ref idref="fl-183"/>
      </object_component>
      <object_component id="oc-1fc">
         <name>.text:GPIOPinRead</name>
         <load_address>0x7590</load_address>
         <run_address>0x7590</run_address>
         <size>0x6</size>
         <input_file_ref idref="fl-17f"/>
      </object_component>
      <object_component id="oc-202">
         <name>.text:GPIOPinWrite</name>
         <load_address>0x7596</load_address>
         <run_address>0x7596</run_address>
         <size>0x6</size>
         <input_file_ref idref="fl-17f"/>
      </object_component>
      <object_component id="oc-1ce">
         <name>.text:UARTClockSourceSet</name>
         <load_address>0x759c</load_address>
         <run_address>0x759c</run_address>
         <size>0x6</size>
         <input_file_ref idref="fl-183"/>
      </object_component>
      <object_component id="oc-18">
         <name>.text:decompress:rle24</name>
         <load_address>0x75a2</load_address>
         <run_address>0x75a2</run_address>
         <size>0x6</size>
         <input_file_ref idref="fl-141"/>
      </object_component>
      <object_component id="oc-69">
         <name>.text</name>
         <load_address>0x75a8</load_address>
         <run_address>0x75a8</run_address>
         <size>0x4</size>
         <input_file_ref idref="fl-14b"/>
      </object_component>
      <object_component id="oc-300">
         <name>.const:g_pppui32XTALtoVCO</name>
         <load_address>0x75ac</load_address>
         <run_address>0x75ac</run_address>
         <size>0x120</size>
         <input_file_ref idref="fl-182"/>
      </object_component>
      <object_component id="oc-4b7">
         <name>.const:.string:_ctypes_</name>
         <load_address>0x76cc</load_address>
         <run_address>0x76cc</run_address>
         <size>0x101</size>
         <input_file_ref idref="fl-156"/>
      </object_component>
      <object_component id="oc-1a9">
         <name>.const</name>
         <load_address>0x77ce</load_address>
         <run_address>0x77ce</run_address>
         <size>0x2</size>
         <input_file_ref idref="fl-4"/>
      </object_component>
      <object_component id="oc-309">
         <name>.const:g_pui32GPIOBaseAddrs</name>
         <load_address>0x77d0</load_address>
         <run_address>0x77d0</run_address>
         <size>0x90</size>
         <input_file_ref idref="fl-17f"/>
      </object_component>
      <object_component id="oc-2fd">
         <name>.const:g_pui32Xtals</name>
         <load_address>0x7860</load_address>
         <run_address>0x7860</run_address>
         <size>0x6c</size>
         <input_file_ref idref="fl-182"/>
      </object_component>
      <object_component id="oc-3ae">
         <name>.const:g_sXTALtoMEMTIM</name>
         <load_address>0x78cc</load_address>
         <run_address>0x78cc</run_address>
         <size>0x30</size>
         <input_file_ref idref="fl-182"/>
      </object_component>
      <object_component id="oc-326">
         <name>.const</name>
         <load_address>0x78fc</load_address>
         <run_address>0x78fc</run_address>
         <size>0x1c</size>
         <input_file_ref idref="fl-18"/>
      </object_component>
      <object_component id="oc-3c9">
         <name>.const:.string</name>
         <load_address>0x7918</load_address>
         <run_address>0x7918</run_address>
         <size>0x12</size>
         <input_file_ref idref="fl-18"/>
      </object_component>
      <object_component id="oc-303">
         <name>.const</name>
         <load_address>0x792c</load_address>
         <run_address>0x792c</run_address>
         <size>0x8</size>
         <input_file_ref idref="fl-182"/>
      </object_component>
      <object_component id="oc-8f">
         <name>.const</name>
         <load_address>0x7934</load_address>
         <run_address>0x7934</run_address>
         <size>0x4</size>
         <input_file_ref idref="fl-15"/>
      </object_component>
      <object_component id="oc-5c8">
         <name>.cinit..data.load</name>
         <load_address>0x7938</load_address>
         <run_address>0x7938</run_address>
         <size>0xc5</size>
      </object_component>
      <object_component id="oc-5c6">
         <name>__TI_handler_table</name>
         <load_address>0x7a00</load_address>
         <run_address>0x7a00</run_address>
         <size>0xc</size>
      </object_component>
      <object_component id="oc-5c9">
         <name>.cinit..bss.load</name>
         <load_address>0x7a10</load_address>
         <run_address>0x7a10</run_address>
         <size>0x8</size>
      </object_component>
      <object_component id="oc-5c7">
         <name>__TI_cinit_table</name>
         <load_address>0x7a18</load_address>
         <run_address>0x7a18</run_address>
         <size>0x10</size>
      </object_component>
      <object_component id="oc-2a">
         <name>.sysmem</name>
         <uninitialized>true</uninitialized>
         <run_address>0x2000cf98</run_address>
         <size>0x8</size>
         <input_file_ref idref="fl-17b"/>
      </object_component>
      <object_component id="oc-5cb">
         <name>.sysmem</name>
         <uninitialized>true</uninitialized>
         <run_address>0x2000cf98</run_address>
         <size>0x0</size>
      </object_component>
      <object_component id="oc-29">
         <name>.stack</name>
         <uninitialized>true</uninitialized>
         <run_address>0x2000c798</run_address>
         <size>0x0</size>
         <input_file_ref idref="fl-13f"/>
      </object_component>
      <object_component id="oc-5ca">
         <name>.stack</name>
         <uninitialized>true</uninitialized>
         <run_address>0x2000c798</run_address>
         <size>0x0</size>
      </object_component>
      <object_component id="oc-2d">
         <name>.bss:pulStack</name>
         <uninitialized>true</uninitialized>
         <run_address>0x2000c470</run_address>
         <size>0x100</size>
         <input_file_ref idref="fl-3"/>
      </object_component>
      <object_component id="oc-1a5">
         <name>.bss:xHeap</name>
         <uninitialized>true</uninitialized>
         <run_address>0x20000000</run_address>
         <size>0xc350</size>
         <input_file_ref idref="fl-4"/>
      </object_component>
      <object_component id="oc-2cb">
         <name>.bss:circle</name>
         <uninitialized>true</uninitialized>
         <run_address>0x2000c6b4</run_address>
         <size>0x2c</size>
         <input_file_ref idref="fl-6"/>
      </object_component>
      <object_component id="oc-2d6">
         <name>.bss:xQueueRegistry</name>
         <uninitialized>true</uninitialized>
         <run_address>0x2000c674</run_address>
         <size>0x40</size>
         <input_file_ref idref="fl-12"/>
      </object_component>
      <object_component id="oc-f6">
         <name>.bss:pxReadyTasksLists</name>
         <uninitialized>true</uninitialized>
         <run_address>0x2000c610</run_address>
         <size>0x64</size>
         <input_file_ref idref="fl-13"/>
      </object_component>
      <object_component id="oc-566">
         <name>.bss:__TI_tmpnams</name>
         <uninitialized>true</uninitialized>
         <run_address>0x2000c570</run_address>
         <size>0xa0</size>
         <input_file_ref idref="fl-157"/>
      </object_component>
      <object_component id="oc-56d">
         <name>.bss:__CIOBUF_</name>
         <uninitialized>true</uninitialized>
         <run_address>0x2000c350</run_address>
         <size>0x120</size>
         <input_file_ref idref="fl-169"/>
      </object_component>
      <object_component id="oc-1a2">
         <name>.common:xStart</name>
         <uninitialized>true</uninitialized>
         <run_address>0x2000c77c</run_address>
         <size>0x8</size>
      </object_component>
      <object_component id="oc-1a8">
         <name>.common:xEnd</name>
         <uninitialized>true</uninitialized>
         <run_address>0x2000c774</run_address>
         <size>0x8</size>
      </object_component>
      <object_component id="oc-212">
         <name>.common:rqueue_count</name>
         <uninitialized>true</uninitialized>
         <run_address>0x2000c794</run_address>
         <size>0x4</size>
      </object_component>
      <object_component id="oc-10a">
         <name>.common:xDelayedTaskList1</name>
         <uninitialized>true</uninitialized>
         <run_address>0x2000c708</run_address>
         <size>0x14</size>
      </object_component>
      <object_component id="oc-10b">
         <name>.common:xDelayedTaskList2</name>
         <uninitialized>true</uninitialized>
         <run_address>0x2000c71c</run_address>
         <size>0x14</size>
      </object_component>
      <object_component id="oc-102">
         <name>.common:pxDelayedTaskList</name>
         <uninitialized>true</uninitialized>
         <run_address>0x2000c788</run_address>
         <size>0x4</size>
      </object_component>
      <object_component id="oc-103">
         <name>.common:pxOverflowDelayedTaskList</name>
         <uninitialized>true</uninitialized>
         <run_address>0x2000c78c</run_address>
         <size>0x4</size>
      </object_component>
      <object_component id="oc-101">
         <name>.common:xPendingReadyList</name>
         <uninitialized>true</uninitialized>
         <run_address>0x2000c730</run_address>
         <size>0x14</size>
      </object_component>
      <object_component id="oc-f9">
         <name>.common:xTasksWaitingTermination</name>
         <uninitialized>true</uninitialized>
         <run_address>0x2000c758</run_address>
         <size>0x14</size>
      </object_component>
      <object_component id="oc-100">
         <name>.common:xSuspendedTaskList</name>
         <uninitialized>true</uninitialized>
         <run_address>0x2000c744</run_address>
         <size>0x14</size>
      </object_component>
      <object_component id="oc-197">
         <name>.common:xActiveTimerList1</name>
         <uninitialized>true</uninitialized>
         <run_address>0x2000c6e0</run_address>
         <size>0x14</size>
      </object_component>
      <object_component id="oc-198">
         <name>.common:xActiveTimerList2</name>
         <uninitialized>true</uninitialized>
         <run_address>0x2000c6f4</run_address>
         <size>0x14</size>
      </object_component>
      <object_component id="oc-193">
         <name>.common:pxCurrentTimerList</name>
         <uninitialized>true</uninitialized>
         <run_address>0x2000c784</run_address>
         <size>0x4</size>
      </object_component>
      <object_component id="oc-196">
         <name>.common:pxOverflowTimerList</name>
         <uninitialized>true</uninitialized>
         <run_address>0x2000c790</run_address>
         <size>0x4</size>
      </object_component>
      <object_component id="oc-540">
         <name>.common:parmbuf</name>
         <uninitialized>true</uninitialized>
         <run_address>0x2000c76c</run_address>
         <size>0x8</size>
      </object_component>
      <object_component id="oc-19f">
         <name>.data</name>
         <load_address>0x2000db04</load_address>
         <run_address>0x2000db04</run_address>
         <size>0x8</size>
         <input_file_ref idref="fl-4"/>
      </object_component>
      <object_component id="oc-38a">
         <name>.data</name>
         <load_address>0x2000dab8</load_address>
         <run_address>0x2000dab8</run_address>
         <size>0x10</size>
         <input_file_ref idref="fl-6"/>
      </object_component>
      <object_component id="oc-215">
         <name>.data</name>
         <load_address>0x2000db3c</load_address>
         <run_address>0x2000db3c</run_address>
         <size>0x4</size>
         <input_file_ref idref="fl-8"/>
      </object_component>
      <object_component id="oc-2c8">
         <name>.data</name>
         <load_address>0x2000db40</load_address>
         <run_address>0x2000db40</run_address>
         <size>0x4</size>
         <input_file_ref idref="fl-9"/>
      </object_component>
      <object_component id="oc-20f">
         <name>.data</name>
         <load_address>0x2000daf4</load_address>
         <run_address>0x2000daf4</run_address>
         <size>0x8</size>
         <input_file_ref idref="fl-a"/>
      </object_component>
      <object_component id="oc-234">
         <name>.data</name>
         <load_address>0x2000db44</load_address>
         <run_address>0x2000db44</run_address>
         <size>0x4</size>
         <input_file_ref idref="fl-c"/>
      </object_component>
      <object_component id="oc-2b1">
         <name>.data</name>
         <load_address>0x2000dafc</load_address>
         <run_address>0x2000dafc</run_address>
         <size>0x8</size>
         <input_file_ref idref="fl-e"/>
      </object_component>
      <object_component id="oc-8c">
         <name>.data</name>
         <load_address>0x2000da88</load_address>
         <run_address>0x2000da88</run_address>
         <size>0x30</size>
         <input_file_ref idref="fl-13"/>
      </object_component>
      <object_component id="oc-190">
         <name>.data</name>
         <load_address>0x2000db2c</load_address>
         <run_address>0x2000db2c</run_address>
         <size>0x8</size>
         <input_file_ref idref="fl-14"/>
      </object_component>
      <object_component id="oc-99">
         <name>.data</name>
         <load_address>0x2000db0c</load_address>
         <run_address>0x2000db0c</run_address>
         <size>0x8</size>
         <input_file_ref idref="fl-15"/>
      </object_component>
      <object_component id="oc-1ec">
         <name>.data</name>
         <load_address>0x2000dac8</load_address>
         <run_address>0x2000dac8</run_address>
         <size>0x10</size>
         <input_file_ref idref="fl-17"/>
      </object_component>
      <object_component id="oc-329">
         <name>.data</name>
         <load_address>0x2000db34</load_address>
         <run_address>0x2000db34</run_address>
         <size>0x5</size>
         <input_file_ref idref="fl-18"/>
      </object_component>
      <object_component id="oc-d6">
         <name>.data</name>
         <load_address>0x2000db1c</load_address>
         <run_address>0x2000db1c</run_address>
         <size>0x8</size>
         <input_file_ref idref="fl-143"/>
      </object_component>
      <object_component id="oc-81">
         <name>.data</name>
         <load_address>0x2000db50</load_address>
         <run_address>0x2000db50</run_address>
         <size>0x4</size>
         <input_file_ref idref="fl-14d"/>
      </object_component>
      <object_component id="oc-d3">
         <name>.data</name>
         <load_address>0x2000db14</load_address>
         <run_address>0x2000db14</run_address>
         <size>0x8</size>
         <input_file_ref idref="fl-150"/>
      </object_component>
      <object_component id="oc-35e">
         <name>.data:_ftable</name>
         <load_address>0x2000d798</load_address>
         <run_address>0x2000d798</run_address>
         <size>0xf0</size>
         <input_file_ref idref="fl-157"/>
      </object_component>
      <object_component id="oc-470">
         <name>.data</name>
         <load_address>0x2000dad8</load_address>
         <run_address>0x2000dad8</run_address>
         <size>0x10</size>
         <input_file_ref idref="fl-157"/>
      </object_component>
      <object_component id="oc-481">
         <name>.data</name>
         <load_address>0x2000d888</load_address>
         <run_address>0x2000d888</run_address>
         <size>0xd0</size>
         <input_file_ref idref="fl-160"/>
      </object_component>
      <object_component id="oc-503">
         <name>.data</name>
         <load_address>0x2000da08</load_address>
         <run_address>0x2000da08</run_address>
         <size>0x80</size>
         <input_file_ref idref="fl-16f"/>
      </object_component>
      <object_component id="oc-50e">
         <name>.data</name>
         <load_address>0x2000db48</load_address>
         <run_address>0x2000db48</run_address>
         <size>0x4</size>
         <input_file_ref idref="fl-171"/>
      </object_component>
      <object_component id="oc-55c">
         <name>.data</name>
         <load_address>0x2000db24</load_address>
         <run_address>0x2000db24</run_address>
         <size>0x8</size>
         <input_file_ref idref="fl-172"/>
      </object_component>
      <object_component id="oc-593">
         <name>.data:sigtable</name>
         <load_address>0x2000d958</load_address>
         <run_address>0x2000d958</run_address>
         <size>0xb0</size>
         <input_file_ref idref="fl-177"/>
      </object_component>
      <object_component id="oc-52b">
         <name>.data</name>
         <load_address>0x2000db4c</load_address>
         <run_address>0x2000db4c</run_address>
         <size>0x4</size>
         <input_file_ref idref="fl-17a"/>
      </object_component>
      <object_component id="oc-521">
         <name>.data</name>
         <load_address>0x2000dae8</load_address>
         <run_address>0x2000dae8</run_address>
         <size>0xc</size>
         <input_file_ref idref="fl-17b"/>
      </object_component>
      <object_component id="oc-125">
         <name>.debug_info</name>
         <load_address>0x0</load_address>
         <run_address>0x0</run_address>
         <size>0x38a</size>
         <input_file_ref idref="fl-2"/>
      </object_component>
      <object_component id="oc-cc">
         <name>.debug_info</name>
         <load_address>0x38a</load_address>
         <run_address>0x38a</run_address>
         <size>0x232</size>
         <input_file_ref idref="fl-2"/>
      </object_component>
      <object_component id="oc-10d">
         <name>.debug_info</name>
         <load_address>0x5bc</load_address>
         <run_address>0x5bc</run_address>
         <size>0x2ef</size>
         <input_file_ref idref="fl-2"/>
      </object_component>
      <object_component id="oc-aa">
         <name>.debug_info</name>
         <load_address>0x8ab</load_address>
         <run_address>0x8ab</run_address>
         <size>0x84</size>
         <input_file_ref idref="fl-2"/>
      </object_component>
      <object_component id="oc-9e">
         <name>.debug_info</name>
         <load_address>0x92f</load_address>
         <run_address>0x92f</run_address>
         <size>0x2c</size>
         <input_file_ref idref="fl-2"/>
      </object_component>
      <object_component id="oc-112">
         <name>.debug_info</name>
         <load_address>0x95b</load_address>
         <run_address>0x95b</run_address>
         <size>0x18b</size>
         <input_file_ref idref="fl-2"/>
      </object_component>
      <object_component id="oc-a3">
         <name>.debug_info</name>
         <load_address>0xae6</load_address>
         <run_address>0xae6</run_address>
         <size>0xae</size>
         <input_file_ref idref="fl-2"/>
      </object_component>
      <object_component id="oc-333">
         <name>.debug_info</name>
         <load_address>0xb94</load_address>
         <run_address>0xb94</run_address>
         <size>0x4e</size>
         <input_file_ref idref="fl-2"/>
      </object_component>
      <object_component id="oc-120">
         <name>.debug_info</name>
         <load_address>0xbe2</load_address>
         <run_address>0xbe2</run_address>
         <size>0x14c</size>
         <input_file_ref idref="fl-2"/>
      </object_component>
      <object_component id="oc-43">
         <name>.debug_info</name>
         <load_address>0xd2e</load_address>
         <run_address>0xd2e</run_address>
         <size>0x188</size>
         <input_file_ref idref="fl-3"/>
      </object_component>
      <object_component id="oc-2e">
         <name>.debug_info</name>
         <load_address>0xeb6</load_address>
         <run_address>0xeb6</run_address>
         <size>0xf1</size>
         <input_file_ref idref="fl-3"/>
      </object_component>
      <object_component id="oc-10">
         <name>.debug_info</name>
         <load_address>0xfa7</load_address>
         <run_address>0xfa7</run_address>
         <size>0xfa</size>
         <input_file_ref idref="fl-3"/>
      </object_component>
      <object_component id="oc-31">
         <name>.debug_info</name>
         <load_address>0x10a1</load_address>
         <run_address>0x10a1</run_address>
         <size>0x286</size>
         <input_file_ref idref="fl-3"/>
      </object_component>
      <object_component id="oc-1a3">
         <name>.debug_info</name>
         <load_address>0x1327</load_address>
         <run_address>0x1327</run_address>
         <size>0x205</size>
         <input_file_ref idref="fl-4"/>
      </object_component>
      <object_component id="oc-1a6">
         <name>.debug_info</name>
         <load_address>0x152c</load_address>
         <run_address>0x152c</run_address>
         <size>0xd7</size>
         <input_file_ref idref="fl-4"/>
      </object_component>
      <object_component id="oc-1aa">
         <name>.debug_info</name>
         <load_address>0x1603</load_address>
         <run_address>0x1603</run_address>
         <size>0xeb</size>
         <input_file_ref idref="fl-4"/>
      </object_component>
      <object_component id="oc-1a0">
         <name>.debug_info</name>
         <load_address>0x16ee</load_address>
         <run_address>0x16ee</run_address>
         <size>0xf3</size>
         <input_file_ref idref="fl-4"/>
      </object_component>
      <object_component id="oc-105">
         <name>.debug_info</name>
         <load_address>0x17e1</load_address>
         <run_address>0x17e1</run_address>
         <size>0x485</size>
         <input_file_ref idref="fl-4"/>
      </object_component>
      <object_component id="oc-181">
         <name>.debug_info</name>
         <load_address>0x1c66</load_address>
         <run_address>0x1c66</run_address>
         <size>0x110</size>
         <input_file_ref idref="fl-4"/>
      </object_component>
      <object_component id="oc-2e8">
         <name>.debug_info</name>
         <load_address>0x1d76</load_address>
         <run_address>0x1d76</run_address>
         <size>0xa7</size>
         <input_file_ref idref="fl-4"/>
      </object_component>
      <object_component id="oc-389">
         <name>.debug_info</name>
         <load_address>0x1e1d</load_address>
         <run_address>0x1e1d</run_address>
         <size>0xea</size>
         <input_file_ref idref="fl-5"/>
      </object_component>
      <object_component id="oc-2bd">
         <name>.debug_info</name>
         <load_address>0x1f07</load_address>
         <run_address>0x1f07</run_address>
         <size>0x46d</size>
         <input_file_ref idref="fl-5"/>
      </object_component>
      <object_component id="oc-392">
         <name>.debug_info</name>
         <load_address>0x2374</load_address>
         <run_address>0x2374</run_address>
         <size>0x62</size>
         <input_file_ref idref="fl-5"/>
      </object_component>
      <object_component id="oc-38b">
         <name>.debug_info</name>
         <load_address>0x23d6</load_address>
         <run_address>0x23d6</run_address>
         <size>0x159</size>
         <input_file_ref idref="fl-6"/>
      </object_component>
      <object_component id="oc-2cc">
         <name>.debug_info</name>
         <load_address>0x252f</load_address>
         <run_address>0x252f</run_address>
         <size>0xe0</size>
         <input_file_ref idref="fl-6"/>
      </object_component>
      <object_component id="oc-2c6">
         <name>.debug_info</name>
         <load_address>0x260f</load_address>
         <run_address>0x260f</run_address>
         <size>0x510</size>
         <input_file_ref idref="fl-6"/>
      </object_component>
      <object_component id="oc-209">
         <name>.debug_info</name>
         <load_address>0x2b1f</load_address>
         <run_address>0x2b1f</run_address>
         <size>0x284</size>
         <input_file_ref idref="fl-7"/>
      </object_component>
      <object_component id="oc-13b">
         <name>.debug_info</name>
         <load_address>0x2da3</load_address>
         <run_address>0x2da3</run_address>
         <size>0x21c</size>
         <input_file_ref idref="fl-7"/>
      </object_component>
      <object_component id="oc-2a4">
         <name>.debug_info</name>
         <load_address>0x2fbf</load_address>
         <run_address>0x2fbf</run_address>
         <size>0x54d</size>
         <input_file_ref idref="fl-8"/>
      </object_component>
      <object_component id="oc-216">
         <name>.debug_info</name>
         <load_address>0x350c</load_address>
         <run_address>0x350c</run_address>
         <size>0xf3</size>
         <input_file_ref idref="fl-8"/>
      </object_component>
      <object_component id="oc-156">
         <name>.debug_info</name>
         <load_address>0x35ff</load_address>
         <run_address>0x35ff</run_address>
         <size>0x343</size>
         <input_file_ref idref="fl-8"/>
      </object_component>
      <object_component id="oc-21a">
         <name>.debug_info</name>
         <load_address>0x3942</load_address>
         <run_address>0x3942</run_address>
         <size>0x109</size>
         <input_file_ref idref="fl-8"/>
      </object_component>
      <object_component id="oc-26e">
         <name>.debug_info</name>
         <load_address>0x3a4b</load_address>
         <run_address>0x3a4b</run_address>
         <size>0x8b</size>
         <input_file_ref idref="fl-8"/>
      </object_component>
      <object_component id="oc-2da">
         <name>.debug_info</name>
         <load_address>0x3ad6</load_address>
         <run_address>0x3ad6</run_address>
         <size>0x46</size>
         <input_file_ref idref="fl-8"/>
      </object_component>
      <object_component id="oc-2cf">
         <name>.debug_info</name>
         <load_address>0x3b1c</load_address>
         <run_address>0x3b1c</run_address>
         <size>0x2b6</size>
         <input_file_ref idref="fl-9"/>
      </object_component>
      <object_component id="oc-2c9">
         <name>.debug_info</name>
         <load_address>0x3dd2</load_address>
         <run_address>0x3dd2</run_address>
         <size>0xea</size>
         <input_file_ref idref="fl-9"/>
      </object_component>
      <object_component id="oc-160">
         <name>.debug_info</name>
         <load_address>0x3ebc</load_address>
         <run_address>0x3ebc</run_address>
         <size>0x296</size>
         <input_file_ref idref="fl-9"/>
      </object_component>
      <object_component id="oc-219">
         <name>.debug_info</name>
         <load_address>0x4152</load_address>
         <run_address>0x4152</run_address>
         <size>0x2ae</size>
         <input_file_ref idref="fl-a"/>
      </object_component>
      <object_component id="oc-210">
         <name>.debug_info</name>
         <load_address>0x4400</load_address>
         <run_address>0x4400</run_address>
         <size>0x122</size>
         <input_file_ref idref="fl-a"/>
      </object_component>
      <object_component id="oc-141">
         <name>.debug_info</name>
         <load_address>0x4522</load_address>
         <run_address>0x4522</run_address>
         <size>0x25b</size>
         <input_file_ref idref="fl-a"/>
      </object_component>
      <object_component id="oc-213">
         <name>.debug_info</name>
         <load_address>0x477d</load_address>
         <run_address>0x477d</run_address>
         <size>0x46e</size>
         <input_file_ref idref="fl-b"/>
      </object_component>
      <object_component id="oc-14e">
         <name>.debug_info</name>
         <load_address>0x4beb</load_address>
         <run_address>0x4beb</run_address>
         <size>0x31d</size>
         <input_file_ref idref="fl-b"/>
      </object_component>
      <object_component id="oc-238">
         <name>.debug_info</name>
         <load_address>0x4f08</load_address>
         <run_address>0x4f08</run_address>
         <size>0x22e</size>
         <input_file_ref idref="fl-c"/>
      </object_component>
      <object_component id="oc-235">
         <name>.debug_info</name>
         <load_address>0x5136</load_address>
         <run_address>0x5136</run_address>
         <size>0xe9</size>
         <input_file_ref idref="fl-c"/>
      </object_component>
      <object_component id="oc-14a">
         <name>.debug_info</name>
         <load_address>0x521f</load_address>
         <run_address>0x521f</run_address>
         <size>0x253</size>
         <input_file_ref idref="fl-c"/>
      </object_component>
      <object_component id="oc-2b5">
         <name>.debug_info</name>
         <load_address>0x5472</load_address>
         <run_address>0x5472</run_address>
         <size>0x460</size>
         <input_file_ref idref="fl-e"/>
      </object_component>
      <object_component id="oc-2b2">
         <name>.debug_info</name>
         <load_address>0x58d2</load_address>
         <run_address>0x58d2</run_address>
         <size>0x112</size>
         <input_file_ref idref="fl-e"/>
      </object_component>
      <object_component id="oc-15a">
         <name>.debug_info</name>
         <load_address>0x59e4</load_address>
         <run_address>0x59e4</run_address>
         <size>0x3f9</size>
         <input_file_ref idref="fl-e"/>
      </object_component>
      <object_component id="oc-2b7">
         <name>.debug_info</name>
         <load_address>0x5ddd</load_address>
         <run_address>0x5ddd</run_address>
         <size>0x9f</size>
         <input_file_ref idref="fl-e"/>
      </object_component>
      <object_component id="oc-383">
         <name>.debug_info</name>
         <load_address>0x5e7c</load_address>
         <run_address>0x5e7c</run_address>
         <size>0x2c</size>
         <input_file_ref idref="fl-e"/>
      </object_component>
      <object_component id="oc-2d3">
         <name>.debug_info</name>
         <load_address>0x5ea8</load_address>
         <run_address>0x5ea8</run_address>
         <size>0x482</size>
         <input_file_ref idref="fl-10"/>
      </object_component>
      <object_component id="oc-39b">
         <name>.debug_info</name>
         <load_address>0x632a</load_address>
         <run_address>0x632a</run_address>
         <size>0x39</size>
         <input_file_ref idref="fl-10"/>
      </object_component>
      <object_component id="oc-17c">
         <name>.debug_info</name>
         <load_address>0x6363</load_address>
         <run_address>0x6363</run_address>
         <size>0x46</size>
         <input_file_ref idref="fl-10"/>
      </object_component>
      <object_component id="oc-3a0">
         <name>.debug_info</name>
         <load_address>0x63a9</load_address>
         <run_address>0x63a9</run_address>
         <size>0x84</size>
         <input_file_ref idref="fl-10"/>
      </object_component>
      <object_component id="oc-187">
         <name>.debug_info</name>
         <load_address>0x642d</load_address>
         <run_address>0x642d</run_address>
         <size>0x191</size>
         <input_file_ref idref="fl-11"/>
      </object_component>
      <object_component id="oc-f2">
         <name>.debug_info</name>
         <load_address>0x65be</load_address>
         <run_address>0x65be</run_address>
         <size>0x892</size>
[...]
      </symbol>
      <symbol id="sm-8e4">
         <name>atoi</name>
         <value>0x6db1</value>
         <object_component_ref idref="oc-436"/>
      </symbol>
      <symbol id="sm-90a">
         <name>__TI_auto_init</name>
         <value>0x6a61</value>
         <object_component_ref idref="oc-6f"/>
      </symbol>
      <symbol id="sm-924">
         <name>copy_in</name>
         <value>0x6dfd</value>
         <object_component_ref idref="oc-c3"/>
      </symbol>
      <symbol id="sm-92f">
         <name>_ctypes_</name>
         <value>0x76cc</value>
         <object_component_ref idref="oc-4b7"/>
      </symbol>
      <symbol id="sm-948">
         <name>__aeabi_stdout</name>
         <value>0x2000dae0</value>
         <object_component_ref idref="oc-470"/>
      </symbol>
      <symbol id="sm-949">
         <name>__TI_tmpnams</name>
         <value>0x2000c570</value>
         <object_component_ref idref="oc-566"/>
      </symbol>
      <symbol id="sm-94a">
         <name>__aeabi_stderr</name>
         <value>0x2000dae4</value>
         <object_component_ref idref="oc-470"/>
      </symbol>
      <symbol id="sm-94b">
         <name>__aeabi_stdin</name>
         <value>0x2000dadc</value>
         <object_component_ref idref="oc-470"/>
      </symbol>
      <symbol id="sm-94c">
         <name>_ftable</name>
         <value>0x2000d798</value>
         <object_component_ref idref="oc-35e"/>
      </symbol>
      <symbol id="sm-94d">
         <name>__TI_ft_end</name>
         <value>0x2000dad8</value>
         <object_component_ref idref="oc-470"/>
      </symbol>
      <symbol id="sm-974">
         <name>__aeabi_cdcmpeq</name>
         <value>0x6771</value>
         <object_component_ref idref="oc-3fe"/>
      </symbol>
      <symbol id="sm-975">
         <name>__aeabi_cdcmple</name>
         <value>0x6771</value>
         <object_component_ref idref="oc-3fe"/>
      </symbol>
      <symbol id="sm-976">
         <name>__aeabi_cdrcmple</name>
         <value>0x67f7</value>
         <object_component_ref idref="oc-403"/>
      </symbol>
      <symbol id="sm-984">
         <name>__aeabi_d2iz</name>
         <value>0x6ed9</value>
         <object_component_ref idref="oc-408"/>
      </symbol>
      <symbol id="sm-99b">
         <name>putc</name>
         <value>0x664d</value>
         <object_component_ref idref="oc-34c"/>
      </symbol>
      <symbol id="sm-99c">
         <name>fputc</name>
         <value>0x664d</value>
         <object_component_ref idref="oc-34c"/>
      </symbol>
      <symbol id="sm-99d">
         <name>putchar</name>
         <value>0x66d1</value>
         <object_component_ref idref="oc-34c"/>
      </symbol>
      <symbol id="sm-9bf">
         <name>puts</name>
         <value>0x5759</value>
         <object_component_ref idref="oc-352"/>
      </symbol>
      <symbol id="sm-9c0">
         <name>fputs</name>
         <value>0x564d</value>
         <object_component_ref idref="oc-352"/>
      </symbol>
      <symbol id="sm-9cd">
         <name>frexp</name>
         <value>0x72cd</value>
         <object_component_ref idref="oc-418"/>
      </symbol>
      <symbol id="sm-9d7">
         <name>__aeabi_idiv0</name>
         <value>0x2a8b</value>
         <object_component_ref idref="oc-3ce"/>
      </symbol>
      <symbol id="sm-9e3">
         <name>__aeabi_i2d</name>
         <value>0x7247</value>
         <object_component_ref idref="oc-413"/>
      </symbol>
      <symbol id="sm-9f4">
         <name>ldexp</name>
         <value>0x6cc3</value>
         <object_component_ref idref="oc-41e"/>
      </symbol>
      <symbol id="sm-a46">
         <name>open</name>
         <value>0x4383</value>
         <object_component_ref idref="oc-3e3"/>
      </symbol>
      <symbol id="sm-a47">
         <name>add_device</name>
         <value>0x44a5</value>
         <object_component_ref idref="oc-3e3"/>
      </symbol>
      <symbol id="sm-a48">
         <name>remove_device</name>
         <value>0x4337</value>
         <object_component_ref idref="oc-3e3"/>
      </symbol>
      <symbol id="sm-a49">
         <name>lseek</name>
         <value>0x4431</value>
         <object_component_ref idref="oc-3e3"/>
      </symbol>
      <symbol id="sm-a4a">
         <name>read</name>
         <value>0x435f</value>
         <object_component_ref idref="oc-3e3"/>
      </symbol>
      <symbol id="sm-a4b">
         <name>rename</name>
         <value>0x42f9</value>
         <object_component_ref idref="oc-3e3"/>
      </symbol>
      <symbol id="sm-a4c">
         <name>write</name>
         <value>0x4245</value>
         <object_component_ref idref="oc-3e3"/>
      </symbol>
      <symbol id="sm-a4d">
         <name>close</name>
         <value>0x4455</value>
         <object_component_ref idref="oc-3e3"/>
      </symbol>
      <symbol id="sm-a4e">
         <name>unlink</name>
         <value>0x42d5</value>
         <object_component_ref idref="oc-3e3"/>
      </symbol>
      <symbol id="sm-a5d">
         <name>ltoa</name>
         <value>0x6c6d</value>
         <object_component_ref idref="oc-40d"/>
      </symbol>
      <symbol id="sm-a6d">
         <name>memccpy</name>
         <value>0x73d5</value>
         <object_component_ref idref="oc-430"/>
      </symbol>
      <symbol id="sm-a7d">
         <name>memchr</name>
         <value>0x7359</value>
         <object_component_ref idref="oc-3f1"/>
      </symbol>
      <symbol id="sm-a8d">
         <name>strchr</name>
         <value>0x7451</value>
         <object_component_ref idref="oc-424"/>
      </symbol>
      <symbol id="sm-a9c">
         <name>strcmp</name>
         <value>0x7439</value>
         <object_component_ref idref="oc-475"/>
      </symbol>
      <symbol id="sm-aaa">
         <name>strlen</name>
         <value>0x74b9</value>
         <object_component_ref idref="oc-3eb"/>
      </symbol>
      <symbol id="sm-aba">
         <name>strncpy</name>
         <value>0x7189</value>
         <object_component_ref idref="oc-47b"/>
      </symbol>
      <symbol id="sm-adb">
         <name>HOSTgetenv</name>
         <value>0x4767</value>
         <object_component_ref idref="oc-4e4"/>
      </symbol>
      <symbol id="sm-adc">
         <name>HOSTrename</name>
         <value>0x460f</value>
         <object_component_ref idref="oc-4e4"/>
      </symbol>
      <symbol id="sm-add">
         <name>HOSTclose</name>
         <value>0x47a5</value>
         <object_component_ref idref="oc-4e4"/>
      </symbol>
      <symbol id="sm-ade">
         <name>HOSTunlink</name>
         <value>0x459d</value>
         <object_component_ref idref="oc-4e4"/>
      </symbol>
      <symbol id="sm-adf">
         <name>HOSTlseek</name>
         <value>0x470b</value>
         <object_component_ref idref="oc-4e4"/>
      </symbol>
      <symbol id="sm-ae0">
         <name>HOSTopen</name>
         <value>0x46b9</value>
         <object_component_ref idref="oc-4e4"/>
      </symbol>
      <symbol id="sm-ae1">
         <name>HOSTclock</name>
         <value>0x47dd</value>
         <object_component_ref idref="oc-4e4"/>
      </symbol>
      <symbol id="sm-ae2">
         <name>HOSTwrite</name>
         <value>0x4551</value>
         <object_component_ref idref="oc-4e4"/>
      </symbol>
      <symbol id="sm-ae3">
         <name>HOSTread</name>
         <value>0x466d</value>
         <object_component_ref idref="oc-4e4"/>
      </symbol>
      <symbol id="sm-ae4">
         <name>HOSTtime</name>
         <value>0x45d5</value>
         <object_component_ref idref="oc-4e4"/>
      </symbol>
      <symbol id="sm-aff">
         <name>__TI_readmsg</name>
         <value>0x6b6b</value>
         <object_component_ref idref="oc-534"/>
      </symbol>
      <symbol id="sm-b00">
         <name>C$$IO$$</name>
         <value>0x6b67</value>
         <object_component_ref idref="oc-534"/>
      </symbol>
      <symbol id="sm-b01">
         <name>__CIOBUF_</name>
         <value>0x2000c350</value>
         <object_component_ref idref="oc-56d"/>
      </symbol>
      <symbol id="sm-b02">
         <name>__TI_writemsg</name>
         <value>0x6b39</value>
         <object_component_ref idref="oc-534"/>
      </symbol>
      <symbol id="sm-b2c">
         <name>__aeabi_uldivmod</name>
         <value>0x4a29</value>
         <object_component_ref idref="oc-3f9"/>
      </symbol>
      <symbol id="sm-b3a">
         <name>_Dclass</name>
         <value>0x71b9</value>
         <object_component_ref idref="oc-42a"/>
      </symbol>
      <symbol id="sm-b5b">
         <name>_Dscale</name>
         <value>0x5b0d</value>
         <object_component_ref idref="oc-4a3"/>
      </symbol>
      <symbol id="sm-b6f">
         <name>_Dunscale</name>
         <value>0x6ba1</value>
         <object_component_ref idref="oc-49b"/>
      </symbol>
      <symbol id="sm-b7e">
         <name>_Feraise</name>
         <value>0x71e9</value>
         <object_component_ref idref="oc-4a9"/>
      </symbol>
      <symbol id="sm-b8e">
         <name>_Rteps</name>
         <value>0x2000da68</value>
         <object_component_ref idref="oc-503"/>
      </symbol>
      <symbol id="sm-b8f">
         <name>_Zero</name>
         <value>0x2000da80</value>
         <object_component_ref idref="oc-503"/>
      </symbol>
      <symbol id="sm-b90">
         <name>_Hugeval</name>
         <value>0x2000da28</value>
         <object_component_ref idref="oc-503"/>
      </symbol>
      <symbol id="sm-b91">
         <name>_Snan</name>
         <value>0x2000da58</value>
         <object_component_ref idref="oc-503"/>
      </symbol>
      <symbol id="sm-b92">
         <name>_Nan</name>
         <value>0x2000da48</value>
         <object_component_ref idref="oc-503"/>
      </symbol>
      <symbol id="sm-b93">
         <name>_Inf</name>
         <value>0x2000da38</value>
         <object_component_ref idref="oc-503"/>
      </symbol>
      <symbol id="sm-b94">
         <name>_Xbig</name>
         <value>0x2000da78</value>
         <object_component_ref idref="oc-503"/>
      </symbol>
      <symbol id="sm-b95">
         <name>_Eps</name>
         <value>0x2000da18</value>
         <object_component_ref idref="oc-503"/>
      </symbol>
      <symbol id="sm-b96">
         <name>_Denorm</name>
         <value>0x2000da08</value>
         <object_component_ref idref="oc-503"/>
      </symbol>
      <symbol id="sm-bb4">
         <name>__TI_wrt_ok</name>
         <value>0x63c5</value>
         <object_component_ref idref="oc-3d7"/>
      </symbol>
      <symbol id="sm-bb5">
         <name>__TI_rd_ok</name>
         <value>0x6427</value>
         <object_component_ref idref="oc-3d7"/>
      </symbol>
      <symbol id="sm-bbd">
         <name>_Errno</name>
         <value>0x2000db48</value>
         <object_component_ref idref="oc-50e"/>
      </symbol>
      <symbol id="sm-bdb">
         <name>feraiseexcept</name>
         <value>0x7155</value>
         <object_component_ref idref="oc-508"/>
      </symbol>
      <symbol id="sm-bdc">
         <name>_Tls_setup__Fenv</name>
         <value>0x2000db28</value>
         <object_component_ref idref="oc-55c"/>
      </symbol>
      <symbol id="sm-bdd">
         <name>_Fenv</name>
         <value>0x2000db24</value>
         <object_component_ref idref="oc-55c"/>
      </symbol>
      <symbol id="sm-bf7">
         <name>__TI_doflush</name>
         <value>0x6181</value>
         <object_component_ref idref="oc-3dd"/>
      </symbol>
      <symbol id="sm-bf8">
         <name>fflush</name>
         <value>0x61cd</value>
         <object_component_ref idref="oc-3dd"/>
      </symbol>
      <symbol id="sm-c0a">
         <name>fseek</name>
         <value>0x6c09</value>
         <object_component_ref idref="oc-462"/>
      </symbol>
      <symbol id="sm-c1e">
         <name>raise</name>
         <value>0x7275</value>
         <object_component_ref idref="oc-556"/>
      </symbol>
      <symbol id="sm-c3a">
         <name>setvbuf</name>
         <value>0x5fd1</value>
         <object_component_ref idref="oc-468"/>
      </symbol>
      <symbol id="sm-c54">
         <name>signal</name>
         <value>0x6ff1</value>
         <object_component_ref idref="oc-578"/>
      </symbol>
      <symbol id="sm-c62">
         <name>strcpy</name>
         <value>0x74a5</value>
         <object_component_ref idref="oc-53a"/>
      </symbol>
      <symbol id="sm-c77">
         <name>_Dnorm</name>
         <value>0x6249</value>
         <object_component_ref idref="oc-4f9"/>
      </symbol>
      <symbol id="sm-cae">
         <name>__TI_cleanup</name>
         <value>0x4ce5</value>
         <object_component_ref idref="oc-4cd"/>
      </symbol>
      <symbol id="sm-caf">
         <name>freopen</name>
         <value>0x4d11</value>
         <object_component_ref idref="oc-4cd"/>
      </symbol>
      <symbol id="sm-cb0">
         <name>fopen</name>
         <value>0x4d3b</value>
         <object_component_ref idref="oc-4cd"/>
      </symbol>
      <symbol id="sm-d22">
         <name>_sys_memory</name>
         <value>0x2000cf98</value>
         <object_component_ref idref="oc-2a"/>
      </symbol>
      <symbol id="sm-d23">
         <name>free</name>
         <value>0x3f5f</value>
         <object_component_ref idref="oc-4c7"/>
      </symbol>
      <symbol id="sm-d24">
         <name>realloc</name>
         <value>0x4021</value>
         <object_component_ref idref="oc-4c7"/>
      </symbol>
      <symbol id="sm-d25">
         <name>memalign</name>
         <value>0x412d</value>
         <object_component_ref idref="oc-4c7"/>
      </symbol>
      <symbol id="sm-d26">
         <name>calloc</name>
         <value>0x4211</value>
         <object_component_ref idref="oc-4c7"/>
      </symbol>
      <symbol id="sm-d27">
         <name>malloc</name>
         <value>0x3ef7</value>
         <object_component_ref idref="oc-4c7"/>
      </symbol>
      <symbol id="sm-d28">
         <name>minit</name>
         <value>0x3e69</value>
         <object_component_ref idref="oc-4c7"/>
      </symbol>
      <symbol id="sm-d3e">
         <name>__TI_closefile</name>
         <value>0x65b5</value>
         <object_component_ref idref="oc-525"/>
      </symbol>
      <symbol id="sm-d3f">
         <name>fclose</name>
         <value>0x661b</value>
         <object_component_ref idref="oc-525"/>
      </symbol>
      <symbol id="sm-d85">
         <name>ADCProcessorTrigger</name>
         <value>0x73f1</value>
         <object_component_ref idref="oc-24b"/>
      </symbol>
      <symbol id="sm-d86">
         <name>ADCSequenceEnable</name>
         <value>0x7525</value>
         <object_component_ref idref="oc-245"/>
      </symbol>
      <symbol id="sm-d87">
         <name>ADCSequenceConfigure</name>
         <value>0x7071</value>
         <object_component_ref idref="oc-239"/>
      </symbol>
      <symbol id="sm-d88">
         <name>ADCSequenceStepConfigure</name>
         <value>0x68fd</value>
         <object_component_ref idref="oc-23f"/>
      </symbol>
      <symbol id="sm-d89">
         <name>ADCIntClear</name>
         <value>0x7573</value>
         <object_component_ref idref="oc-25d"/>
      </symbol>
      <symbol id="sm-d8a">
         <name>ADCIntStatus</name>
         <value>0x7219</value>
         <object_component_ref idref="oc-251"/>
      </symbol>
      <symbol id="sm-d8b">
         <name>ADCSequenceDataGet</name>
         <value>0x7399</value>
         <object_component_ref idref="oc-257"/>
      </symbol>
      <symbol id="sm-ddd">
         <name>GPIOPinTypePWM</name>
         <value>0x74cd</value>
         <object_component_ref idref="oc-279"/>
      </symbol>
      <symbol id="sm-dde">
         <name>GPIOPinConfigure</name>
         <value>0x6e49</value>
         <object_component_ref idref="oc-1c2"/>
      </symbol>
      <symbol id="sm-ddf">
         <name>GPIOPinTypeUART</name>
         <value>0x74df</value>
         <object_component_ref idref="oc-1c8"/>
      </symbol>
      <symbol id="sm-de0">
         <name>GPIOPinTypeGPIOOutput</name>
         <value>0x7409</value>
         <object_component_ref idref="oc-1f0"/>
      </symbol>
      <symbol id="sm-de1">
         <name>GPIOPinRead</name>
         <value>0x7591</value>
         <object_component_ref idref="oc-1fc"/>
      </symbol>
      <symbol id="sm-de2">
         <name>GPIODirModeSet</name>
         <value>0x72a3</value>
         <object_component_ref idref="oc-30e"/>
      </symbol>
      <symbol id="sm-de3">
         <name>GPIOPinWrite</name>
         <value>0x7597</value>
         <object_component_ref idref="oc-202"/>
      </symbol>
      <symbol id="sm-de4">
         <name>GPIOPadConfigSet</name>
         <value>0x5781</value>
         <object_component_ref idref="oc-1f6"/>
      </symbol>
      <symbol id="sm-e1a">
         <name>PWMGenPeriodSet</name>
         <value>0x7515</value>
         <object_component_ref idref="oc-285"/>
      </symbol>
      <symbol id="sm-e1b">
         <name>PWMPulseWidthSet</name>
         <value>0x73b7</value>
         <object_component_ref idref="oc-291"/>
      </symbol>
      <symbol id="sm-e1c">
         <name>PWMGenPeriodGet</name>
         <value>0x74f1</value>
         <object_component_ref idref="oc-28b"/>
      </symbol>
      <symbol id="sm-e1d">
         <name>PWMOutputState</name>
         <value>0x7503</value>
         <object_component_ref idref="oc-297"/>
      </symbol>
      <symbol id="sm-e1e">
         <name>PWMGenEnable</name>
         <value>0x754f</value>
         <object_component_ref idref="oc-29d"/>
      </symbol>
      <symbol id="sm-e1f">
         <name>PWMGenConfigure</name>
         <value>0x72f7</value>
         <object_component_ref idref="oc-27f"/>
      </symbol>
      <symbol id="sm-ea3">
         <name>SysCtlPeripheralPresent</name>
         <value>0x70b1</value>
         <object_component_ref idref="oc-320"/>
      </symbol>
      <symbol id="sm-ea4">
         <name>SysCtlPeripheralEnable</name>
         <value>0x7121</value>
         <object_component_ref idref="oc-1bc"/>
      </symbol>
      <symbol id="sm-ea5">
         <name>SysCtlPWMClockSet</name>
         <value>0x7469</value>
         <object_component_ref idref="oc-273"/>
      </symbol>
      <symbol id="sm-ea6">
         <name>SysCtlClockFreqSet</name>
         <value>0x4825</value>
         <object_component_ref idref="oc-1b6"/>
      </symbol>
      <symbol id="sm-ee9">
         <name>UARTConfigSetExpClk</name>
         <value>0x6f21</value>
         <object_component_ref idref="oc-1d4"/>
      </symbol>
      <symbol id="sm-eea">
         <name>UARTDisable</name>
         <value>0x7319</value>
         <object_component_ref idref="oc-317"/>
      </symbol>
      <symbol id="sm-eeb">
         <name>UARTCharsAvail</name>
         <value>0x7533</value>
         <object_component_ref idref="oc-2a5"/>
      </symbol>
      <symbol id="sm-eec">
         <name>UARTClockSourceSet</name>
         <value>0x759d</value>
         <object_component_ref idref="oc-1ce"/>
      </symbol>
      <symbol id="sm-eed">
         <name>UARTCharPut</name>
         <value>0x7587</value>
         <object_component_ref idref="oc-1e0"/>
      </symbol>
      <symbol id="sm-eee">
         <name>UARTEnable</name>
         <value>0x747d</value>
         <object_component_ref idref="oc-1da"/>
      </symbol>
      <symbol id="sm-eef">
         <name>UARTCharGet</name>
         <value>0x757d</value>
         <object_component_ref idref="oc-2ab"/>
      </symbol>
      <symbol id="sm-ef1">
         <name>__TI_static_base__</name>
         <value>0x0</value>
      </symbol>
      <symbol id="sm-ef4">
         <name>SHT$$INIT_ARRAY$$Limit</name>
         <value>0x0</value>
      </symbol>
      <symbol id="sm-ef5">
         <name>SHT$$INIT_ARRAY$$Base</name>
         <value>0x0</value>
      </symbol>
      <symbol id="sm-ef6">
         <name>remove</name>
         <value>0x42d5</value>
      </symbol>
   </symbol_table>
   <title>Link successful</title>
</link_info>
